Archive member included to satisfy reference by file (symbol)

/opt/st/stm32cubeide_1.12.0/plugins/com.st.stm32cube.ide.mcu.externaltools.gnu-tools-for-stm32.10.3-2021.10.linux64_1.0.200.202301161003/tools/bin/../lib/gcc/arm-none-eabi/10.3.1/../../../../arm-none-eabi/lib/thumb/v7e-m+fp/hard/libc_nano.a(lib_a-errno.o)
                              ./Core/Src/syscalls.o (__errno)
/opt/st/stm32cubeide_1.12.0/plugins/com.st.stm32cube.ide.mcu.externaltools.gnu-tools-for-stm32.10.3-2021.10.linux64_1.0.200.202301161003/tools/bin/../lib/gcc/arm-none-eabi/10.3.1/../../../../arm-none-eabi/lib/thumb/v7e-m+fp/hard/libc_nano.a(lib_a-exit.o)
                              /opt/st/stm32cubeide_1.12.0/plugins/com.st.stm32cube.ide.mcu.externaltools.gnu-tools-for-stm32.10.3-2021.10.linux64_1.0.200.202301161003/tools/bin/../lib/gcc/arm-none-eabi/10.3.1/../../../../arm-none-eabi/lib/thumb/v7e-m+fp/hard/crt0.o (exit)
/opt/st/stm32cubeide_1.12.0/plugins/com.st.stm32cube.ide.mcu.externaltools.gnu-tools-for-stm32.10.3-2021.10.linux64_1.0.200.202301161003/tools/bin/../lib/gcc/arm-none-eabi/10.3.1/../../../../arm-none-eabi/lib/thumb/v7e-m+fp/hard/libc_nano.a(lib_a-findfp.o)
                              ./Middlewares/Third_Party/FreeRTOS/Source/tasks.o (__sf_fake_stderr)
/opt/st/stm32cubeide_1.12.0/plugins/com.st.stm32cube.ide.mcu.externaltools.gnu-tools-for-stm32.10.3-2021.10.linux64_1.0.200.202301161003/tools/bin/../lib/gcc/arm-none-eabi/10.3.1/../../../../arm-none-eabi/lib/thumb/v7e-m+fp/hard/libc_nano.a(lib_a-fwalk.o)
                              /opt/st/stm32cubeide_1.12.0/plugins/com.st.stm32cube.ide.mcu.externaltools.gnu-tools-for-stm32.10.3-2021.10.linux64_1.0.200.202301161003/tools/bin/../lib/gcc/arm-none-eabi/10.3.1/../../../../arm-none-eabi/lib/thumb/v7e-m+fp/hard/libc_nano.a(lib_a-findfp.o) (_fwalk)
/opt/st/stm32cubeide_1.12.0/plugins/com.st.stm32cube.ide.mcu.externaltools.gnu-tools-for-stm32.10.3-2021.10.linux64_1.0.200.202301161003/tools/bin/../lib/gcc/arm-none-eabi/10.3.1/../../../../arm-none-eabi/lib/thumb/v7e-m+fp/hard/libc_nano.a(lib_a-impure.o)
                              /opt/st/stm32cubeide_1.12.0/plugins/com.st.stm32cube.ide.mcu.externaltools.gnu-tools-for-stm32.10.3-2021.10.linux64_1.0.200.202301161003/tools/bin/../lib/gcc/arm-none-eabi/10.3.1/../../../../arm-none-eabi/lib/thumb/v7e-m+fp/hard/libc_nano.a(lib_a-exit.o) (_global_impure_ptr)
/opt/st/stm32cubeide_1.12.0/plugins/com.st.stm32cube.ide.mcu.externaltools.gnu-tools-for-stm32.10.3-2021.10.linux64_1.0.200.202301161003/tools/bin/../lib/gcc/arm-none-eabi/10.3.1/../../../../arm-none-eabi/lib/thumb/v7e-m+fp/hard/libc_nano.a(lib_a-init.o)
                              /opt/st/stm32cubeide_1.12.0/plugins/com.st.stm32cube.ide.mcu.externaltools.gnu-tools-for-stm32.10.3-2021.10.linux64_1.0.200.202301161003/tools/bin/../lib/gcc/arm-none-eabi/10.3.1/../../../../arm-none-eabi/lib/thumb/v7e-m+fp/hard/crt0.o (__libc_init_array)
/opt/st/stm32cubeide_1.12.0/plugins/com.st.stm32cube.ide.mcu.externaltools.gnu-tools-for-stm32.10.3-2021.10.linux64_1.0.200.202301161003/tools/bin/../lib/gcc/arm-none-eabi/10.3.1/../../../../arm-none-eabi/lib/thumb/v7e-m+fp/hard/libc_nano.a(lib_a-lock.o)
                              /opt/st/stm32cubeide_1.12.0/plugins/com.st.stm32cube.ide.mcu.externaltools.gnu-tools-for-stm32.10.3-2021.10.linux64_1.0.200.202301161003/tools/bin/../lib/gcc/arm-none-eabi/10.3.1/../../../../arm-none-eabi/lib/thumb/v7e-m+fp/hard/libc_nano.a(lib_a-findfp.o) (__retarget_lock_init_recursive)
/opt/st/stm32cubeide_1.12.0/plugins/com.st.stm32cube.ide.mcu.externaltools.gnu-tools-for-stm32.10.3-2021.10.linux64_1.0.200.202301161003/tools/bin/../lib/gcc/arm-none-eabi/10.3.1/../../../../arm-none-eabi/lib/thumb/v7e-m+fp/hard/libc_nano.a(lib_a-malloc.o)
                              ./Core/Src/rtc.o (malloc)
/opt/st/stm32cubeide_1.12.0/plugins/com.st.stm32cube.ide.mcu.externaltools.gnu-tools-for-stm32.10.3-2021.10.linux64_1.0.200.202301161003/tools/bin/../lib/gcc/arm-none-eabi/10.3.1/../../../../arm-none-eabi/lib/thumb/v7e-m+fp/hard/libc_nano.a(lib_a-memcpy-stub.o)
                              ./Middlewares/Third_Party/FreeRTOS/Source/queue.o (memcpy)
/opt/st/stm32cubeide_1.12.0/plugins/com.st.stm32cube.ide.mcu.externaltools.gnu-tools-for-stm32.10.3-2021.10.linux64_1.0.200.202301161003/tools/bin/../lib/gcc/arm-none-eabi/10.3.1/../../../../arm-none-eabi/lib/thumb/v7e-m+fp/hard/libc_nano.a(lib_a-memset.o)
                              /opt/st/stm32cubeide_1.12.0/plugins/com.st.stm32cube.ide.mcu.externaltools.gnu-tools-for-stm32.10.3-2021.10.linux64_1.0.200.202301161003/tools/bin/../lib/gcc/arm-none-eabi/10.3.1/../../../../arm-none-eabi/lib/thumb/v7e-m+fp/hard/crt0.o (memset)
/opt/st/stm32cubeide_1.12.0/plugins/com.st.stm32cube.ide.mcu.externaltools.gnu-tools-for-stm32.10.3-2021.10.linux64_1.0.200.202301161003/tools/bin/../lib/gcc/arm-none-eabi/10.3.1/../../../../arm-none-eabi/lib/thumb/v7e-m+fp/hard/libc_nano.a(lib_a-nano-freer.o)
[...]
Memory Configuration

Name             Origin             Length             Attributes
CCMRAM           0x0000000010000000 0x0000000000010000 xrw
RAM              0x0000000020000000 0x0000000000020000 xrw
FLASH            0x0000000008000000 0x0000000000100000 xr
*default*        0x0000000000000000 0xffffffffffffffff

Linker script and memory map

LOAD /opt/st/stm32cubeide_1.12.0/plugins/com.st.stm32cube.ide.mcu.externaltools.gnu-tools-for-stm32.10.3-2021.10.linux64_1.0.200.202301161003/tools/bin/../lib/gcc/arm-none-eabi/10.3.1/thumb/v7e-m+fp/hard/crti.o
LOAD /opt/st/stm32cubeide_1.12.0/plugins/com.st.stm32cube.ide.mcu.externaltools.gnu-tools-for-stm32.10.3-2021.10.linux64_1.0.200.202301161003/tools/bin/../lib/gcc/arm-none-eabi/10.3.1/thumb/v7e-m+fp/hard/crtbegin.o
LOAD /opt/st/stm32cubeide_1.12.0/plugins/com.st.stm32cube.ide.mcu.externaltools.gnu-tools-for-stm32.10.3-2021.10.linux64_1.0.200.202301161003/tools/bin/../lib/gcc/arm-none-eabi/10.3.1/../../../../arm-none-eabi/lib/thumb/v7e-m+fp/hard/crt0.o
LOAD ./Core/Src/UART_LIN.o
LOAD ./Core/Src/can.o
LOAD ./Core/Src/freertos.o
LOAD ./Core/Src/int.o
LOAD ./Core/Src/main.o
LOAD ./Core/Src/rtc.o
LOAD ./Core/Src/stm32f4xx_hal_msp.o
LOAD ./Core/Src/stm32f4xx_hal_timebase_tim.o
LOAD ./Core/Src/stm32f4xx_it.o
LOAD ./Core/Src/syscalls.o
LOAD ./Core/Src/sysmem.o
LOAD ./Core/Src/system_stm32f4xx.o
LOAD ./Core/Src/usart2.o
LOAD ./Core/Startup/startup_stm32f407vgtx.o
LOAD ./Drivers/STM32F4xx_HAL_Driver/Src/stm32f4xx_hal.o
LOAD ./Drivers/STM32F4xx_HAL_Driver/Src/stm32f4xx_hal_cortex.o
LOAD ./Drivers/STM32F4xx_HAL_Driver/Src/stm32f4xx_hal_dma.o
LOAD ./Drivers/STM32F4xx_HAL_Driver/Src/stm32f4xx_hal_dma_ex.o
LOAD ./Drivers/STM32F4xx_HAL_Driver/Src/stm32f4xx_hal_exti.o
LOAD ./Drivers/STM32F4xx_HAL_Driver/Src/stm32f4xx_hal_flash.o
LOAD ./Drivers/STM32F4xx_HAL_Driver/Src/stm32f4xx_hal_flash_ex.o
LOAD ./Drivers/STM32F4xx_HAL_Driver/Src/stm32f4xx_hal_flash_ramfunc.o
LOAD ./Drivers/STM32F4xx_HAL_Driver/Src/stm32f4xx_hal_gpio.o
LOAD ./Drivers/STM32F4xx_HAL_Driver/Src/stm32f4xx_hal_pwr.o
LOAD ./Drivers/STM32F4xx_HAL_Driver/Src/stm32f4xx_hal_pwr_ex.o
LOAD ./Drivers/STM32F4xx_HAL_Driver/Src/stm32f4xx_hal_rcc.o
LOAD ./Drivers/STM32F4xx_HAL_Driver/Src/stm32f4xx_hal_rcc_ex.o
LOAD ./Drivers/STM32F4xx_HAL_Driver/Src/stm32f4xx_hal_tim.o
LOAD ./Drivers/STM32F4xx_HAL_Driver/Src/stm32f4xx_hal_tim_ex.o
LOAD ./Middlewares/Third_Party/FreeRTOS/Source/CMSIS_RTOS/cmsis_os.o
LOAD ./Middlewares/Third_Party/FreeRTOS/Source/croutine.o
LOAD ./Middlewares/Third_Party/FreeRTOS/Source/event_groups.o
LOAD ./Middlewares/Third_Party/FreeRTOS/Source/list.o
LOAD ./Middlewares/Third_Party/FreeRTOS/Source/queue.o
LOAD ./Middlewares/Third_Party/FreeRTOS/Source/stream_buffer.o
LOAD ./Middlewares/Third_Party/FreeRTOS/Source/tasks.o
LOAD ./Middlewares/Third_Party/FreeRTOS/Source/timers.o
LOAD ./Middlewares/Third_Party/FreeRTOS/Source/portable/GCC/ARM_CM4F/port.o
LOAD ./Middlewares/Third_Party/FreeRTOS/Source/portable/MemMang/heap_4.o
START GROUP
LOAD /opt/st/stm32cubeide_1.12.0/plugins/com.st.stm32cube.ide.mcu.externaltools.gnu-tools-for-stm32.10.3-2021.10.linux64_1.0.200.202301161003/tools/bin/../lib/gcc/arm-none-eabi/10.3.1/../../../../arm-none-eabi/lib/thumb/v7e-m+fp/hard/libc_nano.a
LOAD /opt/st/stm32cubeide_1.12.0/plugins/com.st.stm32cube.ide.mcu.externaltools.gnu-tools-for-stm32.10.3-2021.10.linux64_1.0.200.202301161003/tools/bin/../lib/gcc/arm-none-eabi/10.3.1/../../../../arm-none-eabi/lib/thumb/v7e-m+fp/hard/libm.a
END GROUP
START GROUP
LOAD /opt/st/stm32cubeide_1.12.0/plugins/com.st.stm32cube.ide.mcu.externaltools.gnu-tools-for-stm32.10.3-2021.10.linux64_1.0.200.202301161003/tools/bin/../lib/gcc/arm-none-eabi/10.3.1/thumb/v7e-m+fp/hard/libgcc.a
LOAD /opt/st/stm32cubeide_1.12.0/plugins/com.st.stm32cube.ide.mcu.externaltools.gnu-tools-for-stm32.10.3-2021.10.linux64_1.0.200.202301161003/tools/bin/../lib/gcc/arm-none-eabi/10.3.1/../../../../arm-none-eabi/lib/thumb/v7e-m+fp/hard/libc_nano.a
END GROUP
START GROUP
LOAD /opt/st/stm32cubeide_1.12.0/plugins/com.st.stm32cube.ide.mcu.externaltools.gnu-tools-for-stm32.10.3-2021.10.linux64_1.0.200.202301161003/tools/bin/../lib/gcc/arm-none-eabi/10.3.1/thumb/v7e-m+fp/hard/libgcc.a
LOAD /opt/st/stm32cubeide_1.12.0/plugins/com.st.stm32cube.ide.mcu.externaltools.gnu-tools-for-stm32.10.3-2021.10.linux64_1.0.200.202301161003/tools/bin/../lib/gcc/arm-none-eabi/10.3.1/../../../../arm-none-eabi/lib/thumb/v7e-m+fp/hard/libc_nano.a
LOAD /opt/st/stm32cubeide_1.12.0/plugins/com.st.stm32cube.ide.mcu.externaltools.gnu-tools-for-stm32.10.3-2021.10.linux64_1.0.200.202301161003/tools/bin/../lib/gcc/arm-none-eabi/10.3.1/../../../../arm-none-eabi/lib/thumb/v7e-m+fp/hard/libnosys.a
END GROUP
START GROUP
LOAD /opt/st/stm32cubeide_1.12.0/plugins/com.st.stm32cube.ide.mcu.externaltools.gnu-tools-for-stm32.10.3-2021.10.linux64_1.0.200.202301161003/tools/bin/../lib/gcc/arm-none-eabi/10.3.1/thumb/v7e-m+fp/hard/libgcc.a
LOAD /opt/st/stm32cubeide_1.12.0/plugins/com.st.stm32cube.ide.mcu.externaltools.gnu-tools-for-stm32.10.3-2021.10.linux64_1.0.200.202301161003/tools/bin/../lib/gcc/arm-none-eabi/10.3.1/../../../../arm-none-eabi/lib/thumb/v7e-m+fp/hard/libc_nano.a
LOAD /opt/st/stm32cubeide_1.12.0/plugins/com.st.stm32cube.ide.mcu.externaltools.gnu-tools-for-stm32.10.3-2021.10.linux64_1.0.200.202301161003/tools/bin/../lib/gcc/arm-none-eabi/10.3.1/../../../../arm-none-eabi/lib/thumb/v7e-m+fp/hard/libnosys.a
END GROUP
LOAD /opt/st/stm32cubeide_1.12.0/plugins/com.st.stm32cube.ide.mcu.externaltools.gnu-tools-for-stm32.10.3-2021.10.linux64_1.0.200.202301161003/tools/bin/../lib/gcc/arm-none-eabi/10.3.1/thumb/v7e-m+fp/hard/crtend.o
LOAD /opt/st/stm32cubeide_1.12.0/plugins/com.st.stm32cube.ide.mcu.externaltools.gnu-tools-for-stm32.10.3-2021.10.linux64_1.0.200.202301161003/tools/bin/../lib/gcc/arm-none-eabi/10.3.1/thumb/v7e-m+fp/hard/crtn.o
                0x0000000020020000                _estack = (ORIGIN (RAM) + LENGTH (RAM))
                0x0000000000000200                _Min_Heap_Size = 0x200
                0x0000000000000400                _Min_Stack_Size = 0x400

.isr_vector     0x0000000008000000      0x188
                0x0000000008000000                . = ALIGN (0x4)
 *(.isr_vector)
 .isr_vector    0x0000000008000000      0x188 ./Core/Startup/startup_stm32f407vgtx.o
                0x0000000008000000                g_pfnVectors
                0x0000000008000188                . = ALIGN (0x4)

.text           0x0000000008000190     0x49a0
                0x0000000008000190                . = ALIGN (0x4)
 *(.text)
 .text          0x0000000008000190       0x40 /opt/st/stm32cubeide_1.12.0/plugins/com.st.stm32cube.ide.mcu.externaltools.gnu-tools-for-stm32.10.3-2021.10.linux64_1.0.200.202301161003/tools/bin/../lib/gcc/arm-none-eabi/10.3.1/thumb/v7e-m+fp/hard/crtbegin.o
 .text          0x00000000080001d0       0x30 /opt/st/stm32cubeide_1.12.0/plugins/com.st.stm32cube.ide.mcu.externaltools.gnu-tools-for-stm32.10.3-2021.10.linux64_1.0.200.202301161003/tools/bin/../lib/gcc/arm-none-eabi/10.3.1/thumb/v7e-m+fp/hard/libgcc.a(_aeabi_uldivmod.o)
                0x00000000080001d0                __aeabi_uldivmod
 .text          0x0000000008000200      0x2d0 /opt/st/stm32cubeide_1.12.0/plugins/com.st.stm32cube.ide.mcu.externaltools.gnu-tools-for-stm32.10.3-2021.10.linux64_1.0.200.202301161003/tools/bin/../lib/gcc/arm-none-eabi/10.3.1/thumb/v7e-m+fp/hard/libgcc.a(_udivmoddi4.o)
                0x0000000008000200                __udivmoddi4
 .text          0x00000000080004d0        0x4 /opt/st/stm32cubeide_1.12.0/plugins/com.st.stm32cube.ide.mcu.externaltools.gnu-tools-for-stm32.10.3-2021.10.linux64_1.0.200.202301161003/tools/bin/../lib/gcc/arm-none-eabi/10.3.1/thumb/v7e-m+fp/hard/libgcc.a(_dvmd_tls.o)
                0x00000000080004d0                __aeabi_ldiv0
                0x00000000080004d0                __aeabi_idiv0
 *(.text*)
 .text.SendResponse
                0x00000000080004d4       0x42 ./Core/Src/UART_LIN.o
 *fill*         0x0000000008000516        0x2 
 .text.slave_response
                0x0000000008000518      0x100 ./Core/Src/UART_LIN.o
                0x0000000008000518                slave_response
 .text.UART_PutChar
                0x0000000008000618       0x40 ./Core/Src/UART_LIN.o
                0x0000000008000618                UART_PutChar
 .text.checksum
                0x0000000008000658       0x56 ./Core/Src/UART_LIN.o
                0x0000000008000658                checksum
 *fill*         0x00000000080006ae        0x2 
 .text.Make_RTC_LIN_Frame
                0x00000000080006b0       0xdc ./Core/Src/UART_LIN.o
                0x00000000080006b0                Make_RTC_LIN_Frame
 .text.Send_LIN_To_CAN
                0x000000000800078c       0x6a ./Core/Src/UART_LIN.o
                0x000000000800078c                Send_LIN_To_CAN
 *fill*         0x00000000080007f6        0x2 
 .text.__NVIC_EnableIRQ
                0x00000000080007f8       0x3c ./Core/Src/can.o
 .text.__NVIC_SetPriority
                0x0000000008000834       0x54 ./Core/Src/can.o
 .text.CAN_Counter_Init
                0x0000000008000888       0x30 ./Core/Src/can.o
                0x0000000008000888                CAN_Counter_Init
 .text.CAN_GPIO_Init
                0x00000000080008b8       0xa8 ./Core/Src/can.o
                0x00000000080008b8                CAN_GPIO_Init
 .text.CAN_config
                0x0000000008000960      0x17c ./Core/Src/can.o
                0x0000000008000960                CAN_config
 .text.Configure_buttonInterrupt
                0x0000000008000adc       0x84 ./Core/Src/can.o
                0x0000000008000adc                Configure_buttonInterrupt
 .text.CAN_sendFrame
                0x0000000008000b60       0xa8 ./Core/Src/can.o
                0x0000000008000b60                CAN_sendFrame
 .text.EXTI0_IRQHandler
                0x0000000008000c08       0x28 ./Core/Src/can.o
                0x0000000008000c08                EXTI0_IRQHandler
 .text.EXTI0_buttonpressCallback
                0x0000000008000c30       0x20 ./Core/Src/can.o
                0x0000000008000c30                EXTI0_buttonpressCallback
 .text.CAN_frameFetch
                0x0000000008000c50       0xb8 ./Core/Src/can.o
                0x0000000008000c50                CAN_frameFetch
 .text.vApplicationGetIdleTaskMemory
                0x0000000008000d08       0x34 ./Core/Src/freertos.o
                0x0000000008000d08                vApplicationGetIdleTaskMemory
 .text.CAN1_RX0_IRQHandler
                0x0000000008000d3c       0x34 ./Core/Src/int.o
                0x0000000008000d3c                CAN1_RX0_IRQHandler
 .text.USART3_IRQHandler
                0x0000000008000d70       0x28 ./Core/Src/int.o
                0x0000000008000d70                USART3_IRQHandler
 .text.main     0x0000000008000d98      0x210 ./Core/Src/main.o
                0x0000000008000d98                main
 .text.SystemClock_Config
                0x0000000008000fa8       0xd4 ./Core/Src/main.o
                0x0000000008000fa8                SystemClock_Config
 .text.MX_GPIO_Init
                0x000000000800107c       0x50 ./Core/Src/main.o
 .text.StartDefaultTask
                0x00000000080010cc       0x10 ./Core/Src/main.o
                0x00000000080010cc                StartDefaultTask
 .text.can_reception
                0x00000000080010dc       0x14 ./Core/Src/main.o
                0x00000000080010dc                can_reception
 .text.can_send
                0x00000000080010f0       0x34 ./Core/Src/main.o
                0x00000000080010f0                can_send
 .text.can_process
                0x0000000008001124       0x2c ./Core/Src/main.o
                0x0000000008001124                can_process
 .text.lin_reception
                0x0000000008001150       0x10 ./Core/Src/main.o
                0x0000000008001150                lin_reception
 .text.lin_process
                0x0000000008001160       0x10 ./Core/Src/main.o
                0x0000000008001160                lin_process
 .text.lin_send
                0x0000000008001170       0x10 ./Core/Src/main.o
                0x0000000008001170                lin_send
 .text.HAL_TIM_PeriodElapsedCallback
                0x0000000008001180       0x24 ./Core/Src/main.o
                0x0000000008001180                HAL_TIM_PeriodElapsedCallback
 .text.Error_Handler
                0x00000000080011a4        0xa ./Core/Src/main.o
                0x00000000080011a4                Error_Handler
 .text.bcd_to_int
                0x00000000080011ae       0x38 ./Core/Src/rtc.o
                0x00000000080011ae                bcd_to_int
 *fill*         0x00000000080011e6        0x2 
 .text.HAL_MspInit
                0x00000000080011e8       0x58 ./Core/Src/stm32f4xx_hal_msp.o
                0x00000000080011e8                HAL_MspInit
 .text.HAL_InitTick
                0x0000000008001240       0xf8 ./Core/Src/stm32f4xx_hal_timebase_tim.o
                0x0000000008001240                HAL_InitTick
 .text.NMI_Handler
                0x0000000008001338        0x6 ./Core/Src/stm32f4xx_it.o
                0x0000000008001338                NMI_Handler
 .text.HardFault_Handler
                0x000000000800133e        0x6 ./Core/Src/stm32f4xx_it.o
                0x000000000800133e                HardFault_Handler
 .text.MemManage_Handler
                0x0000000008001344        0x6 ./Core/Src/stm32f4xx_it.o
                0x0000000008001344                MemManage_Handler
 .text.BusFault_Handler
                0x000000000800134a        0x6 ./Core/Src/stm32f4xx_it.o
                0x000000000800134a                BusFault_Handler
 .text.UsageFault_Handler
                0x0000000008001350        0x6 ./Core/Src/stm32f4xx_it.o
                0x0000000008001350                UsageFault_Handler
 .text.DebugMon_Handler
                0x0000000008001356        0xe ./Core/Src/stm32f4xx_it.o
                0x0000000008001356                DebugMon_Handler
 .text.TIM6_DAC_IRQHandler
                0x0000000008001364       0x14 ./Core/Src/stm32f4xx_it.o
                0x0000000008001364                TIM6_DAC_IRQHandler
 .text.SystemInit
                0x0000000008001378       0x24 ./Core/Src/system_stm32f4xx.o
                0x0000000008001378                SystemInit
 .text.USART2_IRQHandler
                0x000000000800139c       0x90 ./Core/Src/usart2.o
                0x000000000800139c                USART2_IRQHandler
 .text.handleTrameReceived
                0x000000000800142c       0x2a ./Core/Src/usart2.o
                0x000000000800142c                handleTrameReceived
 *fill*         0x0000000008001456        0x2 
 .text.Reset_Handler
                0x0000000008001458       0x50 ./Core/Startup/startup_stm32f407vgtx.o
                0x0000000008001458                Reset_Handler
 .text.Default_Handler
                0x00000000080014a8        0x2 ./Core/Startup/startup_stm32f407vgtx.o
                0x00000000080014a8                RTC_Alarm_IRQHandler
                0x00000000080014a8                HASH_RNG_IRQHandler
                0x00000000080014a8                EXTI2_IRQHandler
                0x00000000080014a8                TIM8_CC_IRQHandler
                0x00000000080014a8                TIM1_CC_IRQHandler
                0x00000000080014a8                DMA2_Stream5_IRQHandler
                0x00000000080014a8                DMA1_Stream5_IRQHandler
                0x00000000080014a8                PVD_IRQHandler
                0x00000000080014a8                SDIO_IRQHandler
                0x00000000080014a8                TAMP_STAMP_IRQHandler
                0x00000000080014a8                CAN2_RX1_IRQHandler
                0x00000000080014a8                EXTI3_IRQHandler
                0x00000000080014a8                TIM8_TRG_COM_TIM14_IRQHandler
                0x00000000080014a8                TIM1_UP_TIM10_IRQHandler
                0x00000000080014a8                TIM8_UP_TIM13_IRQHandler
                0x00000000080014a8                I2C3_ER_IRQHandler
                0x00000000080014a8                I2C2_EV_IRQHandler
                0x00000000080014a8                DMA1_Stream2_IRQHandler
                0x00000000080014a8                FPU_IRQHandler
                0x00000000080014a8                OTG_HS_WKUP_IRQHandler
                0x00000000080014a8                CAN2_SCE_IRQHandler
                0x00000000080014a8                DMA2_Stream2_IRQHandler
                0x00000000080014a8                SPI1_IRQHandler
                0x00000000080014a8                TIM1_BRK_TIM9_IRQHandler
                0x00000000080014a8                DCMI_IRQHandler
                0x00000000080014a8                CAN2_RX0_IRQHandler
                0x00000000080014a8                DMA2_Stream3_IRQHandler
                0x00000000080014a8                USART6_IRQHandler
                0x00000000080014a8                CAN1_RX1_IRQHandler
                0x00000000080014a8                UART5_IRQHandler
                0x00000000080014a8                DMA2_Stream0_IRQHandler
                0x00000000080014a8                TIM4_IRQHandler
                0x00000000080014a8                I2C1_EV_IRQHandler
                0x00000000080014a8                DMA1_Stream6_IRQHandler
                0x00000000080014a8                DMA1_Stream1_IRQHandler
                0x00000000080014a8                UART4_IRQHandler
                0x00000000080014a8                TIM3_IRQHandler
                0x00000000080014a8                RCC_IRQHandler
                0x00000000080014a8                TIM8_BRK_TIM12_IRQHandler
                0x00000000080014a8                Default_Handler
                0x00000000080014a8                EXTI15_10_IRQHandler
                0x00000000080014a8                ADC_IRQHandler
                0x00000000080014a8                DMA1_Stream7_IRQHandler
                0x00000000080014a8                TIM7_IRQHandler
                0x00000000080014a8                CAN2_TX_IRQHandler
                0x00000000080014a8                TIM5_IRQHandler
                0x00000000080014a8                DMA2_Stream7_IRQHandler
                0x00000000080014a8                I2C3_EV_IRQHandler
                0x00000000080014a8                EXTI9_5_IRQHandler
                0x00000000080014a8                RTC_WKUP_IRQHandler
                0x00000000080014a8                ETH_WKUP_IRQHandler
                0x00000000080014a8                SPI2_IRQHandler
                0x00000000080014a8                OTG_HS_EP1_IN_IRQHandler
                0x00000000080014a8                DMA1_Stream0_IRQHandler
                0x00000000080014a8                CAN1_TX_IRQHandler
                0x00000000080014a8                EXTI4_IRQHandler
                0x00000000080014a8                FSMC_IRQHandler
                0x00000000080014a8                ETH_IRQHandler
                0x00000000080014a8                OTG_HS_EP1_OUT_IRQHandler
                0x00000000080014a8                WWDG_IRQHandler
                0x00000000080014a8                TIM2_IRQHandler
                0x00000000080014a8                OTG_FS_WKUP_IRQHandler
                0x00000000080014a8                TIM1_TRG_COM_TIM11_IRQHandler
                0x00000000080014a8                OTG_HS_IRQHandler
                0x00000000080014a8                EXTI1_IRQHandler
                0x00000000080014a8                I2C2_ER_IRQHandler
                0x00000000080014a8                DMA2_Stream1_IRQHandler
                0x00000000080014a8                CAN1_SCE_IRQHandler
                0x00000000080014a8                FLASH_IRQHandler
                0x00000000080014a8                DMA2_Stream4_IRQHandler
                0x00000000080014a8                USART1_IRQHandler
                0x00000000080014a8                OTG_FS_IRQHandler
                0x00000000080014a8                SPI3_IRQHandler
                0x00000000080014a8                DMA1_Stream4_IRQHandler
                0x00000000080014a8                I2C1_ER_IRQHandler
                0x00000000080014a8                DMA2_Stream6_IRQHandler
                0x00000000080014a8                DMA1_Stream3_IRQHandler
 *fill*         0x00000000080014aa        0x2 
 .text.HAL_Init
                0x00000000080014ac       0x44 ./Drivers/STM32F4xx_HAL_Driver/Src/stm32f4xx_hal.o
                0x00000000080014ac                HAL_Init
 .text.HAL_IncTick
                0x00000000080014f0       0x28 ./Drivers/STM32F4xx_HAL_Driver/Src/stm32f4xx_hal.o
                0x00000000080014f0                HAL_IncTick
 .text.HAL_GetTick
                0x0000000008001518       0x18 ./Drivers/STM32F4xx_HAL_Driver/Src/stm32f4xx_hal.o
                0x0000000008001518                HAL_GetTick
 .text.__NVIC_SetPriorityGrouping
                0x0000000008001530       0x48 ./Drivers/STM32F4xx_HAL_Driver/Src/stm32f4xx_hal_cortex.o
 .text.__NVIC_GetPriorityGrouping
                0x0000000008001578       0x1c ./Drivers/STM32F4xx_HAL_Driver/Src/stm32f4xx_hal_cortex.o
 .text.__NVIC_EnableIRQ
                0x0000000008001594       0x3c ./Drivers/STM32F4xx_HAL_Driver/Src/stm32f4xx_hal_cortex.o
 .text.__NVIC_SetPriority
                0x00000000080015d0       0x54 ./Drivers/STM32F4xx_HAL_Driver/Src/stm32f4xx_hal_cortex.o
 .text.NVIC_EncodePriority
                0x0000000008001624       0x66 ./Drivers/STM32F4xx_HAL_Driver/Src/stm32f4xx_hal_cortex.o
 .text.HAL_NVIC_SetPriorityGrouping
                0x000000000800168a       0x16 ./Drivers/STM32F4xx_HAL_Driver/Src/stm32f4xx_hal_cortex.o
                0x000000000800168a                HAL_NVIC_SetPriorityGrouping
 .text.HAL_NVIC_SetPriority
                0x00000000080016a0       0x38 ./Drivers/STM32F4xx_HAL_Driver/Src/stm32f4xx_hal_cortex.o
                0x00000000080016a0                HAL_NVIC_SetPriority
 .text.HAL_NVIC_EnableIRQ
                0x00000000080016d8       0x1c ./Drivers/STM32F4xx_HAL_Driver/Src/stm32f4xx_hal_cortex.o
                0x00000000080016d8                HAL_NVIC_EnableIRQ
 .text.HAL_RCC_OscConfig
                0x00000000080016f4      0x4f0 ./Drivers/STM32F4xx_HAL_Driver/Src/stm32f4xx_hal_rcc.o
                0x00000000080016f4                HAL_RCC_OscConfig
 .text.HAL_RCC_ClockConfig
                0x0000000008001be4      0x1cc ./Drivers/STM32F4xx_HAL_Driver/Src/stm32f4xx_hal_rcc.o
                0x0000000008001be4                HAL_RCC_ClockConfig
 .text.HAL_RCC_GetSysClockFreq
                0x0000000008001db0      0x20c ./Drivers/STM32F4xx_HAL_Driver/Src/stm32f4xx_hal_rcc.o
                0x0000000008001db0                HAL_RCC_GetSysClockFreq
 .text.HAL_RCC_GetHCLKFreq
                0x0000000008001fbc       0x18 ./Drivers/STM32F4xx_HAL_Driver/Src/stm32f4xx_hal_rcc.o
                0x0000000008001fbc                HAL_RCC_GetHCLKFreq
 .text.HAL_RCC_GetPCLK1Freq
                0x0000000008001fd4       0x28 ./Drivers/STM32F4xx_HAL_Driver/Src/stm32f4xx_hal_rcc.o
                0x0000000008001fd4                HAL_RCC_GetPCLK1Freq
 .text.HAL_RCC_GetClockConfig
                0x0000000008001ffc       0x64 ./Drivers/STM32F4xx_HAL_Driver/Src/stm32f4xx_hal_rcc.o
                0x0000000008001ffc                HAL_RCC_GetClockConfig
 .text.HAL_TIM_Base_Init
                0x0000000008002060       0x9e ./Drivers/STM32F4xx_HAL_Driver/Src/stm32f4xx_hal_tim.o
                0x0000000008002060                HAL_TIM_Base_Init
 .text.HAL_TIM_Base_MspInit
                0x00000000080020fe       0x14 ./Drivers/STM32F4xx_HAL_Driver/Src/stm32f4xx_hal_tim.o
                0x00000000080020fe                HAL_TIM_Base_MspInit
 *fill*         0x0000000008002112        0x2 
 .text.HAL_TIM_Base_Start_IT
                0x0000000008002114       0xe0 ./Drivers/STM32F4xx_HAL_Driver/Src/stm32f4xx_hal_tim.o
                0x0000000008002114                HAL_TIM_Base_Start_IT
 .text.HAL_TIM_IRQHandler
                0x00000000080021f4      0x210 ./Drivers/STM32F4xx_HAL_Driver/Src/stm32f4xx_hal_tim.o
                0x00000000080021f4                HAL_TIM_IRQHandler
 .text.HAL_TIM_OC_DelayElapsedCallback
                0x0000000008002404       0x14 ./Drivers/STM32F4xx_HAL_Driver/Src/stm32f4xx_hal_tim.o
                0x0000000008002404                HAL_TIM_OC_DelayElapsedCallback
 .text.HAL_TIM_IC_CaptureCallback
                0x0000000008002418       0x14 ./Drivers/STM32F4xx_HAL_Driver/Src/stm32f4xx_hal_tim.o
                0x0000000008002418                HAL_TIM_IC_CaptureCallback
 .text.HAL_TIM_PWM_PulseFinishedCallback
                0x000000000800242c       0x14 ./Drivers/STM32F4xx_HAL_Driver/Src/stm32f4xx_hal_tim.o
                0x000000000800242c                HAL_TIM_PWM_PulseFinishedCallback
 .text.HAL_TIM_TriggerCallback
                0x0000000008002440       0x14 ./Drivers/STM32F4xx_HAL_Driver/Src/stm32f4xx_hal_tim.o
                0x0000000008002440                HAL_TIM_TriggerCallback
 .text.TIM_Base_SetConfig
                0x0000000008002454      0x140 ./Drivers/STM32F4xx_HAL_Driver/Src/stm32f4xx_hal_tim.o
                0x0000000008002454                TIM_Base_SetConfig
 .text.HAL_TIMEx_CommutCallback
                0x0000000008002594       0x14 ./Drivers/STM32F4xx_HAL_Driver/Src/stm32f4xx_hal_tim_ex.o
                0x0000000008002594                HAL_TIMEx_CommutCallback
 .text.HAL_TIMEx_BreakCallback
                0x00000000080025a8       0x14 ./Drivers/STM32F4xx_HAL_Driver/Src/stm32f4xx_hal_tim_ex.o
                0x00000000080025a8                HAL_TIMEx_BreakCallback
 .text.makeFreeRtosPriority
                0x00000000080025bc       0x30 ./Middlewares/Third_Party/FreeRTOS/Source/CMSIS_RTOS/cmsis_os.o
 .text.inHandlerMode
                0x00000000080025ec       0x24 ./Middlewares/Third_Party/FreeRTOS/Source/CMSIS_RTOS/cmsis_os.o
 .text.osKernelStart
                0x0000000008002610        0xe ./Middlewares/Third_Party/FreeRTOS/Source/CMSIS_RTOS/cmsis_os.o
                0x0000000008002610                osKernelStart
 .text.osThreadCreate
                0x000000000800261e       0x98 ./Middlewares/Third_Party/FreeRTOS/Source/CMSIS_RTOS/cmsis_os.o
                0x000000000800261e                osThreadCreate
 .text.osThreadGetId
                0x00000000080026b6        0xe ./Middlewares/Third_Party/FreeRTOS/Source/CMSIS_RTOS/cmsis_os.o
                0x00000000080026b6                osThreadGetId
 .text.osDelay  0x00000000080026c4       0x28 ./Middlewares/Third_Party/FreeRTOS/Source/CMSIS_RTOS/cmsis_os.o
                0x00000000080026c4                osDelay
 .text.osSignalSet
                0x00000000080026ec       0x80 ./Middlewares/Third_Party/FreeRTOS/Source/CMSIS_RTOS/cmsis_os.o
                0x00000000080026ec                osSignalSet
 .text.osMessageCreate
                0x000000000800276c       0x50 ./Middlewares/Third_Party/FreeRTOS/Source/CMSIS_RTOS/cmsis_os.o
                0x000000000800276c                osMessageCreate
 .text.osMessageGet
                0x00000000080027bc       0xe8 ./Middlewares/Third_Party/FreeRTOS/Source/CMSIS_RTOS/cmsis_os.o
                0x00000000080027bc                osMessageGet
 .text.vListInitialise
                0x00000000080028a4       0x40 ./Middlewares/Third_Party/FreeRTOS/Source/list.o
                0x00000000080028a4                vListInitialise
 .text.vListInitialiseItem
                0x00000000080028e4       0x1a ./Middlewares/Third_Party/FreeRTOS/Source/list.o
                0x00000000080028e4                vListInitialiseItem
 .text.vListInsertEnd
                0x00000000080028fe       0x48 ./Middlewares/Third_Party/FreeRTOS/Source/list.o
                0x00000000080028fe                vListInsertEnd
 .text.vListInsert
                0x0000000008002946       0x72 ./Middlewares/Third_Party/FreeRTOS/Source/list.o
                0x0000000008002946                vListInsert
 .text.uxListRemove
                0x00000000080029b8       0x54 ./Middlewares/Third_Party/FreeRTOS/Source/list.o
                0x00000000080029b8                uxListRemove
 .text.xQueueGenericReset
                0x0000000008002a0c       0xd0 ./Middlewares/Third_Party/FreeRTOS/Source/queue.o
                0x0000000008002a0c                xQueueGenericReset
 .text.xQueueGenericCreateStatic
                0x0000000008002adc       0xf0 ./Middlewares/Third_Party/FreeRTOS/Source/queue.o
                0x0000000008002adc                xQueueGenericCreateStatic
 .text.xQueueGenericCreate
                0x0000000008002bcc       0x74 ./Middlewares/Third_Party/FreeRTOS/Source/queue.o
                0x0000000008002bcc                xQueueGenericCreate
 .text.prvInitialiseNewQueue
                0x0000000008002c40       0x3e ./Middlewares/Third_Party/FreeRTOS/Source/queue.o
 *fill*         0x0000000008002c7e        0x2 
 .text.xQueueReceive
                0x0000000008002c80      0x1c0 ./Middlewares/Third_Party/FreeRTOS/Source/queue.o
                0x0000000008002c80                xQueueReceive
 .text.xQueueReceiveFromISR
                0x0000000008002e40      0x100 ./Middlewares/Third_Party/FreeRTOS/Source/queue.o
                0x0000000008002e40                xQueueReceiveFromISR
 .text.prvCopyDataFromQueue
                0x0000000008002f40       0x4c ./Middlewares/Third_Party/FreeRTOS/Source/queue.o
 .text.prvUnlockQueue
                0x0000000008002f8c       0xa4 ./Middlewares/Third_Party/FreeRTOS/Source/queue.o
 .text.prvIsQueueEmpty
                0x0000000008003030       0x2c ./Middlewares/Third_Party/FreeRTOS/Source/queue.o
 .text.xTaskCreateStatic
                0x000000000800305c       0xba ./Middlewares/Third_Party/FreeRTOS/Source/tasks.o
                0x000000000800305c                xTaskCreateStatic
 .text.xTaskCreate
                0x0000000008003116       0x8a ./Middlewares/Third_Party/FreeRTOS/Source/tasks.o
                0x0000000008003116                xTaskCreate
 .text.prvInitialiseNewTask
                0x00000000080031a0      0x13c ./Middlewares/Third_Party/FreeRTOS/Source/tasks.o
 .text.prvAddNewTaskToReadyList
                0x00000000080032dc       0xd4 ./Middlewares/Third_Party/FreeRTOS/Source/tasks.o
 .text.vTaskDelay
                0x00000000080033b0       0x68 ./Middlewares/Third_Party/FreeRTOS/Source/tasks.o
                0x00000000080033b0                vTaskDelay
 .text.vTaskStartScheduler
                0x0000000008003418       0xd4 ./Middlewares/Third_Party/FreeRTOS/Source/tasks.o
                0x0000000008003418                vTaskStartScheduler
 .text.vTaskSuspendAll
                0x00000000080034ec       0x1c ./Middlewares/Third_Party/FreeRTOS/Source/tasks.o
                0x00000000080034ec                vTaskSuspendAll
 .text.xTaskResumeAll
                0x0000000008003508      0x138 ./Middlewares/Third_Party/FreeRTOS/Source/tasks.o
                0x0000000008003508                xTaskResumeAll
 .text.xTaskIncrementTick
                0x0000000008003640      0x170 ./Middlewares/Third_Party/FreeRTOS/Source/tasks.o
                0x0000000008003640                xTaskIncrementTick
 .text.vTaskSwitchContext
                0x00000000080037b0       0xc4 ./Middlewares/Third_Party/FreeRTOS/Source/tasks.o
                0x00000000080037b0                vTaskSwitchContext
 .text.vTaskPlaceOnEventList
                0x0000000008003874       0x48 ./Middlewares/Third_Party/FreeRTOS/Source/tasks.o
                0x0000000008003874                vTaskPlaceOnEventList
 .text.xTaskRemoveFromEventList
                0x00000000080038bc       0xc4 ./Middlewares/Third_Party/FreeRTOS/Source/tasks.o
                0x00000000080038bc                xTaskRemoveFromEventList
 .text.vTaskInternalSetTimeOutState
                0x0000000008003980       0x2c ./Middlewares/Third_Party/FreeRTOS/Source/tasks.o
                0x0000000008003980                vTaskInternalSetTimeOutState
 .text.xTaskCheckForTimeOut
                0x00000000080039ac       0xc4 ./Middlewares/Third_Party/FreeRTOS/Source/tasks.o
                0x00000000080039ac                xTaskCheckForTimeOut
 .text.vTaskMissedYield
                0x0000000008003a70       0x18 ./Middlewares/Third_Party/FreeRTOS/Source/tasks.o
                0x0000000008003a70                vTaskMissedYield
 .text.prvIdleTask
                0x0000000008003a88       0x30 ./Middlewares/Third_Party/FreeRTOS/Source/tasks.o
 .text.prvInitialiseTaskLists
                0x0000000008003ab8       0x80 ./Middlewares/Third_Party/FreeRTOS/Source/tasks.o
 .text.prvCheckTasksWaitingTermination
                0x0000000008003b38       0x5c ./Middlewares/Third_Party/FreeRTOS/Source/tasks.o
 .text.prvDeleteTCB
                0x0000000008003b94       0x68 ./Middlewares/Third_Party/FreeRTOS/Source/tasks.o
 .text.prvResetNextTaskUnblockTime
                0x0000000008003bfc       0x40 ./Middlewares/Third_Party/FreeRTOS/Source/tasks.o
 .text.xTaskGetCurrentTaskHandle
                0x0000000008003c3c       0x20 ./Middlewares/Third_Party/FreeRTOS/Source/tasks.o
                0x0000000008003c3c                xTaskGetCurrentTaskHandle
 .text.xTaskGetSchedulerState
                0x0000000008003c5c       0x3c ./Middlewares/Third_Party/FreeRTOS/Source/tasks.o
                0x0000000008003c5c                xTaskGetSchedulerState
 .text.xTaskGenericNotify
                0x0000000008003c98      0x17c ./Middlewares/Third_Party/FreeRTOS/Source/tasks.o
                0x0000000008003c98                xTaskGenericNotify
 .text.xTaskGenericNotifyFromISR
                0x0000000008003e14      0x1c8 ./Middlewares/Third_Party/FreeRTOS/Source/tasks.o
                0x0000000008003e14                xTaskGenericNotifyFromISR
 .text.prvAddCurrentTaskToDelayedList
                0x0000000008003fdc       0xcc ./Middlewares/Third_Party/FreeRTOS/Source/tasks.o
 .text.pxPortInitialiseStack
                0x00000000080040a8       0x68 ./Middlewares/Third_Party/FreeRTOS/Source/portable/GCC/ARM_CM4F/port.o
                0x00000000080040a8                pxPortInitialiseStack
 .text.prvTaskExitError
                0x0000000008004110       0x58 ./Middlewares/Third_Party/FreeRTOS/Source/portable/GCC/ARM_CM4F/port.o
 *fill*         0x0000000008004168        0x8 
 .text.SVC_Handler
                0x0000000008004170       0x28 ./Middlewares/Third_Party/FreeRTOS/Source/portable/GCC/ARM_CM4F/port.o
                0x0000000008004170                SVC_Handler
 .text.prvPortStartFirstTask
                0x0000000008004198       0x28 ./Middlewares/Third_Party/FreeRTOS/Source/portable/GCC/ARM_CM4F/port.o
 .text.xPortStartScheduler
                0x00000000080041c0      0x144 ./Middlewares/Third_Party/FreeRTOS/Source/portable/GCC/ARM_CM4F/port.o
                0x00000000080041c0                xPortStartScheduler
 .text.vPortEnterCritical
                0x0000000008004304       0x60 ./Middlewares/Third_Party/FreeRTOS/Source/portable/GCC/ARM_CM4F/port.o
                0x0000000008004304                vPortEnterCritical
 .text.vPortExitCritical
                0x0000000008004364       0x54 ./Middlewares/Third_Party/FreeRTOS/Source/portable/GCC/ARM_CM4F/port.o
                0x0000000008004364                vPortExitCritical
 *fill*         0x00000000080043b8        0x8 
 .text.PendSV_Handler
                0x00000000080043c0       0x68 ./Middlewares/Third_Party/FreeRTOS/Source/portable/GCC/ARM_CM4F/port.o
                0x00000000080043c0                PendSV_Handler
 .text.SysTick_Handler
                0x0000000008004428       0x44 ./Middlewares/Third_Party/FreeRTOS/Source/portable/GCC/ARM_CM4F/port.o
                0x0000000008004428                SysTick_Handler
 .text.vPortSetupTimerInterrupt
                0x000000000800446c       0x48 ./Middlewares/Third_Party/FreeRTOS/Source/portable/GCC/ARM_CM4F/port.o
                0x000000000800446c                vPortSetupTimerInterrupt
 .text.vPortEnableVFP
                0x00000000080044b4       0x14 ./Middlewares/Third_Party/FreeRTOS/Source/portable/GCC/ARM_CM4F/port.o
 .text.vPortValidateInterruptPriority
                0x00000000080044c8       0x80 ./Middlewares/Third_Party/FreeRTOS/Source/portable/GCC/ARM_CM4F/port.o
                0x00000000080044c8                vPortValidateInterruptPriority
 .text.pvPortMalloc
                0x0000000008004548      0x198 ./Middlewares/Third_Party/FreeRTOS/Source/portable/MemMang/heap_4.o
                0x0000000008004548                pvPortMalloc
 .text.vPortFree
                0x00000000080046e0       0xc4 ./Middlewares/Third_Party/FreeRTOS/Source/portable/MemMang/heap_4.o
                0x00000000080046e0                vPortFree
 .text.prvHeapInit
                0x00000000080047a4       0xc4 ./Middlewares/Third_Party/FreeRTOS/Source/portable/MemMang/heap_4.o
 .text.prvInsertBlockIntoFreeList
                0x0000000008004868       0xb4 ./Middlewares/Third_Party/FreeRTOS/Source/portable/MemMang/heap_4.o
 .text.__libc_init_array
                0x000000000800491c       0x48 /opt/st/stm32cubeide_1.12.0/plugins/com.st.stm32cube.ide.mcu.externaltools.gnu-tools-for-stm32.10.3-2021.10.linux64_1.0.200.202301161003/tools/bin/../lib/gcc/arm-none-eabi/10.3.1/../../../../arm-none-eabi/lib/thumb/v7e-m+fp/hard/libc_nano.a(lib_a-init.o)
                0x000000000800491c                __libc_init_array
 .text.__retarget_lock_acquire_recursive
                0x0000000008004964        0x2 /opt/st/stm32cubeide_1.12.0/plugins/com.st.stm32cube.ide.mcu.externaltools.gnu-tools-for-stm32.10.3-2021.10.linux64_1.0.200.202301161003/tools/bin/../lib/gcc/arm-none-eabi/10.3.1/../../../../arm-none-eabi/lib/thumb/v7e-m+fp/hard/libc_nano.a(lib_a-lock.o)
                0x0000000008004964                __retarget_lock_acquire_recursive
 .text.__retarget_lock_release_recursive
                0x0000000008004966        0x2 /opt/st/stm32cubeide_1.12.0/plugins/com.st.stm32cube.ide.mcu.externaltools.gnu-tools-for-stm32.10.3-2021.10.linux64_1.0.200.202301161003/tools/bin/../lib/gcc/arm-none-eabi/10.3.1/../../../../arm-none-eabi/lib/thumb/v7e-m+fp/hard/libc_nano.a(lib_a-lock.o)
                0x0000000008004966                __retarget_lock_release_recursive
 .text.memcpy   0x0000000008004968       0x1c /opt/st/stm32cubeide_1.12.0/plugins/com.st.stm32cube.ide.mcu.externaltools.gnu-tools-for-stm32.10.3-2021.10.linux64_1.0.200.202301161003/tools/bin/../lib/gcc/arm-none-eabi/10.3.1/../../../../arm-none-eabi/lib/thumb/v7e-m+fp/hard/libc_nano.a(lib_a-memcpy-stub.o)
                0x0000000008004968                memcpy
 .text.memset   0x0000000008004984       0x10 /opt/st/stm32cubeide_1.12.0/plugins/com.st.stm32cube.ide.mcu.externaltools.gnu-tools-for-stm32.10.3-2021.10.linux64_1.0.200.202301161003/tools/bin/../lib/gcc/arm-none-eabi/10.3.1/../../../../arm-none-eabi/lib/thumb/v7e-m+fp/hard/libc_nano.a(lib_a-memset.o)
                0x0000000008004984                memset
 .text._free_r  0x0000000008004994       0x98 /opt/st/stm32cubeide_1.12.0/plugins/com.st.stm32cube.ide.mcu.externaltools.gnu-tools-for-stm32.10.3-2021.10.linux64_1.0.200.202301161003/tools/bin/../lib/gcc/arm-none-eabi/10.3.1/../../../../arm-none-eabi/lib/thumb/v7e-m+fp/hard/libc_nano.a(lib_a-nano-freer.o)
                0x0000000008004994                _free_r
 .text.cleanup_glue
                0x0000000008004a2c       0x1a /opt/st/stm32cubeide_1.12.0/plugins/com.st.stm32cube.ide.mcu.externaltools.gnu-tools-for-stm32.10.3-2021.10.linux64_1.0.200.202301161003/tools/bin/../lib/gcc/arm-none-eabi/10.3.1/../../../../arm-none-eabi/lib/thumb/v7e-m+fp/hard/libc_nano.a(lib_a-reent.o)
                0x0000000008004a2c                cleanup_glue
 *fill*         0x0000000008004a46        0x2 
 .text._reclaim_reent
                0x0000000008004a48       0xb8 /opt/st/stm32cubeide_1.12.0/plugins/com.st.stm32cube.ide.mcu.externaltools.gnu-tools-for-stm32.10.3-2021.10.linux64_1.0.200.202301161003/tools/bin/../lib/gcc/arm-none-eabi/10.3.1/../../../../arm-none-eabi/lib/thumb/v7e-m+fp/hard/libc_nano.a(lib_a-reent.o)
                0x0000000008004a48                _reclaim_reent
 .text.__malloc_lock
                0x0000000008004b00        0xc /opt/st/stm32cubeide_1.12.0/plugins/com.st.stm32cube.ide.mcu.externaltools.gnu-tools-for-stm32.10.3-2021.10.linux64_1.0.200.202301161003/tools/bin/../lib/gcc/arm-none-eabi/10.3.1/../../../../arm-none-eabi/lib/thumb/v7e-m+fp/hard/libc_nano.a(lib_a-mlock.o)
                0x0000000008004b00                __malloc_lock
 .text.__malloc_unlock
                0x0000000008004b0c        0xc /opt/st/stm32cubeide_1.12.0/plugins/com.st.stm32cube.ide.mcu.externaltools.gnu-tools-for-stm32.10.3-2021.10.linux64_1.0.200.202301161003/tools/bin/../lib/gcc/arm-none-eabi/10.3.1/../../../../arm-none-eabi/lib/thumb/v7e-m+fp/hard/libc_nano.a(lib_a-mlock.o)
                0x0000000008004b0c                __malloc_unlock
 *(.glue_7)
 .glue_7        0x0000000008004b18        0x0 linker stubs
 *(.glue_7t)
 .glue_7t       0x0000000008004b18        0x0 linker stubs
 *(.eh_frame)
 .eh_frame      0x0000000008004b18        0x0 /opt/st/stm32cubeide_1.12.0/plugins/com.st.stm32cube.ide.mcu.externaltools.gnu-tools-for-stm32.10.3-2021.10.linux64_1.0.200.202301161003/tools/bin/../lib/gcc/arm-none-eabi/10.3.1/thumb/v7e-m+fp/hard/crtbegin.o
 *(.init)
 .init          0x0000000008004b18        0x4 /opt/st/stm32cubeide_1.12.0/plugins/com.st.stm32cube.ide.mcu.externaltools.gnu-tools-for-stm32.10.3-2021.10.linux64_1.0.200.202301161003/tools/bin/../lib/gcc/arm-none-eabi/10.3.1/thumb/v7e-m+fp/hard/crti.o
                0x0000000008004b18                _init
 .init          0x0000000008004b1c        0x8 /opt/st/stm32cubeide_1.12.0/plugins/com.st.stm32cube.ide.mcu.externaltools.gnu-tools-for-stm32.10.3-2021.10.linux64_1.0.200.202301161003/tools/bin/../lib/gcc/arm-none-eabi/10.3.1/thumb/v7e-m+fp/hard/crtn.o
 *(.fini)
 .fini          0x0000000008004b24        0x4 /opt/st/stm32cubeide_1.12.0/plugins/com.st.stm32cube.ide.mcu.externaltools.gnu-tools-for-stm32.10.3-2021.10.linux64_1.0.200.202301161003/tools/bin/../lib/gcc/arm-none-eabi/10.3.1/thumb/v7e-m+fp/hard/crti.o
                0x0000000008004b24                _fini
 .fini          0x0000000008004b28        0x8 /opt/st/stm32cubeide_1.12.0/plugins/com.st.stm32cube.ide.mcu.externaltools.gnu-tools-for-stm32.10.3-2021.10.linux64_1.0.200.202301161003/tools/bin/../lib/gcc/arm-none-eabi/10.3.1/thumb/v7e-m+fp/hard/crtn.o
                0x0000000008004b30                . = ALIGN (0x4)
                0x0000000008004b30                _etext = .

.vfp11_veneer   0x0000000008004b30        0x0
 .vfp11_veneer  0x0000000008004b30        0x0 linker stubs

.v4_bx          0x0000000008004b30        0x0
 .v4_bx         0x0000000008004b30        0x0 linker stubs

.iplt           0x0000000008004b30        0x0
 .iplt          0x0000000008004b30        0x0 /opt/st/stm32cubeide_1.12.0/plugins/com.st.stm32cube.ide.mcu.externaltools.gnu-tools-for-stm32.10.3-2021.10.linux64_1.0.200.202301161003/tools/bin/../lib/gcc/arm-none-eabi/10.3.1/thumb/v7e-m+fp/hard/crtbegin.o

.rodata         0x0000000008004b30      0x1d0
                0x0000000008004b30                . = ALIGN (0x4)
 *(.rodata)
 .rodata        0x0000000008004b30      0x150 ./Core/Src/main.o
 .rodata        0x0000000008004c80        0x5 ./Middlewares/Third_Party/FreeRTOS/Source/tasks.o
 *(.rodata*)
 *fill*         0x0000000008004c85        0x3 
 .rodata.AHBPrescTable
                0x0000000008004c88       0x10 ./Core/Src/system_stm32f4xx.o
                0x0000000008004c88                AHBPrescTable
 .rodata.APBPrescTable
                0x0000000008004c98        0x8 ./Core/Src/system_stm32f4xx.o
                0x0000000008004c98                APBPrescTable
 .rodata.__sf_fake_stderr
                0x0000000008004ca0       0x20 /opt/st/stm32cubeide_1.12.0/plugins/com.st.stm32cube.ide.mcu.externaltools.gnu-tools-for-stm32.10.3-2021.10.linux64_1.0.200.202301161003/tools/bin/../lib/gcc/arm-none-eabi/10.3.1/../../../../arm-none-eabi/lib/thumb/v7e-m+fp/hard/libc_nano.a(lib_a-findfp.o)
                0x0000000008004ca0                __sf_fake_stderr
 .rodata.__sf_fake_stdin
                0x0000000008004cc0       0x20 /opt/st/stm32cubeide_1.12.0/plugins/com.st.stm32cube.ide.mcu.externaltools.gnu-tools-for-stm32.10.3-2021.10.linux64_1.0.200.202301161003/tools/bin/../lib/gcc/arm-none-eabi/10.3.1/../../../../arm-none-eabi/lib/thumb/v7e-m+fp/hard/libc_nano.a(lib_a-findfp.o)
                0x0000000008004cc0                __sf_fake_stdin
 .rodata.__sf_fake_stdout
                0x0000000008004ce0       0x20 /opt/st/stm32cubeide_1.12.0/plugins/com.st.stm32cube.ide.mcu.externaltools.gnu-tools-for-stm32.10.3-2021.10.linux64_1.0.200.202301161003/tools/bin/../lib/gcc/arm-none-eabi/10.3.1/../../../../arm-none-eabi/lib/thumb/v7e-m+fp/hard/libc_nano.a(lib_a-findfp.o)
                0x0000000008004ce0                __sf_fake_stdout
                0x0000000008004d00                . = ALIGN (0x4)

.ARM.extab      0x0000000008004d00        0x0
                0x0000000008004d00                . = ALIGN (0x4)
 *(.ARM.extab* .gnu.linkonce.armextab.*)
                0x0000000008004d00                . = ALIGN (0x4)

.ARM            0x0000000008004d00        0x8
                0x0000000008004d00                . = ALIGN (0x4)
                0x0000000008004d00                __exidx_start = .
 *(.ARM.exidx*)
 .ARM.exidx     0x0000000008004d00        0x8 /opt/st/stm32cubeide_1.12.0/plugins/com.st.stm32cube.ide.mcu.externaltools.gnu-tools-for-stm32.10.3-2021.10.linux64_1.0.200.202301161003/tools/bin/../lib/gcc/arm-none-eabi/10.3.1/thumb/v7e-m+fp/hard/libgcc.a(_udivmoddi4.o)
                0x0000000008004d08                __exidx_end = .
                0x0000000008004d08                . = ALIGN (0x4)

.rel.dyn        0x0000000008004d08        0x0
 .rel.iplt      0x0000000008004d08        0x0 /opt/st/stm32cubeide_1.12.0/plugins/com.st.stm32cube.ide.mcu.externaltools.gnu-tools-for-stm32.10.3-2021.10.linux64_1.0.200.202301161003/tools/bin/../lib/gcc/arm-none-eabi/10.3.1/thumb/v7e-m+fp/hard/crtbegin.o

.preinit_array  0x0000000008004d08        0x0
                0x0000000008004d08                . = ALIGN (0x4)
                0x0000000008004d08                PROVIDE (__preinit_array_start = .)
 *(.preinit_array*)
                0x0000000008004d08                PROVIDE (__preinit_array_end = .)
                0x0000000008004d08                . = ALIGN (0x4)

.init_array     0x0000000008004d08        0x4
                0x0000000008004d08                . = ALIGN (0x4)
                0x0000000008004d08                PROVIDE (__init_array_start = .)
 *(SORT_BY_NAME(.init_array.*))
 *(.init_array*)
 .init_array    0x0000000008004d08        0x4 /opt/st/stm32cubeide_1.12.0/plugins/com.st.stm32cube.ide.mcu.externaltools.gnu-tools-for-stm32.10.3-2021.10.linux64_1.0.200.202301161003/tools/bin/../lib/gcc/arm-none-eabi/10.3.1/thumb/v7e-m+fp/hard/crtbegin.o
                0x0000000008004d0c                PROVIDE (__init_array_end = .)
                0x0000000008004d0c                . = ALIGN (0x4)

.fini_array     0x0000000008004d0c        0x4
                0x0000000008004d0c                . = ALIGN (0x4)
                [!provide]                        PROVIDE (__fini_array_start = .)
 *(SORT_BY_NAME(.fini_array.*))
 *(.fini_array*)
 .fini_array    0x0000000008004d0c        0x4 /opt/st/stm32cubeide_1.12.0/plugins/com.st.stm32cube.ide.mcu.externaltools.gnu-tools-for-stm32.10.3-2021.10.linux64_1.0.200.202301161003/tools/bin/../lib/gcc/arm-none-eabi/10.3.1/thumb/v7e-m+fp/hard/crtbegin.o
                [!provide]                        PROVIDE (__fini_array_end = .)
                0x0000000008004d10                . = ALIGN (0x4)
                0x0000000008004d10                _sidata = LOADADDR (.data)

.data           0x0000000020000000       0x80 load address 0x0000000008004d10
                0x0000000020000000                . = ALIGN (0x4)
                0x0000000020000000                _sdata = .
 *(.data)
 *(.data*)
 .data.sync_counter
                0x0000000020000000        0x4 ./Core/Src/UART_LIN.o
                0x0000000020000000                sync_counter
 .data.slave_data_counter
                0x0000000020000004        0x4 ./Core/Src/UART_LIN.o
                0x0000000020000004                slave_data_counter
 .data.PB       0x0000000020000008        0x4 ./Core/Src/can.o
 .data.SystemCoreClock
                0x000000002000000c        0x4 ./Core/Src/system_stm32f4xx.o
                0x000000002000000c                SystemCoreClock
 .data.uwTickPrio
                0x0000000020000010        0x4 ./Drivers/STM32F4xx_HAL_Driver/Src/stm32f4xx_hal.o
                0x0000000020000010                uwTickPrio
 .data.uwTickFreq
                0x0000000020000014        0x1 ./Drivers/STM32F4xx_HAL_Driver/Src/stm32f4xx_hal.o
                0x0000000020000014                uwTickFreq
 *fill*         0x0000000020000015        0x3 
 .data.uxCriticalNesting
                0x0000000020000018        0x4 ./Middlewares/Third_Party/FreeRTOS/Source/portable/GCC/ARM_CM4F/port.o
 .data._impure_ptr
                0x000000002000001c        0x4 /opt/st/stm32cubeide_1.12.0/plugins/com.st.stm32cube.ide.mcu.externaltools.gnu-tools-for-stm32.10.3-2021.10.linux64_1.0.200.202301161003/tools/bin/../lib/gcc/arm-none-eabi/10.3.1/../../../../arm-none-eabi/lib/thumb/v7e-m+fp/hard/libc_nano.a(lib_a-impure.o)
                0x000000002000001c                _impure_ptr
 .data.impure_data
                0x0000000020000020       0x60 /opt/st/stm32cubeide_1.12.0/plugins/com.st.stm32cube.ide.mcu.externaltools.gnu-tools-for-stm32.10.3-2021.10.linux64_1.0.200.202301161003/tools/bin/../lib/gcc/arm-none-eabi/10.3.1/../../../../arm-none-eabi/lib/thumb/v7e-m+fp/hard/libc_nano.a(lib_a-impure.o)
 *(.RamFunc)
 *(.RamFunc*)
                0x0000000020000080                . = ALIGN (0x4)
                0x0000000020000080                _edata = .
                0x0000000008004d90                _siccmram = LOADADDR (.ccmram)

.igot.plt       0x0000000020000080        0x0 load address 0x0000000008004d90
 .igot.plt      0x0000000020000080        0x0 /opt/st/stm32cubeide_1.12.0/plugins/com.st.stm32cube.ide.mcu.externaltools.gnu-tools-for-stm32.10.3-2021.10.linux64_1.0.200.202301161003/tools/bin/../lib/gcc/arm-none-eabi/10.3.1/thumb/v7e-m+fp/hard/crtbegin.o

.ccmram         0x0000000010000000        0x0 load address 0x0000000008004d90
                0x0000000010000000                . = ALIGN (0x4)
                0x0000000010000000                _sccmram = .
 *(.ccmram)
 *(.ccmram*)
                0x0000000010000000                . = ALIGN (0x4)
                0x0000000010000000                _eccmram = .
                0x0000000010000000                . = ALIGN (0x4)

.bss            0x0000000020000080     0x40d4
                0x0000000020000080                _sbss = .
                0x0000000020000080                __bss_start__ = _sbss
 *(.bss)
 .bss           0x0000000020000080       0x1c /opt/st/stm32cubeide_1.12.0/plugins/com.st.stm32cube.ide.mcu.externaltools.gnu-tools-for-stm32.10.3-2021.10.linux64_1.0.200.202301161003/tools/bin/../lib/gcc/arm-none-eabi/10.3.1/thumb/v7e-m+fp/hard/crtbegin.o
 *(.bss*)
 .bss.salve_rx_msg
                0x000000002000009c        0xd ./Core/Src/UART_LIN.o
                0x000000002000009c                salve_rx_msg
 *fill*         0x00000000200000a9        0x3 
 .bss.Counter   0x00000000200000ac       0x10 ./Core/Src/can.o
 .bss.xIdleTaskTCBBuffer
                0x00000000200000bc       0xb4 ./Core/Src/freertos.o
 .bss.xIdleStack
                0x0000000020000170      0x200 ./Core/Src/freertos.o
 .bss.defaultTaskHandle
                0x0000000020000370        0x4 ./Core/Src/main.o
                0x0000000020000370                defaultTaskHandle
 .bss.Task_can_receptHandle
                0x0000000020000374        0x4 ./Core/Src/main.o
                0x0000000020000374                Task_can_receptHandle
 .bss.Task_can_sendHandle
                0x0000000020000378        0x4 ./Core/Src/main.o
                0x0000000020000378                Task_can_sendHandle
 .bss.Task_can_procesHandle
                0x000000002000037c        0x4 ./Core/Src/main.o
                0x000000002000037c                Task_can_procesHandle
 .bss.Task_lin_receptHandle
                0x0000000020000380        0x4 ./Core/Src/main.o
                0x0000000020000380                Task_lin_receptHandle
 .bss.Task_lin_procesHandle
                0x0000000020000384        0x4 ./Core/Src/main.o
                0x0000000020000384                Task_lin_procesHandle
 .bss.Task_lin_sendHandle
                0x0000000020000388        0x4 ./Core/Src/main.o
                0x0000000020000388                Task_lin_sendHandle
 .bss.canFrameReceptionQueueHandle
                0x000000002000038c        0x4 ./Core/Src/main.o
                0x000000002000038c                canFrameReceptionQueueHandle
 .bss.canFrameSendQueueHandle
                0x0000000020000390        0x4 ./Core/Src/main.o
                0x0000000020000390                canFrameSendQueueHandle
 .bss.linFrameSendQueueHandle
                0x0000000020000394        0x4 ./Core/Src/main.o
                0x0000000020000394                linFrameSendQueueHandle
 .bss.linFrameReceptionQueueHandle
                0x0000000020000398        0x4 ./Core/Src/main.o
                0x0000000020000398                linFrameReceptionQueueHandle
 .bss.htim6     0x000000002000039c       0x48 ./Core/Src/stm32f4xx_hal_timebase_tim.o
                0x000000002000039c                htim6
 .bss.rxBuffer  0x00000000200003e4        0xc ./Core/Src/usart2.o
                0x00000000200003e4                rxBuffer
 .bss.rxIndex   0x00000000200003f0        0x4 ./Core/Src/usart2.o
                0x00000000200003f0                rxIndex
 .bss.uwTick    0x00000000200003f4        0x4 ./Drivers/STM32F4xx_HAL_Driver/Src/stm32f4xx_hal.o
                0x00000000200003f4                uwTick
 .bss.pxCurrentTCB
                0x00000000200003f8        0x4 ./Middlewares/Third_Party/FreeRTOS/Source/tasks.o
                0x00000000200003f8                pxCurrentTCB
 .bss.pxReadyTasksLists
                0x00000000200003fc       0x8c ./Middlewares/Third_Party/FreeRTOS/Source/tasks.o
 .bss.xDelayedTaskList1
                0x0000000020000488       0x14 ./Middlewares/Third_Party/FreeRTOS/Source/tasks.o
 .bss.xDelayedTaskList2
                0x000000002000049c       0x14 ./Middlewares/Third_Party/FreeRTOS/Source/tasks.o
 .bss.pxDelayedTaskList
                0x00000000200004b0        0x4 ./Middlewares/Third_Party/FreeRTOS/Source/tasks.o
 .bss.pxOverflowDelayedTaskList
                0x00000000200004b4        0x4 ./Middlewares/Third_Party/FreeRTOS/Source/tasks.o
 .bss.xPendingReadyList
                0x00000000200004b8       0x14 ./Middlewares/Third_Party/FreeRTOS/Source/tasks.o
 .bss.xTasksWaitingTermination
                0x00000000200004cc       0x14 ./Middlewares/Third_Party/FreeRTOS/Source/tasks.o
 .bss.uxDeletedTasksWaitingCleanUp
                0x00000000200004e0        0x4 ./Middlewares/Third_Party/FreeRTOS/Source/tasks.o
 .bss.xSuspendedTaskList
                0x00000000200004e4       0x14 ./Middlewares/Third_Party/FreeRTOS/Source/tasks.o
 .bss.uxCurrentNumberOfTasks
                0x00000000200004f8        0x4 ./Middlewares/Third_Party/FreeRTOS/Source/tasks.o
 .bss.xTickCount
                0x00000000200004fc        0x4 ./Middlewares/Third_Party/FreeRTOS/Source/tasks.o
 .bss.uxTopReadyPriority
                0x0000000020000500        0x4 ./Middlewares/Third_Party/FreeRTOS/Source/tasks.o
 .bss.xSchedulerRunning
                0x0000000020000504        0x4 ./Middlewares/Third_Party/FreeRTOS/Source/tasks.o
 .bss.xPendedTicks
                0x0000000020000508        0x4 ./Middlewares/Third_Party/FreeRTOS/Source/tasks.o
 .bss.xYieldPending
                0x000000002000050c        0x4 ./Middlewares/Third_Party/FreeRTOS/Source/tasks.o
 .bss.xNumOfOverflows
                0x0000000020000510        0x4 ./Middlewares/Third_Party/FreeRTOS/Source/tasks.o
 .bss.uxTaskNumber
                0x0000000020000514        0x4 ./Middlewares/Third_Party/FreeRTOS/Source/tasks.o
 .bss.xNextTaskUnblockTime
                0x0000000020000518        0x4 ./Middlewares/Third_Party/FreeRTOS/Source/tasks.o
 .bss.xIdleTaskHandle
                0x000000002000051c        0x4 ./Middlewares/Third_Party/FreeRTOS/Source/tasks.o
 .bss.uxSchedulerSuspended
                0x0000000020000520        0x4 ./Middlewares/Third_Party/FreeRTOS/Source/tasks.o
 .bss.ucMaxSysCallPriority
                0x0000000020000524        0x1 ./Middlewares/Third_Party/FreeRTOS/Source/portable/GCC/ARM_CM4F/port.o
 *fill*         0x0000000020000525        0x3 
 .bss.ulMaxPRIGROUPValue
                0x0000000020000528        0x4 ./Middlewares/Third_Party/FreeRTOS/Source/portable/GCC/ARM_CM4F/port.o
 .bss.ucHeap    0x000000002000052c     0x3c00 ./Middlewares/Third_Party/FreeRTOS/Source/portable/MemMang/heap_4.o
 .bss.xStart    0x000000002000412c        0x8 ./Middlewares/Third_Party/FreeRTOS/Source/portable/MemMang/heap_4.o
 .bss.pxEnd     0x0000000020004134        0x4 ./Middlewares/Third_Party/FreeRTOS/Source/portable/MemMang/heap_4.o
 .bss.xFreeBytesRemaining
                0x0000000020004138        0x4 ./Middlewares/Third_Party/FreeRTOS/Source/portable/MemMang/heap_4.o
 .bss.xMinimumEverFreeBytesRemaining
                0x000000002000413c        0x4 ./Middlewares/Third_Party/FreeRTOS/Source/portable/MemMang/heap_4.o
 .bss.xNumberOfSuccessfulAllocations
                0x0000000020004140        0x4 ./Middlewares/Third_Party/FreeRTOS/Source/portable/MemMang/heap_4.o
 .bss.xNumberOfSuccessfulFrees
                0x0000000020004144        0x4 ./Middlewares/Third_Party/FreeRTOS/Source/portable/MemMang/heap_4.o
 .bss.xBlockAllocatedBit
                0x0000000020004148        0x4 ./Middlewares/Third_Party/FreeRTOS/Source/portable/MemMang/heap_4.o
 .bss.__lock___malloc_recursive_mutex
                0x000000002000414c        0x1 /opt/st/stm32cubeide_1.12.0/plugins/com.st.stm32cube.ide.mcu.externaltools.gnu-tools-for-stm32.10.3-2021.10.linux64_1.0.200.202301161003/tools/bin/../lib/gcc/arm-none-eabi/10.3.1/../../../../arm-none-eabi/lib/thumb/v7e-m+fp/hard/libc_nano.a(lib_a-lock.o)
                0x000000002000414c                __lock___malloc_recursive_mutex
 *fill*         0x000000002000414d        0x3 
 .bss.__malloc_free_list
                0x0000000020004150        0x4 /opt/st/stm32cubeide_1.12.0/plugins/com.st.stm32cube.ide.mcu.externaltools.gnu-tools-for-stm32.10.3-2021.10.linux64_1.0.200.202301161003/tools/bin/../lib/gcc/arm-none-eabi/10.3.1/../../../../arm-none-eabi/lib/thumb/v7e-m+fp/hard/libc_nano.a(lib_a-nano-mallocr.o)
                0x0000000020004150                __malloc_free_list
 *(COMMON)
                0x0000000020004154                . = ALIGN (0x4)
                0x0000000020004154                _ebss = .
                0x0000000020004154                __bss_end__ = _ebss

._user_heap_stack
                0x0000000020004154      0x604
                0x0000000020004158                . = ALIGN (0x8)
 *fill*         0x0000000020004154        0x4 
                [!provide]                        PROVIDE (end = .)
                0x0000000020004158                PROVIDE (_end = .)
                0x0000000020004358                . = (. + _Min_Heap_Size)
 *fill*         0x0000000020004158      0x200 
                0x0000000020004758                . = (. + _Min_Stack_Size)
 *fill*         0x0000000020004358      0x400 
                0x0000000020004758                . = ALIGN (0x8)

/DISCARD/
 libc.a(*)
 libm.a(*)
 libgcc.a(*)

.ARM.attributes
                0x0000000000000000       0x30
 *(.ARM.attributes)
 .ARM.attributes
                0x0000000000000000       0x1e /opt/st/stm32cubeide_1.12.0/plugins/com.st.stm32cube.ide.mcu.externaltools.gnu-tools-for-stm32.10.3-2021.10.linux64_1.0.200.202301161003/tools/bin/../lib/gcc/arm-none-eabi/10.3.1/thumb/v7e-m+fp/hard/crti.o
 .ARM.attributes
                0x000000000000001e       0x34 /opt/st/stm32cubeide_1.12.0/plugins/com.st.stm32cube.ide.mcu.externaltools.gnu-tools-for-stm32.10.3-2021.10.linux64_1.0.200.202301161003/tools/bin/../lib/gcc/arm-none-eabi/10.3.1/thumb/v7e-m+fp/hard/crtbegin.o
 .ARM.attributes
                0x0000000000000052       0x34 ./Core/Src/UART_LIN.o
 .ARM.attributes
                0x0000000000000086       0x34 ./Core/Src/can.o
 .ARM.attributes
                0x00000000000000ba       0x34 ./Core/Src/freertos.o
 .ARM.attributes
                0x00000000000000ee       0x34 ./Core/Src/int.o
 .ARM.attributes
                0x0000000000000122       0x34 ./Core/Src/main.o
 .ARM.attributes
                0x0000000000000156       0x34 ./Core/Src/rtc.o
 .ARM.attributes
                0x000000000000018a       0x34 ./Core/Src/stm32f4xx_hal_msp.o
 .ARM.attributes
                0x00000000000001be       0x34 ./Core/Src/stm32f4xx_hal_timebase_tim.o
 .ARM.attributes
                0x00000000000001f2       0x34 ./Core/Src/stm32f4xx_it.o
 .ARM.attributes
                0x0000000000000226       0x34 ./Core/Src/system_stm32f4xx.o
 .ARM.attributes
                0x000000000000025a       0x34 ./Core/Src/usart2.o
 .ARM.attributes
                0x000000000000028e       0x21 ./Core/Startup/startup_stm32f407vgtx.o
 .ARM.attributes
                0x00000000000002af       0x34 ./Drivers/STM32F4xx_HAL_Driver/Src/stm32f4xx_hal.o
 .ARM.attributes
                0x00000000000002e3       0x34 ./Drivers/STM32F4xx_HAL_Driver/Src/stm32f4xx_hal_cortex.o
 .ARM.attributes
                0x0000000000000317       0x34 ./Drivers/STM32F4xx_HAL_Driver/Src/stm32f4xx_hal_rcc.o
 .ARM.attributes
                0x000000000000034b       0x34 ./Drivers/STM32F4xx_HAL_Driver/Src/stm32f4xx_hal_tim.o
 .ARM.attributes
                0x000000000000037f       0x34 ./Drivers/STM32F4xx_HAL_Driver/Src/stm32f4xx_hal_tim_ex.o
 .ARM.attributes
                0x00000000000003b3       0x34 ./Middlewares/Third_Party/FreeRTOS/Source/CMSIS_RTOS/cmsis_os.o
 .ARM.attributes
                0x00000000000003e7       0x34 ./Middlewares/Third_Party/FreeRTOS/Source/list.o
 .ARM.attributes
                0x000000000000041b       0x34 ./Middlewares/Third_Party/FreeRTOS/Source/queue.o
 .ARM.attributes
                0x000000000000044f       0x34 ./Middlewares/Third_Party/FreeRTOS/Source/tasks.o
 .ARM.attributes
                0x0000000000000483       0x34 ./Middlewares/Third_Party/FreeRTOS/Source/portable/GCC/ARM_CM4F/port.o
 .ARM.attributes
                0x00000000000004b7       0x34 ./Middlewares/Third_Party/FreeRTOS/Source/portable/MemMang/heap_4.o
 .ARM.attributes
                0x00000000000004eb       0x34 /opt/st/stm32cubeide_1.12.0/plugins/com.st.stm32cube.ide.mcu.externaltools.gnu-tools-for-stm32.10.3-2021.10.linux64_1.0.200.202301161003/tools/bin/../lib/gcc/arm-none-eabi/10.3.1/../../../../arm-none-eabi/lib/thumb/v7e-m+fp/hard/libc_nano.a(lib_a-findfp.o)
 .ARM.attributes
                0x000000000000051f       0x34 /opt/st/stm32cubeide_1.12.0/plugins/com.st.stm32cube.ide.mcu.externaltools.gnu-tools-for-stm32.10.3-2021.10.linux64_1.0.200.202301161003/tools/bin/../lib/gcc/arm-none-eabi/10.3.1/../../../../arm-none-eabi/lib/thumb/v7e-m+fp/hard/libc_nano.a(lib_a-impure.o)
 .ARM.attributes
                0x0000000000000553       0x34 /opt/st/stm32cubeide_1.12.0/plugins/com.st.stm32cube.ide.mcu.externaltools.gnu-tools-for-stm32.10.3-2021.10.linux64_1.0.200.202301161003/tools/bin/../lib/gcc/arm-none-eabi/10.3.1/../../../../arm-none-eabi/lib/thumb/v7e-m+fp/hard/libc_nano.a(lib_a-init.o)
 .ARM.attributes
                0x0000000000000587       0x34 /opt/st/stm32cubeide_1.12.0/plugins/com.st.stm32cube.ide.mcu.externaltools.gnu-tools-for-stm32.10.3-2021.10.linux64_1.0.200.202301161003/tools/bin/../lib/gcc/arm-none-eabi/10.3.1/../../../../arm-none-eabi/lib/thumb/v7e-m+fp/hard/libc_nano.a(lib_a-lock.o)
 .ARM.attributes
                0x00000000000005bb       0x34 /opt/st/stm32cubeide_1.12.0/plugins/com.st.stm32cube.ide.mcu.externaltools.gnu-tools-for-stm32.10.3-2021.10.linux64_1.0.200.202301161003/tools/bin/../lib/gcc/arm-none-eabi/10.3.1/../../../../arm-none-eabi/lib/thumb/v7e-m+fp/hard/libc_nano.a(lib_a-memcpy-stub.o)
 .ARM.attributes
                0x00000000000005ef       0x34 /opt/st/stm32cubeide_1.12.0/plugins/com.st.stm32cube.ide.mcu.externaltools.gnu-tools-for-stm32.10.3-2021.10.linux64_1.0.200.202301161003/tools/bin/../lib/gcc/arm-none-eabi/10.3.1/../../../../arm-none-eabi/lib/thumb/v7e-m+fp/hard/libc_nano.a(lib_a-memset.o)
 .ARM.attributes
                0x0000000000000623       0x34 /opt/st/stm32cubeide_1.12.0/plugins/com.st.stm32cube.ide.mcu.externaltools.gnu-tools-for-stm32.10.3-2021.10.linux64_1.0.200.202301161003/tools/bin/../lib/gcc/arm-none-eabi/10.3.1/../../../../arm-none-eabi/lib/thumb/v7e-m+fp/hard/libc_nano.a(lib_a-nano-freer.o)
 .ARM.attributes
                0x0000000000000657       0x34 /opt/st/stm32cubeide_1.12.0/plugins/com.st.stm32cube.ide.mcu.externaltools.gnu-tools-for-stm32.10.3-2021.10.linux64_1.0.200.202301161003/tools/bin/../lib/gcc/arm-none-eabi/10.3.1/../../../../arm-none-eabi/lib/thumb/v7e-m+fp/hard/libc_nano.a(lib_a-nano-mallocr.o)
 .ARM.attributes
                0x000000000000068b       0x34 /opt/st/stm32cubeide_1.12.0/plugins/com.st.stm32cube.ide.mcu.externaltools.gnu-tools-for-stm32.10.3-2021.10.linux64_1.0.200.202301161003/tools/bin/../lib/gcc/arm-none-eabi/10.3.1/../../../../arm-none-eabi/lib/thumb/v7e-m+fp/hard/libc_nano.a(lib_a-reent.o)
 .ARM.attributes
                0x00000000000006bf       0x34 /opt/st/stm32cubeide_1.12.0/plugins/com.st.stm32cube.ide.mcu.externaltools.gnu-tools-for-stm32.10.3-2021.10.linux64_1.0.200.202301161003/tools/bin/../lib/gcc/arm-none-eabi/10.3.1/../../../../arm-none-eabi/lib/thumb/v7e-m+fp/hard/libc_nano.a(lib_a-mlock.o)
 .ARM.attributes
                0x00000000000006f3       0x1e /opt/st/stm32cubeide_1.12.0/plugins/com.st.stm32cube.ide.mcu.externaltools.gnu-tools-for-stm32.10.3-2021.10.linux64_1.0.200.202301161003/tools/bin/../lib/gcc/arm-none-eabi/10.3.1/thumb/v7e-m+fp/hard/libgcc.a(_aeabi_uldivmod.o)
 .ARM.attributes
                0x0000000000000711       0x34 /opt/st/stm32cubeide_1.12.0/plugins/com.st.stm32cube.ide.mcu.externaltools.gnu-tools-for-stm32.10.3-2021.10.linux64_1.0.200.202301161003/tools/bin/../lib/gcc/arm-none-eabi/10.3.1/thumb/v7e-m+fp/hard/libgcc.a(_udivmoddi4.o)
 .ARM.attributes
                0x0000000000000745       0x1e /opt/st/stm32cubeide_1.12.0/plugins/com.st.stm32cube.ide.mcu.externaltools.gnu-tools-for-stm32.10.3-2021.10.linux64_1.0.200.202301161003/tools/bin/../lib/gcc/arm-none-eabi/10.3.1/thumb/v7e-m+fp/hard/libgcc.a(_dvmd_tls.o)
 .ARM.attributes
                0x0000000000000763       0x1e /opt/st/stm32cubeide_1.12.0/plugins/com.st.stm32cube.ide.mcu.externaltools.gnu-tools-for-stm32.10.3-2021.10.linux64_1.0.200.202301161003/tools/bin/../lib/gcc/arm-none-eabi/10.3.1/thumb/v7e-m+fp/hard/crtn.o
OUTPUT(FreeRTOS.elf elf32-littlearm)
LOAD linker stubs
LOAD /opt/st/stm32cubeide_1.12.0/plugins/com.st.stm32cube.ide.mcu.externaltools.gnu-tools-for-stm32.10.3-2021.10.linux64_1.0.200.202301161003/tools/bin/../lib/gcc/arm-none-eabi/10.3.1/../../../../arm-none-eabi/lib/thumb/v7e-m+fp/hard/libc.a
LOAD /opt/st/stm32cubeide_1.12.0/plugins/com.st.stm32cube.ide.mcu.externaltools.gnu-tools-for-stm32.10.3-2021.10.linux64_1.0.200.202301161003/tools/bin/../lib/gcc/arm-none-eabi/10.3.1/../../../../arm-none-eabi/lib/thumb/v7e-m+fp/hard/libm.a
LOAD /opt/st/stm32cubeide_1.12.0/plugins/com.st.stm32cube.ide.mcu.externaltools.gnu-tools-for-stm32.10.3-2021.10.linux64_1.0.200.202301161003/tools/bin/../lib/gcc/arm-none-eabi/10.3.1/thumb/v7e-m+fp/hard/libgcc.a

.debug_info     0x0000000000000000    0x15464
 .debug_info    0x0000000000000000      0xe76 ./Core/Src/UART_LIN.o
 .debug_info    0x0000000000000e76      0xeed ./Core/Src/can.o
 .debug_info    0x0000000000001d63      0x9b6 ./Core/Src/freertos.o
 .debug_info    0x0000000000002719      0x41f ./Core/Src/int.o
 .debug_info    0x0000000000002b38     0x1c86 ./Core/Src/main.o
 .debug_info    0x00000000000047be     0x10a1 ./Core/Src/rtc.o
 .debug_info    0x000000000000585f      0x4fd ./Core/Src/stm32f4xx_hal_msp.o
 .debug_info    0x0000000000005d5c      0xc4b ./Core/Src/stm32f4xx_hal_timebase_tim.o
 .debug_info    0x00000000000069a7      0x6ff ./Core/Src/stm32f4xx_it.o
 .debug_info    0x00000000000070a6      0x523 ./Core/Src/system_stm32f4xx.o
 .debug_info    0x00000000000075c9      0xce6 ./Core/Src/usart2.o
 .debug_info    0x00000000000082af       0x22 ./Core/Startup/startup_stm32f407vgtx.o
 .debug_info    0x00000000000082d1      0x97c ./Drivers/STM32F4xx_HAL_Driver/Src/stm32f4xx_hal.o
 .debug_info    0x0000000000008c4d      0xe1b ./Drivers/STM32F4xx_HAL_Driver/Src/stm32f4xx_hal_cortex.o
 .debug_info    0x0000000000009a68      0x966 ./Drivers/STM32F4xx_HAL_Driver/Src/stm32f4xx_hal_rcc.o
 .debug_info    0x000000000000a3ce     0x2bbe ./Drivers/STM32F4xx_HAL_Driver/Src/stm32f4xx_hal_tim.o
 .debug_info    0x000000000000cf8c     0x15e0 ./Drivers/STM32F4xx_HAL_Driver/Src/stm32f4xx_hal_tim_ex.o
 .debug_info    0x000000000000e56c     0x2352 ./Middlewares/Third_Party/FreeRTOS/Source/CMSIS_RTOS/cmsis_os.o
 .debug_info    0x00000000000108be      0x2d1 ./Middlewares/Third_Party/FreeRTOS/Source/list.o
 .debug_info    0x0000000000010b8f     0x18e1 ./Middlewares/Third_Party/FreeRTOS/Source/queue.o
 .debug_info    0x0000000000012470     0x25e2 ./Middlewares/Third_Party/FreeRTOS/Source/tasks.o
 .debug_info    0x0000000000014a52      0x507 ./Middlewares/Third_Party/FreeRTOS/Source/portable/GCC/ARM_CM4F/port.o
 .debug_info    0x0000000000014f59      0x50b ./Middlewares/Third_Party/FreeRTOS/Source/portable/MemMang/heap_4.o

.debug_abbrev   0x0000000000000000     0x34bd
 .debug_abbrev  0x0000000000000000      0x324 ./Core/Src/UART_LIN.o
 .debug_abbrev  0x0000000000000324      0x2a0 ./Core/Src/can.o
 .debug_abbrev  0x00000000000005c4      0x169 ./Core/Src/freertos.o
 .debug_abbrev  0x000000000000072d      0x16b ./Core/Src/int.o
 .debug_abbrev  0x0000000000000898      0x354 ./Core/Src/main.o
 .debug_abbrev  0x0000000000000bec      0x306 ./Core/Src/rtc.o
 .debug_abbrev  0x0000000000000ef2      0x115 ./Core/Src/stm32f4xx_hal_msp.o
 .debug_abbrev  0x0000000000001007      0x1e6 ./Core/Src/stm32f4xx_hal_timebase_tim.o
 .debug_abbrev  0x00000000000011ed      0x171 ./Core/Src/stm32f4xx_it.o
 .debug_abbrev  0x000000000000135e      0x116 ./Core/Src/system_stm32f4xx.o
 .debug_abbrev  0x0000000000001474      0x2e0 ./Core/Src/usart2.o
 .debug_abbrev  0x0000000000001754       0x12 ./Core/Startup/startup_stm32f407vgtx.o
 .debug_abbrev  0x0000000000001766      0x20d ./Drivers/STM32F4xx_HAL_Driver/Src/stm32f4xx_hal.o
 .debug_abbrev  0x0000000000001973      0x316 ./Drivers/STM32F4xx_HAL_Driver/Src/stm32f4xx_hal_cortex.o
 .debug_abbrev  0x0000000000001c89      0x2aa ./Drivers/STM32F4xx_HAL_Driver/Src/stm32f4xx_hal_rcc.o
 .debug_abbrev  0x0000000000001f33      0x25d ./Drivers/STM32F4xx_HAL_Driver/Src/stm32f4xx_hal_tim.o
 .debug_abbrev  0x0000000000002190      0x265 ./Drivers/STM32F4xx_HAL_Driver/Src/stm32f4xx_hal_tim_ex.o
 .debug_abbrev  0x00000000000023f5      0x406 ./Middlewares/Third_Party/FreeRTOS/Source/CMSIS_RTOS/cmsis_os.o
 .debug_abbrev  0x00000000000027fb       0xf2 ./Middlewares/Third_Party/FreeRTOS/Source/list.o
 .debug_abbrev  0x00000000000028ed      0x3a1 ./Middlewares/Third_Party/FreeRTOS/Source/queue.o
 .debug_abbrev  0x0000000000002c8e      0x3c4 ./Middlewares/Third_Party/FreeRTOS/Source/tasks.o
 .debug_abbrev  0x0000000000003052      0x259 ./Middlewares/Third_Party/FreeRTOS/Source/portable/GCC/ARM_CM4F/port.o
 .debug_abbrev  0x00000000000032ab      0x212 ./Middlewares/Third_Party/FreeRTOS/Source/portable/MemMang/heap_4.o

.debug_aranges  0x0000000000000000     0x1160
 .debug_aranges
                0x0000000000000000       0x98 ./Core/Src/UART_LIN.o
 .debug_aranges
                0x0000000000000098       0x78 ./Core/Src/can.o
 .debug_aranges
                0x0000000000000110       0x20 ./Core/Src/freertos.o
 .debug_aranges
                0x0000000000000130       0x28 ./Core/Src/int.o
 .debug_aranges
                0x0000000000000158       0x78 ./Core/Src/main.o
 .debug_aranges
                0x00000000000001d0       0xa0 ./Core/Src/rtc.o
 .debug_aranges
                0x0000000000000270       0x20 ./Core/Src/stm32f4xx_hal_msp.o
 .debug_aranges
                0x0000000000000290       0x30 ./Core/Src/stm32f4xx_hal_timebase_tim.o
 .debug_aranges
                0x00000000000002c0       0x50 ./Core/Src/stm32f4xx_it.o
 .debug_aranges
                0x0000000000000310       0x28 ./Core/Src/system_stm32f4xx.o
 .debug_aranges
                0x0000000000000338       0x88 ./Core/Src/usart2.o
 .debug_aranges
                0x00000000000003c0       0x28 ./Core/Startup/startup_stm32f407vgtx.o
 .debug_aranges
                0x00000000000003e8       0xf0 ./Drivers/STM32F4xx_HAL_Driver/Src/stm32f4xx_hal.o
 .debug_aranges
                0x00000000000004d8      0x118 ./Drivers/STM32F4xx_HAL_Driver/Src/stm32f4xx_hal_cortex.o
 .debug_aranges
                0x00000000000005f0       0x88 ./Drivers/STM32F4xx_HAL_Driver/Src/stm32f4xx_hal_rcc.o
 .debug_aranges
                0x0000000000000678      0x3d0 ./Drivers/STM32F4xx_HAL_Driver/Src/stm32f4xx_hal_tim.o
 .debug_aranges
                0x0000000000000a48      0x168 ./Drivers/STM32F4xx_HAL_Driver/Src/stm32f4xx_hal_tim_ex.o
 .debug_aranges
                0x0000000000000bb0      0x1d8 ./Middlewares/Third_Party/FreeRTOS/Source/CMSIS_RTOS/cmsis_os.o
 .debug_aranges
                0x0000000000000d88       0x40 ./Middlewares/Third_Party/FreeRTOS/Source/list.o
 .debug_aranges
                0x0000000000000dc8      0x108 ./Middlewares/Third_Party/FreeRTOS/Source/queue.o
 .debug_aranges
                0x0000000000000ed0      0x1b8 ./Middlewares/Third_Party/FreeRTOS/Source/tasks.o
 .debug_aranges
                0x0000000000001088       0x80 ./Middlewares/Third_Party/FreeRTOS/Source/portable/GCC/ARM_CM4F/port.o
 .debug_aranges
                0x0000000000001108       0x58 ./Middlewares/Third_Party/FreeRTOS/Source/portable/MemMang/heap_4.o

.debug_ranges   0x0000000000000000     0x1010
 .debug_ranges  0x0000000000000000       0x88 ./Core/Src/UART_LIN.o
 .debug_ranges  0x0000000000000088       0x68 ./Core/Src/can.o
 .debug_ranges  0x00000000000000f0       0x10 ./Core/Src/freertos.o
 .debug_ranges  0x0000000000000100       0x18 ./Core/Src/int.o
 .debug_ranges  0x0000000000000118       0x68 ./Core/Src/main.o
 .debug_ranges  0x0000000000000180       0xa8 ./Core/Src/rtc.o
 .debug_ranges  0x0000000000000228       0x10 ./Core/Src/stm32f4xx_hal_msp.o
 .debug_ranges  0x0000000000000238       0x20 ./Core/Src/stm32f4xx_hal_timebase_tim.o
 .debug_ranges  0x0000000000000258       0x40 ./Core/Src/stm32f4xx_it.o
 .debug_ranges  0x0000000000000298       0x18 ./Core/Src/system_stm32f4xx.o
 .debug_ranges  0x00000000000002b0       0x78 ./Core/Src/usart2.o
 .debug_ranges  0x0000000000000328       0x20 ./Core/Startup/startup_stm32f407vgtx.o
 .debug_ranges  0x0000000000000348       0xe0 ./Drivers/STM32F4xx_HAL_Driver/Src/stm32f4xx_hal.o
 .debug_ranges  0x0000000000000428      0x108 ./Drivers/STM32F4xx_HAL_Driver/Src/stm32f4xx_hal_cortex.o
 .debug_ranges  0x0000000000000530       0x78 ./Drivers/STM32F4xx_HAL_Driver/Src/stm32f4xx_hal_rcc.o
 .debug_ranges  0x00000000000005a8      0x3c0 ./Drivers/STM32F4xx_HAL_Driver/Src/stm32f4xx_hal_tim.o
 .debug_ranges  0x0000000000000968      0x158 ./Drivers/STM32F4xx_HAL_Driver/Src/stm32f4xx_hal_tim_ex.o
 .debug_ranges  0x0000000000000ac0      0x1c8 ./Middlewares/Third_Party/FreeRTOS/Source/CMSIS_RTOS/cmsis_os.o
 .debug_ranges  0x0000000000000c88       0x30 ./Middlewares/Third_Party/FreeRTOS/Source/list.o
 .debug_ranges  0x0000000000000cb8       0xf8 ./Middlewares/Third_Party/FreeRTOS/Source/queue.o
 .debug_ranges  0x0000000000000db0      0x1a8 ./Middlewares/Third_Party/FreeRTOS/Source/tasks.o
 .debug_ranges  0x0000000000000f58       0x70 ./Middlewares/Third_Party/FreeRTOS/Source/portable/GCC/ARM_CM4F/port.o
 .debug_ranges  0x0000000000000fc8       0x48 ./Middlewares/Third_Party/FreeRTOS/Source/portable/MemMang/heap_4.o

.debug_macro    0x0000000000000000    0x240e6
 .debug_macro   0x0000000000000000      0x384 ./Core/Src/UART_LIN.o
 .debug_macro   0x0000000000000384      0xa78 ./Core/Src/UART_LIN.o
 .debug_macro   0x0000000000000dfc       0x2e ./Core/Src/UART_LIN.o
 .debug_macro   0x0000000000000e2a       0x2f ./Core/Src/UART_LIN.o
 .debug_macro   0x0000000000000e59       0x22 ./Core/Src/UART_LIN.o
 .debug_macro   0x0000000000000e7b       0x8e ./Core/Src/UART_LIN.o
 .debug_macro   0x0000000000000f09       0x51 ./Core/Src/UART_LIN.o
 .debug_macro   0x0000000000000f5a      0x103 ./Core/Src/UART_LIN.o
 .debug_macro   0x000000000000105d       0x6a ./Core/Src/UART_LIN.o
 .debug_macro   0x00000000000010c7      0x1df ./Core/Src/UART_LIN.o
 .debug_macro   0x00000000000012a6       0x1c ./Core/Src/UART_LIN.o
 .debug_macro   0x00000000000012c2       0x22 ./Core/Src/UART_LIN.o
 .debug_macro   0x00000000000012e4       0xd9 ./Core/Src/UART_LIN.o
 .debug_macro   0x00000000000013bd     0x102d ./Core/Src/UART_LIN.o
 .debug_macro   0x00000000000023ea      0x11f ./Core/Src/UART_LIN.o
 .debug_macro   0x0000000000002509    0x15e82 ./Core/Src/UART_LIN.o
 .debug_macro   0x000000000001838b       0x6d ./Core/Src/UART_LIN.o
 .debug_macro   0x00000000000183f8      0x295 ./Core/Src/UART_LIN.o
 .debug_macro   0x000000000001868d     0x367e ./Core/Src/UART_LIN.o
 .debug_macro   0x000000000001bd0b      0x174 ./Core/Src/UART_LIN.o
 .debug_macro   0x000000000001be7f       0x5c ./Core/Src/UART_LIN.o
 .debug_macro   0x000000000001bedb      0x96b ./Core/Src/UART_LIN.o
 .debug_macro   0x000000000001c846      0x9fe ./Core/Src/UART_LIN.o
 .debug_macro   0x000000000001d244      0x115 ./Core/Src/UART_LIN.o
 .debug_macro   0x000000000001d359      0x13e ./Core/Src/UART_LIN.o
 .debug_macro   0x000000000001d497       0xa5 ./Core/Src/UART_LIN.o
 .debug_macro   0x000000000001d53c      0x174 ./Core/Src/UART_LIN.o
 .debug_macro   0x000000000001d6b0      0x287 ./Core/Src/UART_LIN.o
 .debug_macro   0x000000000001d937       0x5f ./Core/Src/UART_LIN.o
 .debug_macro   0x000000000001d996      0x236 ./Core/Src/UART_LIN.o
 .debug_macro   0x000000000001dbcc      0x12c ./Core/Src/UART_LIN.o
 .debug_macro   0x000000000001dcf8      0x21e ./Core/Src/UART_LIN.o
 .debug_macro   0x000000000001df16       0x2e ./Core/Src/UART_LIN.o
 .debug_macro   0x000000000001df44      0x11a ./Core/Src/UART_LIN.o
 .debug_macro   0x000000000001e05e       0x7e ./Core/Src/UART_LIN.o
 .debug_macro   0x000000000001e0dc       0x89 ./Core/Src/UART_LIN.o
 .debug_macro   0x000000000001e165      0x8e6 ./Core/Src/UART_LIN.o
 .debug_macro   0x000000000001ea4b       0x47 ./Core/Src/UART_LIN.o
 .debug_macro   0x000000000001ea92      0x12d ./Core/Src/UART_LIN.o
 .debug_macro   0x000000000001ebbf       0x52 ./Core/Src/UART_LIN.o
 .debug_macro   0x000000000001ec11       0x1e ./Core/Src/UART_LIN.o
 .debug_macro   0x000000000001ec2f       0x3c ./Core/Src/UART_LIN.o
 .debug_macro   0x000000000001ec6b       0x34 ./Core/Src/UART_LIN.o
 .debug_macro   0x000000000001ec9f       0x16 ./Core/Src/UART_LIN.o
 .debug_macro   0x000000000001ecb5       0x35 ./Core/Src/UART_LIN.o
 .debug_macro   0x000000000001ecea      0x341 ./Core/Src/UART_LIN.o
 .debug_macro   0x000000000001f02b       0x10 ./Core/Src/UART_LIN.o
 .debug_macro   0x000000000001f03b       0x16 ./Core/Src/UART_LIN.o
 .debug_macro   0x000000000001f051       0x43 ./Core/Src/UART_LIN.o
 .debug_macro   0x000000000001f094       0x34 ./Core/Src/UART_LIN.o
 .debug_macro   0x000000000001f0c8       0x10 ./Core/Src/UART_LIN.o
 .debug_macro   0x000000000001f0d8       0x58 ./Core/Src/UART_LIN.o
 .debug_macro   0x000000000001f130       0x71 ./Core/Src/UART_LIN.o
 .debug_macro   0x000000000001f1a1       0x1c ./Core/Src/UART_LIN.o
 .debug_macro   0x000000000001f1bd      0x12a ./Core/Src/UART_LIN.o
 .debug_macro   0x000000000001f2e7       0x10 ./Core/Src/UART_LIN.o
 .debug_macro   0x000000000001f2f7       0x1c ./Core/Src/UART_LIN.o
 .debug_macro   0x000000000001f313       0x52 ./Core/Src/UART_LIN.o
 .debug_macro   0x000000000001f365       0x22 ./Core/Src/UART_LIN.o
 .debug_macro   0x000000000001f387       0x10 ./Core/Src/UART_LIN.o
 .debug_macro   0x000000000001f397       0x52 ./Core/Src/UART_LIN.o
 .debug_macro   0x000000000001f3e9       0xd5 ./Core/Src/UART_LIN.o
 .debug_macro   0x000000000001f4be       0x1c ./Core/Src/UART_LIN.o
 .debug_macro   0x000000000001f4da       0x3d ./Core/Src/UART_LIN.o
 .debug_macro   0x000000000001f517       0x16 ./Core/Src/UART_LIN.o
 .debug_macro   0x000000000001f52d      0x145 ./Core/Src/UART_LIN.o
 .debug_macro   0x000000000001f672       0x16 ./Core/Src/UART_LIN.o
 .debug_macro   0x000000000001f688       0x20 ./Core/Src/UART_LIN.o
 .debug_macro   0x000000000001f6a8       0x10 ./Core/Src/UART_LIN.o
 .debug_macro   0x000000000001f6b8      0x267 ./Core/Src/can.o
 .debug_macro   0x000000000001f91f       0x97 ./Core/Src/can.o
 .debug_macro   0x000000000001f9b6       0xfd ./Core/Src/can.o
 .debug_macro   0x000000000001fab3      0x45d ./Core/Src/freertos.o
 .debug_macro   0x000000000001ff10       0xf1 ./Core/Src/freertos.o
 .debug_macro   0x0000000000020001      0x15a ./Core/Src/freertos.o
 .debug_macro   0x000000000002015b       0xde ./Core/Src/freertos.o
 .debug_macro   0x0000000000020239       0x1c ./Core/Src/freertos.o
 .debug_macro   0x0000000000020255       0x26 ./Core/Src/freertos.o
 .debug_macro   0x000000000002027b       0x10 ./Core/Src/freertos.o
 .debug_macro   0x000000000002028b      0x4fe ./Core/Src/freertos.o
 .debug_macro   0x0000000000020789       0xb5 ./Core/Src/freertos.o
 .debug_macro   0x000000000002083e       0xaa ./Core/Src/freertos.o
 .debug_macro   0x00000000000208e8       0x1c ./Core/Src/freertos.o
 .debug_macro   0x0000000000020904       0x91 ./Core/Src/freertos.o
 .debug_macro   0x0000000000020995       0x8d ./Core/Src/freertos.o
 .debug_macro   0x0000000000020a22       0x7e ./Core/Src/freertos.o
 .debug_macro   0x0000000000020aa0       0x19 ./Core/Src/freertos.o
 .debug_macro   0x0000000000020ab9       0xf2 ./Core/Src/freertos.o
 .debug_macro   0x0000000000020bab      0x453 ./Core/Src/int.o
 .debug_macro   0x0000000000020ffe       0xf1 ./Core/Src/int.o
 .debug_macro   0x00000000000210ef       0x16 ./Core/Src/int.o
 .debug_macro   0x0000000000021105      0x461 ./Core/Src/main.o
 .debug_macro   0x0000000000021566      0x28b ./Core/Src/rtc.o
 .debug_macro   0x00000000000217f1       0x16 ./Core/Src/rtc.o
 .debug_macro   0x0000000000021807      0x10e ./Core/Src/rtc.o
 .debug_macro   0x0000000000021915       0x8d ./Core/Src/rtc.o
 .debug_macro   0x00000000000219a2       0x16 ./Core/Src/rtc.o
 .debug_macro   0x00000000000219b8       0x29 ./Core/Src/rtc.o
 .debug_macro   0x00000000000219e1      0x45d ./Core/Src/stm32f4xx_hal_msp.o
 .debug_macro   0x0000000000021e3e      0x1c4 ./Core/Src/stm32f4xx_hal_timebase_tim.o
 .debug_macro   0x0000000000022002      0x467 ./Core/Src/stm32f4xx_it.o
 .debug_macro   0x0000000000022469      0x1c4 ./Core/Src/system_stm32f4xx.o
 .debug_macro   0x000000000002262d      0x3a3 ./Core/Src/usart2.o
 .debug_macro   0x00000000000229d0       0x10 ./Core/Src/usart2.o
 .debug_macro   0x00000000000229e0      0x224 ./Drivers/STM32F4xx_HAL_Driver/Src/stm32f4xx_hal.o
 .debug_macro   0x0000000000022c04      0x1c4 ./Drivers/STM32F4xx_HAL_Driver/Src/stm32f4xx_hal_cortex.o
 .debug_macro   0x0000000000022dc8      0x1e8 ./Drivers/STM32F4xx_HAL_Driver/Src/stm32f4xx_hal_rcc.o
 .debug_macro   0x0000000000022fb0      0x1c5 ./Drivers/STM32F4xx_HAL_Driver/Src/stm32f4xx_hal_tim.o
 .debug_macro   0x0000000000023175      0x1c4 ./Drivers/STM32F4xx_HAL_Driver/Src/stm32f4xx_hal_tim_ex.o
 .debug_macro   0x0000000000023339      0x210 ./Middlewares/Third_Party/FreeRTOS/Source/CMSIS_RTOS/cmsis_os.o
 .debug_macro   0x0000000000023549       0xc7 ./Middlewares/Third_Party/FreeRTOS/Source/CMSIS_RTOS/cmsis_os.o
 .debug_macro   0x0000000000023610      0x199 ./Middlewares/Third_Party/FreeRTOS/Source/list.o
 .debug_macro   0x00000000000237a9      0x228 ./Middlewares/Third_Party/FreeRTOS/Source/queue.o
 .debug_macro   0x00000000000239d1       0x87 ./Middlewares/Third_Party/FreeRTOS/Source/queue.o
 .debug_macro   0x0000000000023a58      0x28b ./Middlewares/Third_Party/FreeRTOS/Source/tasks.o
 .debug_macro   0x0000000000023ce3       0x10 ./Middlewares/Third_Party/FreeRTOS/Source/tasks.o
 .debug_macro   0x0000000000023cf3      0x233 ./Middlewares/Third_Party/FreeRTOS/Source/portable/GCC/ARM_CM4F/port.o
 .debug_macro   0x0000000000023f26      0x1c0 ./Middlewares/Third_Party/FreeRTOS/Source/portable/MemMang/heap_4.o

.debug_line     0x0000000000000000    0x13e6b
 .debug_line    0x0000000000000000      0xcbb ./Core/Src/UART_LIN.o
 .debug_line    0x0000000000000cbb      0xa79 ./Core/Src/can.o
 .debug_line    0x0000000000001734      0xa48 ./Core/Src/freertos.o
 .debug_line    0x000000000000217c      0xa74 ./Core/Src/int.o
 .debug_line    0x0000000000002bf0      0xc29 ./Core/Src/main.o
 .debug_line    0x0000000000003819      0xb61 ./Core/Src/rtc.o
 .debug_line    0x000000000000437a      0xa4d ./Core/Src/stm32f4xx_hal_msp.o
 .debug_line    0x0000000000004dc7      0x703 ./Core/Src/stm32f4xx_hal_timebase_tim.o
 .debug_line    0x00000000000054ca      0xae9 ./Core/Src/stm32f4xx_it.o
 .debug_line    0x0000000000005fb3      0x709 ./Core/Src/system_stm32f4xx.o
 .debug_line    0x00000000000066bc      0xd14 ./Core/Src/usart2.o
 .debug_line    0x00000000000073d0       0x88 ./Core/Startup/startup_stm32f407vgtx.o
 .debug_line    0x0000000000007458      0x96f ./Drivers/STM32F4xx_HAL_Driver/Src/stm32f4xx_hal.o
 .debug_line    0x0000000000007dc7      0xc1e ./Drivers/STM32F4xx_HAL_Driver/Src/stm32f4xx_hal_cortex.o
 .debug_line    0x00000000000089e5      0xceb ./Drivers/STM32F4xx_HAL_Driver/Src/stm32f4xx_hal_rcc.o
 .debug_line    0x00000000000096d0     0x3663 ./Drivers/STM32F4xx_HAL_Driver/Src/stm32f4xx_hal_tim.o
 .debug_line    0x000000000000cd33     0x196c ./Drivers/STM32F4xx_HAL_Driver/Src/stm32f4xx_hal_tim_ex.o
 .debug_line    0x000000000000e69f     0x11aa ./Middlewares/Third_Party/FreeRTOS/Source/CMSIS_RTOS/cmsis_os.o
 .debug_line    0x000000000000f849      0x6e5 ./Middlewares/Third_Party/FreeRTOS/Source/list.o
 .debug_line    0x000000000000ff2e     0x1466 ./Middlewares/Third_Party/FreeRTOS/Source/queue.o
 .debug_line    0x0000000000011394     0x191c ./Middlewares/Third_Party/FreeRTOS/Source/tasks.o
 .debug_line    0x0000000000012cb0      0x8ac ./Middlewares/Third_Party/FreeRTOS/Source/portable/GCC/ARM_CM4F/port.o
 .debug_line    0x000000000001355c      0x90f ./Middlewares/Third_Party/FreeRTOS/Source/portable/MemMang/heap_4.o

.debug_str      0x0000000000000000    0xd2163
 .debug_str     0x0000000000000000    0xc5d22 ./Core/Src/UART_LIN.o
                                      0xc603d (size before relaxing)
 .debug_str     0x00000000000c5d22      0x25c ./Core/Src/can.o
                                      0x8c2f0 (size before relaxing)
 .debug_str     0x00000000000c5f7e     0x63e4 ./Core/Src/freertos.o
                                      0xcbb5a (size before relaxing)
 .debug_str     0x00000000000cc362       0x92 ./Core/Src/int.o
                                      0xcb82b (size before relaxing)
 .debug_str     0x00000000000cc3f4      0xca2 ./Core/Src/main.o
                                      0xcc9f7 (size before relaxing)
 .debug_str     0x00000000000cd096      0x2b6 ./Core/Src/rtc.o
                                      0x8c4d8 (size before relaxing)
 .debug_str     0x00000000000cd34c       0x41 ./Core/Src/stm32f4xx_hal_msp.o
                                      0xcbcc9 (size before relaxing)
 .debug_str     0x00000000000cd38d      0x11a ./Core/Src/stm32f4xx_hal_timebase_tim.o
                                      0xc2596 (size before relaxing)
 .debug_str     0x00000000000cd4a7       0xb9 ./Core/Src/stm32f4xx_it.o
                                      0xcbc6d (size before relaxing)
 .debug_str     0x00000000000cd560       0x87 ./Core/Src/system_stm32f4xx.o
                                      0xc1a9f (size before relaxing)
 .debug_str     0x00000000000cd5e7       0xc1 ./Core/Src/usart2.o
                                      0xc602c (size before relaxing)
 .debug_str     0x00000000000cd6a8       0x36 ./Core/Startup/startup_stm32f407vgtx.o
                                         0x70 (size before relaxing)
 .debug_str     0x00000000000cd6de      0x5c9 ./Drivers/STM32F4xx_HAL_Driver/Src/stm32f4xx_hal.o
                                      0xc2623 (size before relaxing)
 .debug_str     0x00000000000cdca7      0x293 ./Drivers/STM32F4xx_HAL_Driver/Src/stm32f4xx_hal_cortex.o
                                      0xc2356 (size before relaxing)
 .debug_str     0x00000000000cdf3a      0x241 ./Drivers/STM32F4xx_HAL_Driver/Src/stm32f4xx_hal_rcc.o
                                      0xc1ed3 (size before relaxing)
 .debug_str     0x00000000000ce17b      0xe69 ./Drivers/STM32F4xx_HAL_Driver/Src/stm32f4xx_hal_tim.o
                                      0xc2e19 (size before relaxing)
 .debug_str     0x00000000000cefe4      0x503 ./Drivers/STM32F4xx_HAL_Driver/Src/stm32f4xx_hal_tim_ex.o
                                      0xc2635 (size before relaxing)
 .debug_str     0x00000000000cf4e7      0x91c ./Middlewares/Third_Party/FreeRTOS/Source/CMSIS_RTOS/cmsis_os.o
                                       0xe70c (size before relaxing)
 .debug_str     0x00000000000cfe03      0x12d ./Middlewares/Third_Party/FreeRTOS/Source/list.o
                                       0xa6b1 (size before relaxing)
 .debug_str     0x00000000000cff30      0x7e4 ./Middlewares/Third_Party/FreeRTOS/Source/queue.o
                                       0xc044 (size before relaxing)
 .debug_str     0x00000000000d0714      0xf9f ./Middlewares/Third_Party/FreeRTOS/Source/tasks.o
                                       0xcde9 (size before relaxing)
 .debug_str     0x00000000000d16b3      0x783 ./Middlewares/Third_Party/FreeRTOS/Source/portable/GCC/ARM_CM4F/port.o
                                       0x9fcb (size before relaxing)
 .debug_str     0x00000000000d1e36      0x32d ./Middlewares/Third_Party/FreeRTOS/Source/portable/MemMang/heap_4.o
                                       0xaff3 (size before relaxing)

.comment        0x0000000000000000       0x50
 .comment       0x0000000000000000       0x50 ./Core/Src/UART_LIN.o
                                         0x51 (size before relaxing)
 .comment       0x0000000000000050       0x51 ./Core/Src/can.o
 .comment       0x0000000000000050       0x51 ./Core/Src/freertos.o
 .comment       0x0000000000000050       0x51 ./Core/Src/int.o
 .comment       0x0000000000000050       0x51 ./Core/Src/main.o
 .comment       0x0000000000000050       0x51 ./Core/Src/rtc.o
 .comment       0x0000000000000050       0x51 ./Core/Src/stm32f4xx_hal_msp.o
 .comment       0x0000000000000050       0x51 ./Core/Src/stm32f4xx_hal_timebase_tim.o
 .comment       0x0000000000000050       0x51 ./Core/Src/stm32f4xx_it.o
 .comment       0x0000000000000050       0x51 ./Core/Src/system_stm32f4xx.o
 .comment       0x0000000000000050       0x51 ./Core/Src/usart2.o
 .comment       0x0000000000000050       0x51 ./Drivers/STM32F4xx_HAL_Driver/Src/stm32f4xx_hal.o
 .comment       0x0000000000000050       0x51 ./Drivers/STM32F4xx_HAL_Driver/Src/stm32f4xx_hal_cortex.o
 .comment       0x0000000000000050       0x51 ./Drivers/STM32F4xx_HAL_Driver/Src/stm32f4xx_hal_rcc.o
 .comment       0x0000000000000050       0x51 ./Drivers/STM32F4xx_HAL_Driver/Src/stm32f4xx_hal_tim.o
 .comment       0x0000000000000050       0x51 ./Drivers/STM32F4xx_HAL_Driver/Src/stm32f4xx_hal_tim_ex.o
 .comment       0x0000000000000050       0x51 ./Middlewares/Third_Party/FreeRTOS/Source/CMSIS_RTOS/cmsis_os.o
 .comment       0x0000000000000050       0x51 ./Middlewares/Third_Party/FreeRTOS/Source/list.o
 .comment       0x0000000000000050       0x51 ./Middlewares/Third_Party/FreeRTOS/Source/queue.o
 .comment       0x0000000000000050       0x51 ./Middlewares/Third_Party/FreeRTOS/Source/tasks.o
 .comment       0x0000000000000050       0x51 ./Middlewares/Third_Party/FreeRTOS/Source/portable/GCC/ARM_CM4F/port.o
 .comment       0x0000000000000050       0x51 ./Middlewares/Third_Party/FreeRTOS/Source/portable/MemMang/heap_4.o

.debug_frame    0x0000000000000000     0x4a08
 .debug_frame   0x0000000000000000      0x25c ./Core/Src/UART_LIN.o
 .debug_frame   0x000000000000025c      0x1c8 ./Core/Src/can.o
 .debug_frame   0x0000000000000424       0x38 ./Core/Src/freertos.o
 .debug_frame   0x000000000000045c       0x48 ./Core/Src/int.o
 .debug_frame   0x00000000000004a4      0x19c ./Core/Src/main.o
 .debug_frame   0x0000000000000640      0x280 ./Core/Src/rtc.o
 .debug_frame   0x00000000000008c0       0x34 ./Core/Src/stm32f4xx_hal_msp.o
 .debug_frame   0x00000000000008f4       0x74 ./Core/Src/stm32f4xx_hal_timebase_tim.o
 .debug_frame   0x0000000000000968       0xc4 ./Core/Src/stm32f4xx_it.o
 .debug_frame   0x0000000000000a2c       0x58 ./Core/Src/system_stm32f4xx.o
 .debug_frame   0x0000000000000a84      0x208 ./Core/Src/usart2.o
 .debug_frame   0x0000000000000c8c      0x374 ./Drivers/STM32F4xx_HAL_Driver/Src/stm32f4xx_hal.o
 .debug_frame   0x0000000000001000      0x498 ./Drivers/STM32F4xx_HAL_Driver/Src/stm32f4xx_hal_cortex.o
 .debug_frame   0x0000000000001498      0x1f4 ./Drivers/STM32F4xx_HAL_Driver/Src/stm32f4xx_hal_rcc.o
 .debug_frame   0x000000000000168c     0x11c4 ./Drivers/STM32F4xx_HAL_Driver/Src/stm32f4xx_hal_tim.o
 .debug_frame   0x0000000000002850      0x638 ./Drivers/STM32F4xx_HAL_Driver/Src/stm32f4xx_hal_tim_ex.o
 .debug_frame   0x0000000000002e88      0x80c ./Middlewares/Third_Party/FreeRTOS/Source/CMSIS_RTOS/cmsis_os.o
 .debug_frame   0x0000000000003694       0xd8 ./Middlewares/Third_Party/FreeRTOS/Source/list.o
 .debug_frame   0x000000000000376c      0x46c ./Middlewares/Third_Party/FreeRTOS/Source/queue.o
 .debug_frame   0x0000000000003bd8      0x77c ./Middlewares/Third_Party/FreeRTOS/Source/tasks.o
 .debug_frame   0x0000000000004354      0x1a8 ./Middlewares/Third_Party/FreeRTOS/Source/portable/GCC/ARM_CM4F/port.o
 .debug_frame   0x00000000000044fc      0x12c ./Middlewares/Third_Party/FreeRTOS/Source/portable/MemMang/heap_4.o