Archive member included to satisfy reference by file (symbol)

/opt/st/stm32cubeide_1.12.0/plugins/com.st.stm32cube.ide.mcu.externaltools.gnu-tools-for-stm32.10.3-2021.10.linux64_1.0.200.202301161003/tools/bin/../lib/gcc/arm-none-eabi/10.3.1/../../../../arm-none-eabi/lib/thumb/v7e-m+fp/hard/libc_nano.a(lib_a-errno.o)
                              ./Core/Src/syscalls.o (__errno)
/opt/st/stm32cubeide_1.12.0/plugins/com.st.stm32cube.ide.mcu.externaltools.gnu-tools-for-stm32.10.3-2021.10.linux64_1.0.200.202301161003/tools/bin/../lib/gcc/arm-none-eabi/10.3.1/../../../../arm-none-eabi/lib/thumb/v7e-m+fp/hard/libc_nano.a(lib_a-exit.o)
                              /opt/st/stm32cubeide_1.12.0/plugins/com.st.stm32cube.ide.mcu.externaltools.gnu-tools-for-stm32.10.3-2021.10.linux64_1.0.200.202301161003/tools/bin/../lib/gcc/arm-none-eabi/10.3.1/../../../../arm-none-eabi/lib/thumb/v7e-m+fp/hard/crt0.o (exit)
/opt/st/stm32cubeide_1.12.0/plugins/com.st.stm32cube.ide.mcu.externaltools.gnu-tools-for-stm32.10.3-2021.10.linux64_1.0.200.202301161003/tools/bin/../lib/gcc/arm-none-eabi/10.3.1/../../../../arm-none-eabi/lib/thumb/v7e-m+fp/hard/libc_nano.a(lib_a-findfp.o)
                              ./Middlewares/Third_Party/FreeRTOS/Source/tasks.o (__sf_fake_stderr)
/opt/st/stm32cubeide_1.12.0/plugins/com.st.stm32cube.ide.mcu.externaltools.gnu-tools-for-stm32.10.3-2021.10.linux64_1.0.200.202301161003/tools/bin/../lib/gcc/arm-none-eabi/10.3.1/../../../../arm-none-eabi/lib/thumb/v7e-m+fp/hard/libc_nano.a(lib_a-fwalk.o)
                              /opt/st/stm32cubeide_1.12.0/plugins/com.st.stm32cube.ide.mcu.externaltools.gnu-tools-for-stm32.10.3-2021.10.linux64_1.0.200.202301161003/tools/bin/../lib/gcc/arm-none-eabi/10.3.1/../../../../arm-none-eabi/lib/thumb/v7e-m+fp/hard/libc_nano.a(lib_a-findfp.o) (_fwalk)
/opt/st/stm32cubeide_1.12.0/plugins/com.st.stm32cube.ide.mcu.externaltools.gnu-tools-for-stm32.10.3-2021.10.linux64_1.0.200.202301161003/tools/bin/../lib/gcc/arm-none-eabi/10.3.1/../../../../arm-none-eabi/lib/thumb/v7e-m+fp/hard/libc_nano.a(lib_a-impure.o)
                              /opt/st/stm32cubeide_1.12.0/plugins/com.st.stm32cube.ide.mcu.externaltools.gnu-tools-for-stm32.10.3-2021.10.linux64_1.0.200.202301161003/tools/bin/../lib/gcc/arm-none-eabi/10.3.1/../../../../arm-none-eabi/lib/thumb/v7e-m+fp/hard/libc_nano.a(lib_a-exit.o) (_global_impure_ptr)
/opt/st/stm32cubeide_1.12.0/plugins/com.st.stm32cube.ide.mcu.externaltools.gnu-tools-for-stm32.10.3-2021.10.linux64_1.0.200.202301161003/tools/bin/../lib/gcc/arm-none-eabi/10.3.1/../../../../arm-none-eabi/lib/thumb/v7e-m+fp/hard/libc_nano.a(lib_a-init.o)
                              /opt/st/stm32cubeide_1.12.0/plugins/com.st.stm32cube.ide.mcu.externaltools.gnu-tools-for-stm32.10.3-2021.10.linux64_1.0.200.202301161003/tools/bin/../lib/gcc/arm-none-eabi/10.3.1/../../../../arm-none-eabi/lib/thumb/v7e-m+fp/hard/crt0.o (__libc_init_array)
/opt/st/stm32cubeide_1.12.0/plugins/com.st.stm32cube.ide.mcu.externaltools.gnu-tools-for-stm32.10.3-2021.10.linux64_1.0.200.202301161003/tools/bin/../lib/gcc/arm-none-eabi/10.3.1/../../../../arm-none-eabi/lib/thumb/v7e-m+fp/hard/libc_nano.a(lib_a-lock.o)
                              /opt/st/stm32cubeide_1.12.0/plugins/com.st.stm32cube.ide.mcu.externaltools.gnu-tools-for-stm32.10.3-2021.10.linux64_1.0.200.202301161003/tools/bin/../lib/gcc/arm-none-eabi/10.3.1/../../../../arm-none-eabi/lib/thumb/v7e-m+fp/hard/libc_nano.a(lib_a-findfp.o) (__retarget_lock_init_recursive)
/opt/st/stm32cubeide_1.12.0/plugins/com.st.stm32cube.ide.mcu.externaltools.gnu-tools-for-stm32.10.3-2021.10.linux64_1.0.200.202301161003/tools/bin/../lib/gcc/arm-none-eabi/10.3.1/../../../../arm-none-eabi/lib/thumb/v7e-m+fp/hard/libc_nano.a(lib_a-malloc.o)
                              ./Core/Src/circularbuffer.o (malloc)
/opt/st/stm32cubeide_1.12.0/plugins/com.st.stm32cube.ide.mcu.externaltools.gnu-tools-for-stm32.10.3-2021.10.linux64_1.0.200.202301161003/tools/bin/../lib/gcc/arm-none-eabi/10.3.1/../../../../arm-none-eabi/lib/thumb/v7e-m+fp/hard/libc_nano.a(lib_a-memcpy-stub.o)
                              ./Middlewares/Third_Party/FreeRTOS/Source/queue.o (memcpy)
/opt/st/stm32cubeide_1.12.0/plugins/com.st.stm32cube.ide.mcu.externaltools.gnu-tools-for-stm32.10.3-2021.10.linux64_1.0.200.202301161003/tools/bin/../lib/gcc/arm-none-eabi/10.3.1/../../../../arm-none-eabi/lib/thumb/v7e-m+fp/hard/libc_nano.a(lib_a-memset.o)
                              /opt/st/stm32cubeide_1.12.0/plugins/com.st.stm32cube.ide.mcu.externaltools.gnu-tools-for-stm32.10.3-2021.10.linux64_1.0.200.202301161003/tools/bin/../lib/gcc/arm-none-eabi/10.3.1/../../../../arm-none-eabi/lib/thumb/v7e-m+fp/hard/crt0.o (memset)
/opt/st/stm32cubeide_1.12.0/plugins/com.st.stm32cube.ide.mcu.externaltools.gnu-tools-for-stm32.10.3-2021.10.linux64_1.0.200.202301161003/tools/bin/../lib/gcc/arm-none-eabi/10.3.1/../../../../arm-none-eabi/lib/thumb/v7e-m+fp/hard/libc_nano.a(lib_a-nano-freer.o)
[...]
Memory Configuration

Name             Origin             Length             Attributes
CCMRAM           0x0000000010000000 0x0000000000010000 xrw
RAM              0x0000000020000000 0x0000000000020000 xrw
FLASH            0x0000000008000000 0x0000000000100000 xr
*default*        0x0000000000000000 0xffffffffffffffff

Linker script and memory map

LOAD /opt/st/stm32cubeide_1.12.0/plugins/com.st.stm32cube.ide.mcu.externaltools.gnu-tools-for-stm32.10.3-2021.10.linux64_1.0.200.202301161003/tools/bin/../lib/gcc/arm-none-eabi/10.3.1/thumb/v7e-m+fp/hard/crti.o
LOAD /opt/st/stm32cubeide_1.12.0/plugins/com.st.stm32cube.ide.mcu.externaltools.gnu-tools-for-stm32.10.3-2021.10.linux64_1.0.200.202301161003/tools/bin/../lib/gcc/arm-none-eabi/10.3.1/thumb/v7e-m+fp/hard/crtbegin.o
LOAD /opt/st/stm32cubeide_1.12.0/plugins/com.st.stm32cube.ide.mcu.externaltools.gnu-tools-for-stm32.10.3-2021.10.linux64_1.0.200.202301161003/tools/bin/../lib/gcc/arm-none-eabi/10.3.1/../../../../arm-none-eabi/lib/thumb/v7e-m+fp/hard/crt0.o
LOAD ./Core/Src/UART_LIN.o
LOAD ./Core/Src/can.o
LOAD ./Core/Src/circularbuffer.o
LOAD ./Core/Src/freertos.o
LOAD ./Core/Src/main.o
LOAD ./Core/Src/rtc.o
LOAD ./Core/Src/stm32f4xx_hal_msp.o
LOAD ./Core/Src/stm32f4xx_hal_timebase_tim.o
LOAD ./Core/Src/stm32f4xx_it.o
LOAD ./Core/Src/syscalls.o
LOAD ./Core/Src/sysmem.o
LOAD ./Core/Src/system_stm32f4xx.o
LOAD ./Core/Src/usart2.o
LOAD ./Core/Startup/startup_stm32f407vgtx.o
LOAD ./Drivers/STM32F4xx_HAL_Driver/Src/stm32f4xx_hal.o
LOAD ./Drivers/STM32F4xx_HAL_Driver/Src/stm32f4xx_hal_cortex.o
LOAD ./Drivers/STM32F4xx_HAL_Driver/Src/stm32f4xx_hal_dma.o
LOAD ./Drivers/STM32F4xx_HAL_Driver/Src/stm32f4xx_hal_dma_ex.o
LOAD ./Drivers/STM32F4xx_HAL_Driver/Src/stm32f4xx_hal_exti.o
LOAD ./Drivers/STM32F4xx_HAL_Driver/Src/stm32f4xx_hal_flash.o
LOAD ./Drivers/STM32F4xx_HAL_Driver/Src/stm32f4xx_hal_flash_ex.o
LOAD ./Drivers/STM32F4xx_HAL_Driver/Src/stm32f4xx_hal_flash_ramfunc.o
LOAD ./Drivers/STM32F4xx_HAL_Driver/Src/stm32f4xx_hal_gpio.o
LOAD ./Drivers/STM32F4xx_HAL_Driver/Src/stm32f4xx_hal_pwr.o
LOAD ./Drivers/STM32F4xx_HAL_Driver/Src/stm32f4xx_hal_pwr_ex.o
LOAD ./Drivers/STM32F4xx_HAL_Driver/Src/stm32f4xx_hal_rcc.o
LOAD ./Drivers/STM32F4xx_HAL_Driver/Src/stm32f4xx_hal_rcc_ex.o
LOAD ./Drivers/STM32F4xx_HAL_Driver/Src/stm32f4xx_hal_tim.o
LOAD ./Drivers/STM32F4xx_HAL_Driver/Src/stm32f4xx_hal_tim_ex.o
LOAD ./Middlewares/Third_Party/FreeRTOS/Source/CMSIS_RTOS/cmsis_os.o
LOAD ./Middlewares/Third_Party/FreeRTOS/Source/croutine.o
LOAD ./Middlewares/Third_Party/FreeRTOS/Source/event_groups.o
LOAD ./Middlewares/Third_Party/FreeRTOS/Source/list.o
LOAD ./Middlewares/Third_Party/FreeRTOS/Source/queue.o
LOAD ./Middlewares/Third_Party/FreeRTOS/Source/stream_buffer.o
LOAD ./Middlewares/Third_Party/FreeRTOS/Source/tasks.o
LOAD ./Middlewares/Third_Party/FreeRTOS/Source/timers.o
LOAD ./Middlewares/Third_Party/FreeRTOS/Source/portable/GCC/ARM_CM4F/port.o
LOAD ./Middlewares/Third_Party/FreeRTOS/Source/portable/MemMang/heap_4.o
START GROUP
LOAD /opt/st/stm32cubeide_1.12.0/plugins/com.st.stm32cube.ide.mcu.externaltools.gnu-tools-for-stm32.10.3-2021.10.linux64_1.0.200.202301161003/tools/bin/../lib/gcc/arm-none-eabi/10.3.1/../../../../arm-none-eabi/lib/thumb/v7e-m+fp/hard/libc_nano.a
LOAD /opt/st/stm32cubeide_1.12.0/plugins/com.st.stm32cube.ide.mcu.externaltools.gnu-tools-for-stm32.10.3-2021.10.linux64_1.0.200.202301161003/tools/bin/../lib/gcc/arm-none-eabi/10.3.1/../../../../arm-none-eabi/lib/thumb/v7e-m+fp/hard/libm.a
END GROUP
START GROUP
LOAD /opt/st/stm32cubeide_1.12.0/plugins/com.st.stm32cube.ide.mcu.externaltools.gnu-tools-for-stm32.10.3-2021.10.linux64_1.0.200.202301161003/tools/bin/../lib/gcc/arm-none-eabi/10.3.1/thumb/v7e-m+fp/hard/libgcc.a
LOAD /opt/st/stm32cubeide_1.12.0/plugins/com.st.stm32cube.ide.mcu.externaltools.gnu-tools-for-stm32.10.3-2021.10.linux64_1.0.200.202301161003/tools/bin/../lib/gcc/arm-none-eabi/10.3.1/../../../../arm-none-eabi/lib/thumb/v7e-m+fp/hard/libc_nano.a
END GROUP
START GROUP
LOAD /opt/st/stm32cubeide_1.12.0/plugins/com.st.stm32cube.ide.mcu.externaltools.gnu-tools-for-stm32.10.3-2021.10.linux64_1.0.200.202301161003/tools/bin/../lib/gcc/arm-none-eabi/10.3.1/thumb/v7e-m+fp/hard/libgcc.a
LOAD /opt/st/stm32cubeide_1.12.0/plugins/com.st.stm32cube.ide.mcu.externaltools.gnu-tools-for-stm32.10.3-2021.10.linux64_1.0.200.202301161003/tools/bin/../lib/gcc/arm-none-eabi/10.3.1/../../../../arm-none-eabi/lib/thumb/v7e-m+fp/hard/libc_nano.a
LOAD /opt/st/stm32cubeide_1.12.0/plugins/com.st.stm32cube.ide.mcu.externaltools.gnu-tools-for-stm32.10.3-2021.10.linux64_1.0.200.202301161003/tools/bin/../lib/gcc/arm-none-eabi/10.3.1/../../../../arm-none-eabi/lib/thumb/v7e-m+fp/hard/libnosys.a
END GROUP
START GROUP
LOAD /opt/st/stm32cubeide_1.12.0/plugins/com.st.stm32cube.ide.mcu.externaltools.gnu-tools-for-stm32.10.3-2021.10.linux64_1.0.200.202301161003/tools/bin/../lib/gcc/arm-none-eabi/10.3.1/thumb/v7e-m+fp/hard/libgcc.a
LOAD /opt/st/stm32cubeide_1.12.0/plugins/com.st.stm32cube.ide.mcu.externaltools.gnu-tools-for-stm32.10.3-2021.10.linux64_1.0.200.202301161003/tools/bin/../lib/gcc/arm-none-eabi/10.3.1/../../../../arm-none-eabi/lib/thumb/v7e-m+fp/hard/libc_nano.a
LOAD /opt/st/stm32cubeide_1.12.0/plugins/com.st.stm32cube.ide.mcu.externaltools.gnu-tools-for-stm32.10.3-2021.10.linux64_1.0.200.202301161003/tools/bin/../lib/gcc/arm-none-eabi/10.3.1/../../../../arm-none-eabi/lib/thumb/v7e-m+fp/hard/libnosys.a
END GROUP
LOAD /opt/st/stm32cubeide_1.12.0/plugins/com.st.stm32cube.ide.mcu.externaltools.gnu-tools-for-stm32.10.3-2021.10.linux64_1.0.200.202301161003/tools/bin/../lib/gcc/arm-none-eabi/10.3.1/thumb/v7e-m+fp/hard/crtend.o
LOAD /opt/st/stm32cubeide_1.12.0/plugins/com.st.stm32cube.ide.mcu.externaltools.gnu-tools-for-stm32.10.3-2021.10.linux64_1.0.200.202301161003/tools/bin/../lib/gcc/arm-none-eabi/10.3.1/thumb/v7e-m+fp/hard/crtn.o
                0x0000000020020000                _estack = (ORIGIN (RAM) + LENGTH (RAM))
                0x0000000000000200                _Min_Heap_Size = 0x200
                0x0000000000000400                _Min_Stack_Size = 0x400

.isr_vector     0x0000000008000000      0x188
                0x0000000008000000                . = ALIGN (0x4)
 *(.isr_vector)
 .isr_vector    0x0000000008000000      0x188 ./Core/Startup/startup_stm32f407vgtx.o
                0x0000000008000000                g_pfnVectors
                0x0000000008000188                . = ALIGN (0x4)

.text           0x0000000008000190     0x6784
                0x0000000008000190                . = ALIGN (0x4)
 *(.text)
 .text          0x0000000008000190       0x40 /opt/st/stm32cubeide_1.12.0/plugins/com.st.stm32cube.ide.mcu.externaltools.gnu-tools-for-stm32.10.3-2021.10.linux64_1.0.200.202301161003/tools/bin/../lib/gcc/arm-none-eabi/10.3.1/thumb/v7e-m+fp/hard/crtbegin.o
 .text          0x00000000080001d0       0x30 /opt/st/stm32cubeide_1.12.0/plugins/com.st.stm32cube.ide.mcu.externaltools.gnu-tools-for-stm32.10.3-2021.10.linux64_1.0.200.202301161003/tools/bin/../lib/gcc/arm-none-eabi/10.3.1/thumb/v7e-m+fp/hard/libgcc.a(_aeabi_uldivmod.o)
                0x00000000080001d0                __aeabi_uldivmod
 .text          0x0000000008000200      0x2d0 /opt/st/stm32cubeide_1.12.0/plugins/com.st.stm32cube.ide.mcu.externaltools.gnu-tools-for-stm32.10.3-2021.10.linux64_1.0.200.202301161003/tools/bin/../lib/gcc/arm-none-eabi/10.3.1/thumb/v7e-m+fp/hard/libgcc.a(_udivmoddi4.o)
                0x0000000008000200                __udivmoddi4
 .text          0x00000000080004d0        0x4 /opt/st/stm32cubeide_1.12.0/plugins/com.st.stm32cube.ide.mcu.externaltools.gnu-tools-for-stm32.10.3-2021.10.linux64_1.0.200.202301161003/tools/bin/../lib/gcc/arm-none-eabi/10.3.1/thumb/v7e-m+fp/hard/libgcc.a(_dvmd_tls.o)
                0x00000000080004d0                __aeabi_ldiv0
                0x00000000080004d0                __aeabi_idiv0
 *(.text*)
 .text.SendMessage
                0x00000000080004d4       0x28 ./Core/Src/UART_LIN.o
                0x00000000080004d4                SendMessage
 .text.SendHeader
                0x00000000080004fc       0x1e ./Core/Src/UART_LIN.o
 .text.SendResponse
                0x000000000800051a       0x42 ./Core/Src/UART_LIN.o
 .text.sync_break
                0x000000000800055c       0x3c ./Core/Src/UART_LIN.o
                0x000000000800055c                sync_break
 .text.slave_response
                0x0000000008000598      0x100 ./Core/Src/UART_LIN.o
                0x0000000008000598                slave_response
 .text.UART_PutChar
                0x0000000008000698       0x40 ./Core/Src/UART_LIN.o
                0x0000000008000698                UART_PutChar
 .text.checksum
                0x00000000080006d8       0x56 ./Core/Src/UART_LIN.o
                0x00000000080006d8                checksum
 *fill*         0x000000000800072e        0x2 
 .text.Make_RTC_LIN_Frame
                0x0000000008000730       0xdc ./Core/Src/UART_LIN.o
                0x0000000008000730                Make_RTC_LIN_Frame
 .text.Send_LIN_To_CAN
                0x000000000800080c       0x6a ./Core/Src/UART_LIN.o
                0x000000000800080c                Send_LIN_To_CAN
 *fill*         0x0000000008000876        0x2 
 .text.__NVIC_EnableIRQ
                0x0000000008000878       0x3c ./Core/Src/can.o
 .text.__NVIC_SetPriority
                0x00000000080008b4       0x54 ./Core/Src/can.o
 .text.CAN_Counter_Init
                0x0000000008000908       0x30 ./Core/Src/can.o
                0x0000000008000908                CAN_Counter_Init
 .text.CAN_GPIO_Init
                0x0000000008000938       0xa8 ./Core/Src/can.o
                0x0000000008000938                CAN_GPIO_Init
 .text.CAN_config
                0x00000000080009e0      0x17c ./Core/Src/can.o
                0x00000000080009e0                CAN_config
 .text.Configure_buttonInterrupt
                0x0000000008000b5c       0x84 ./Core/Src/can.o
                0x0000000008000b5c                Configure_buttonInterrupt
 .text.CAN_sendFrame
                0x0000000008000be0       0xa8 ./Core/Src/can.o
                0x0000000008000be0                CAN_sendFrame
 .text.EXTI0_IRQHandler
                0x0000000008000c88       0x28 ./Core/Src/can.o
                0x0000000008000c88                EXTI0_IRQHandler
 .text.EXTI0_buttonpressCallback
                0x0000000008000cb0       0x20 ./Core/Src/can.o
                0x0000000008000cb0                EXTI0_buttonpressCallback
 .text.CAN_frameFetch
                0x0000000008000cd0       0xb8 ./Core/Src/can.o
                0x0000000008000cd0                CAN_frameFetch
 .text.getNewBufferCan
                0x0000000008000d88       0x32 ./Core/Src/circularbuffer.o
                0x0000000008000d88                getNewBufferCan
 .text.getNewBufferLin
                0x0000000008000dba       0x32 ./Core/Src/circularbuffer.o
                0x0000000008000dba                getNewBufferLin
 .text.pushToBufferCan
                0x0000000008000dec       0x76 ./Core/Src/circularbuffer.o
                0x0000000008000dec                pushToBufferCan
 .text.pullFromBufferCan
                0x0000000008000e62       0x64 ./Core/Src/circularbuffer.o
                0x0000000008000e62                pullFromBufferCan
 .text.pushToBufferLin
                0x0000000008000ec6       0x84 ./Core/Src/circularbuffer.o
                0x0000000008000ec6                pushToBufferLin
 .text.pullFromBufferLin
                0x0000000008000f4a       0x6c ./Core/Src/circularbuffer.o
                0x0000000008000f4a                pullFromBufferLin
 *fill*         0x0000000008000fb6        0x2 
 .text.vApplicationGetIdleTaskMemory
                0x0000000008000fb8       0x34 ./Core/Src/freertos.o
                0x0000000008000fb8                vApplicationGetIdleTaskMemory
 .text.vApplicationGetTimerTaskMemory
                0x0000000008000fec       0x34 ./Core/Src/freertos.o
                0x0000000008000fec                vApplicationGetTimerTaskMemory
 .text.CAN1_RX0_IRQHandler
                0x0000000008001020       0x34 ./Core/Src/main.o
                0x0000000008001020                CAN1_RX0_IRQHandler
 .text.USART3_IRQHandler
                0x0000000008001054       0x28 ./Core/Src/main.o
                0x0000000008001054                USART3_IRQHandler
 .text.main     0x000000000800107c      0x250 ./Core/Src/main.o
                0x000000000800107c                main
 .text.SystemClock_Config
                0x00000000080012cc       0xd4 ./Core/Src/main.o
                0x00000000080012cc                SystemClock_Config
 .text.MX_GPIO_Init
                0x00000000080013a0       0x50 ./Core/Src/main.o
 .text.StartDefaultTask
                0x00000000080013f0       0x10 ./Core/Src/main.o
                0x00000000080013f0                StartDefaultTask
 .text.can_reception
                0x0000000008001400       0x44 ./Core/Src/main.o
                0x0000000008001400                can_reception
 .text.can_send
                0x0000000008001444       0x34 ./Core/Src/main.o
                0x0000000008001444                can_send
 .text.can_process
                0x0000000008001478       0xe4 ./Core/Src/main.o
                0x0000000008001478                can_process
 .text.lin_process
                0x000000000800155c       0x80 ./Core/Src/main.o
                0x000000000800155c                lin_process
 .text.lin_send
                0x00000000080015dc       0x34 ./Core/Src/main.o
                0x00000000080015dc                lin_send
 .text.ask_comodo
                0x0000000008001610       0x1c ./Core/Src/main.o
                0x0000000008001610                ask_comodo
 .text.HAL_TIM_PeriodElapsedCallback
                0x000000000800162c       0x24 ./Core/Src/main.o
                0x000000000800162c                HAL_TIM_PeriodElapsedCallback
 .text.Error_Handler
                0x0000000008001650        0xa ./Core/Src/main.o
                0x0000000008001650                Error_Handler
 .text.bcd_to_int
                0x000000000800165a       0x38 ./Core/Src/rtc.o
                0x000000000800165a                bcd_to_int
 *fill*         0x0000000008001692        0x2 
 .text.HAL_MspInit
                0x0000000008001694       0x58 ./Core/Src/stm32f4xx_hal_msp.o
                0x0000000008001694                HAL_MspInit
 .text.HAL_InitTick
                0x00000000080016ec       0xf8 ./Core/Src/stm32f4xx_hal_timebase_tim.o
                0x00000000080016ec                HAL_InitTick
 .text.NMI_Handler
                0x00000000080017e4        0x6 ./Core/Src/stm32f4xx_it.o
                0x00000000080017e4                NMI_Handler
 .text.HardFault_Handler
                0x00000000080017ea        0x6 ./Core/Src/stm32f4xx_it.o
                0x00000000080017ea                HardFault_Handler
 .text.MemManage_Handler
                0x00000000080017f0        0x6 ./Core/Src/stm32f4xx_it.o
                0x00000000080017f0                MemManage_Handler
 .text.BusFault_Handler
                0x00000000080017f6        0x6 ./Core/Src/stm32f4xx_it.o
                0x00000000080017f6                BusFault_Handler
 .text.UsageFault_Handler
                0x00000000080017fc        0x6 ./Core/Src/stm32f4xx_it.o
                0x00000000080017fc                UsageFault_Handler
 .text.DebugMon_Handler
                0x0000000008001802        0xe ./Core/Src/stm32f4xx_it.o
                0x0000000008001802                DebugMon_Handler
 .text.TIM6_DAC_IRQHandler
                0x0000000008001810       0x14 ./Core/Src/stm32f4xx_it.o
                0x0000000008001810                TIM6_DAC_IRQHandler
 .text._sbrk    0x0000000008001824       0x6c ./Core/Src/sysmem.o
                0x0000000008001824                _sbrk
 .text.SystemInit
                0x0000000008001890       0x24 ./Core/Src/system_stm32f4xx.o
                0x0000000008001890                SystemInit
 .text.serial_putc
                0x00000000080018b4       0x40 ./Core/Src/usart2.o
                0x00000000080018b4                serial_putc
 .text.serial_puts
                0x00000000080018f4       0x38 ./Core/Src/usart2.o
                0x00000000080018f4                serial_puts
 .text.USART2_IRQHandler
                0x000000000800192c       0x90 ./Core/Src/usart2.o
                0x000000000800192c                USART2_IRQHandler
 .text.handleTrameReceived
                0x00000000080019bc       0x2a ./Core/Src/usart2.o
                0x00000000080019bc                handleTrameReceived
 *fill*         0x00000000080019e6        0x2 
 .text.Reset_Handler
                0x00000000080019e8       0x50 ./Core/Startup/startup_stm32f407vgtx.o
                0x00000000080019e8                Reset_Handler
 .text.Default_Handler
                0x0000000008001a38        0x2 ./Core/Startup/startup_stm32f407vgtx.o
                0x0000000008001a38                RTC_Alarm_IRQHandler
                0x0000000008001a38                HASH_RNG_IRQHandler
                0x0000000008001a38                EXTI2_IRQHandler
                0x0000000008001a38                TIM8_CC_IRQHandler
                0x0000000008001a38                TIM1_CC_IRQHandler
                0x0000000008001a38                DMA2_Stream5_IRQHandler
                0x0000000008001a38                DMA1_Stream5_IRQHandler
                0x0000000008001a38                PVD_IRQHandler
                0x0000000008001a38                SDIO_IRQHandler
                0x0000000008001a38                TAMP_STAMP_IRQHandler
                0x0000000008001a38                CAN2_RX1_IRQHandler
                0x0000000008001a38                EXTI3_IRQHandler
                0x0000000008001a38                TIM8_TRG_COM_TIM14_IRQHandler
                0x0000000008001a38                TIM1_UP_TIM10_IRQHandler
                0x0000000008001a38                TIM8_UP_TIM13_IRQHandler
                0x0000000008001a38                I2C3_ER_IRQHandler
                0x0000000008001a38                I2C2_EV_IRQHandler
                0x0000000008001a38                DMA1_Stream2_IRQHandler
                0x0000000008001a38                FPU_IRQHandler
                0x0000000008001a38                OTG_HS_WKUP_IRQHandler
                0x0000000008001a38                CAN2_SCE_IRQHandler
                0x0000000008001a38                DMA2_Stream2_IRQHandler
                0x0000000008001a38                SPI1_IRQHandler
                0x0000000008001a38                TIM1_BRK_TIM9_IRQHandler
                0x0000000008001a38                DCMI_IRQHandler
                0x0000000008001a38                CAN2_RX0_IRQHandler
                0x0000000008001a38                DMA2_Stream3_IRQHandler
                0x0000000008001a38                USART6_IRQHandler
                0x0000000008001a38                CAN1_RX1_IRQHandler
                0x0000000008001a38                UART5_IRQHandler
                0x0000000008001a38                DMA2_Stream0_IRQHandler
                0x0000000008001a38                TIM4_IRQHandler
                0x0000000008001a38                I2C1_EV_IRQHandler
                0x0000000008001a38                DMA1_Stream6_IRQHandler
                0x0000000008001a38                DMA1_Stream1_IRQHandler
                0x0000000008001a38                UART4_IRQHandler
                0x0000000008001a38                TIM3_IRQHandler
                0x0000000008001a38                RCC_IRQHandler
                0x0000000008001a38                TIM8_BRK_TIM12_IRQHandler
                0x0000000008001a38                Default_Handler
                0x0000000008001a38                EXTI15_10_IRQHandler
                0x0000000008001a38                ADC_IRQHandler
                0x0000000008001a38                DMA1_Stream7_IRQHandler
                0x0000000008001a38                TIM7_IRQHandler
                0x0000000008001a38                CAN2_TX_IRQHandler
                0x0000000008001a38                TIM5_IRQHandler
                0x0000000008001a38                DMA2_Stream7_IRQHandler
                0x0000000008001a38                I2C3_EV_IRQHandler
                0x0000000008001a38                EXTI9_5_IRQHandler
                0x0000000008001a38                RTC_WKUP_IRQHandler
                0x0000000008001a38                ETH_WKUP_IRQHandler
                0x0000000008001a38                SPI2_IRQHandler
                0x0000000008001a38                OTG_HS_EP1_IN_IRQHandler
                0x0000000008001a38                DMA1_Stream0_IRQHandler
                0x0000000008001a38                CAN1_TX_IRQHandler
                0x0000000008001a38                EXTI4_IRQHandler
                0x0000000008001a38                FSMC_IRQHandler
                0x0000000008001a38                ETH_IRQHandler
                0x0000000008001a38                OTG_HS_EP1_OUT_IRQHandler
                0x0000000008001a38                WWDG_IRQHandler
                0x0000000008001a38                TIM2_IRQHandler
                0x0000000008001a38                OTG_FS_WKUP_IRQHandler
                0x0000000008001a38                TIM1_TRG_COM_TIM11_IRQHandler
                0x0000000008001a38                OTG_HS_IRQHandler
                0x0000000008001a38                EXTI1_IRQHandler
                0x0000000008001a38                I2C2_ER_IRQHandler
                0x0000000008001a38                DMA2_Stream1_IRQHandler
                0x0000000008001a38                CAN1_SCE_IRQHandler
                0x0000000008001a38                FLASH_IRQHandler
                0x0000000008001a38                DMA2_Stream4_IRQHandler
                0x0000000008001a38                USART1_IRQHandler
                0x0000000008001a38                OTG_FS_IRQHandler
                0x0000000008001a38                SPI3_IRQHandler
                0x0000000008001a38                DMA1_Stream4_IRQHandler
                0x0000000008001a38                I2C1_ER_IRQHandler
                0x0000000008001a38                DMA2_Stream6_IRQHandler
                0x0000000008001a38                DMA1_Stream3_IRQHandler
 *fill*         0x0000000008001a3a        0x2 
 .text.HAL_Init
                0x0000000008001a3c       0x44 ./Drivers/STM32F4xx_HAL_Driver/Src/stm32f4xx_hal.o
                0x0000000008001a3c                HAL_Init
 .text.HAL_IncTick
                0x0000000008001a80       0x28 ./Drivers/STM32F4xx_HAL_Driver/Src/stm32f4xx_hal.o
                0x0000000008001a80                HAL_IncTick
 .text.HAL_GetTick
                0x0000000008001aa8       0x18 ./Drivers/STM32F4xx_HAL_Driver/Src/stm32f4xx_hal.o
                0x0000000008001aa8                HAL_GetTick
 .text.__NVIC_SetPriorityGrouping
                0x0000000008001ac0       0x48 ./Drivers/STM32F4xx_HAL_Driver/Src/stm32f4xx_hal_cortex.o
 .text.__NVIC_GetPriorityGrouping
                0x0000000008001b08       0x1c ./Drivers/STM32F4xx_HAL_Driver/Src/stm32f4xx_hal_cortex.o
 .text.__NVIC_EnableIRQ
                0x0000000008001b24       0x3c ./Drivers/STM32F4xx_HAL_Driver/Src/stm32f4xx_hal_cortex.o
 .text.__NVIC_SetPriority
                0x0000000008001b60       0x54 ./Drivers/STM32F4xx_HAL_Driver/Src/stm32f4xx_hal_cortex.o
 .text.NVIC_EncodePriority
                0x0000000008001bb4       0x66 ./Drivers/STM32F4xx_HAL_Driver/Src/stm32f4xx_hal_cortex.o
 .text.HAL_NVIC_SetPriorityGrouping
                0x0000000008001c1a       0x16 ./Drivers/STM32F4xx_HAL_Driver/Src/stm32f4xx_hal_cortex.o
                0x0000000008001c1a                HAL_NVIC_SetPriorityGrouping
 .text.HAL_NVIC_SetPriority
                0x0000000008001c30       0x38 ./Drivers/STM32F4xx_HAL_Driver/Src/stm32f4xx_hal_cortex.o
                0x0000000008001c30                HAL_NVIC_SetPriority
 .text.HAL_NVIC_EnableIRQ
                0x0000000008001c68       0x1c ./Drivers/STM32F4xx_HAL_Driver/Src/stm32f4xx_hal_cortex.o
                0x0000000008001c68                HAL_NVIC_EnableIRQ
 .text.HAL_RCC_OscConfig
                0x0000000008001c84      0x4f0 ./Drivers/STM32F4xx_HAL_Driver/Src/stm32f4xx_hal_rcc.o
                0x0000000008001c84                HAL_RCC_OscConfig
 .text.HAL_RCC_ClockConfig
                0x0000000008002174      0x1cc ./Drivers/STM32F4xx_HAL_Driver/Src/stm32f4xx_hal_rcc.o
                0x0000000008002174                HAL_RCC_ClockConfig
 .text.HAL_RCC_GetSysClockFreq
                0x0000000008002340      0x20c ./Drivers/STM32F4xx_HAL_Driver/Src/stm32f4xx_hal_rcc.o
                0x0000000008002340                HAL_RCC_GetSysClockFreq
 .text.HAL_RCC_GetHCLKFreq
                0x000000000800254c       0x18 ./Drivers/STM32F4xx_HAL_Driver/Src/stm32f4xx_hal_rcc.o
                0x000000000800254c                HAL_RCC_GetHCLKFreq
 .text.HAL_RCC_GetPCLK1Freq
                0x0000000008002564       0x28 ./Drivers/STM32F4xx_HAL_Driver/Src/stm32f4xx_hal_rcc.o
                0x0000000008002564                HAL_RCC_GetPCLK1Freq
 .text.HAL_RCC_GetClockConfig
                0x000000000800258c       0x64 ./Drivers/STM32F4xx_HAL_Driver/Src/stm32f4xx_hal_rcc.o
                0x000000000800258c                HAL_RCC_GetClockConfig
 .text.HAL_TIM_Base_Init
                0x00000000080025f0       0x9e ./Drivers/STM32F4xx_HAL_Driver/Src/stm32f4xx_hal_tim.o
                0x00000000080025f0                HAL_TIM_Base_Init
 .text.HAL_TIM_Base_MspInit
                0x000000000800268e       0x14 ./Drivers/STM32F4xx_HAL_Driver/Src/stm32f4xx_hal_tim.o
                0x000000000800268e                HAL_TIM_Base_MspInit
 *fill*         0x00000000080026a2        0x2 
 .text.HAL_TIM_Base_Start_IT
                0x00000000080026a4       0xe0 ./Drivers/STM32F4xx_HAL_Driver/Src/stm32f4xx_hal_tim.o
                0x00000000080026a4                HAL_TIM_Base_Start_IT
 .text.HAL_TIM_IRQHandler
                0x0000000008002784      0x210 ./Drivers/STM32F4xx_HAL_Driver/Src/stm32f4xx_hal_tim.o
                0x0000000008002784                HAL_TIM_IRQHandler
 .text.HAL_TIM_OC_DelayElapsedCallback
                0x0000000008002994       0x14 ./Drivers/STM32F4xx_HAL_Driver/Src/stm32f4xx_hal_tim.o
                0x0000000008002994                HAL_TIM_OC_DelayElapsedCallback
 .text.HAL_TIM_IC_CaptureCallback
                0x00000000080029a8       0x14 ./Drivers/STM32F4xx_HAL_Driver/Src/stm32f4xx_hal_tim.o
                0x00000000080029a8                HAL_TIM_IC_CaptureCallback
 .text.HAL_TIM_PWM_PulseFinishedCallback
                0x00000000080029bc       0x14 ./Drivers/STM32F4xx_HAL_Driver/Src/stm32f4xx_hal_tim.o
                0x00000000080029bc                HAL_TIM_PWM_PulseFinishedCallback
 .text.HAL_TIM_TriggerCallback
                0x00000000080029d0       0x14 ./Drivers/STM32F4xx_HAL_Driver/Src/stm32f4xx_hal_tim.o
                0x00000000080029d0                HAL_TIM_TriggerCallback
 .text.TIM_Base_SetConfig
                0x00000000080029e4      0x140 ./Drivers/STM32F4xx_HAL_Driver/Src/stm32f4xx_hal_tim.o
                0x00000000080029e4                TIM_Base_SetConfig
 .text.HAL_TIMEx_CommutCallback
                0x0000000008002b24       0x14 ./Drivers/STM32F4xx_HAL_Driver/Src/stm32f4xx_hal_tim_ex.o
                0x0000000008002b24                HAL_TIMEx_CommutCallback
 .text.HAL_TIMEx_BreakCallback
                0x0000000008002b38       0x14 ./Drivers/STM32F4xx_HAL_Driver/Src/stm32f4xx_hal_tim_ex.o
                0x0000000008002b38                HAL_TIMEx_BreakCallback
 .text.makeFreeRtosPriority
                0x0000000008002b4c       0x30 ./Middlewares/Third_Party/FreeRTOS/Source/CMSIS_RTOS/cmsis_os.o
 .text.inHandlerMode
                0x0000000008002b7c       0x24 ./Middlewares/Third_Party/FreeRTOS/Source/CMSIS_RTOS/cmsis_os.o
 .text.osKernelStart
                0x0000000008002ba0        0xe ./Middlewares/Third_Party/FreeRTOS/Source/CMSIS_RTOS/cmsis_os.o
                0x0000000008002ba0                osKernelStart
 .text.osThreadCreate
                0x0000000008002bae       0x98 ./Middlewares/Third_Party/FreeRTOS/Source/CMSIS_RTOS/cmsis_os.o
                0x0000000008002bae                osThreadCreate
 .text.osDelay  0x0000000008002c46       0x28 ./Middlewares/Third_Party/FreeRTOS/Source/CMSIS_RTOS/cmsis_os.o
                0x0000000008002c46                osDelay
 *fill*         0x0000000008002c6e        0x2 
 .text.osTimerCreate
                0x0000000008002c70       0x68 ./Middlewares/Third_Party/FreeRTOS/Source/CMSIS_RTOS/cmsis_os.o
                0x0000000008002c70                osTimerCreate
 .text.osTimerStart
                0x0000000008002cd8       0x88 ./Middlewares/Third_Party/FreeRTOS/Source/CMSIS_RTOS/cmsis_os.o
                0x0000000008002cd8                osTimerStart
 .text.osSignalSet
                0x0000000008002d60       0x80 ./Middlewares/Third_Party/FreeRTOS/Source/CMSIS_RTOS/cmsis_os.o
                0x0000000008002d60                osSignalSet
 .text.osSignalWait
                0x0000000008002de0       0x98 ./Middlewares/Third_Party/FreeRTOS/Source/CMSIS_RTOS/cmsis_os.o
                0x0000000008002de0                osSignalWait
 .text.osSemaphoreCreate
                0x0000000008002e78       0x7e ./Middlewares/Third_Party/FreeRTOS/Source/CMSIS_RTOS/cmsis_os.o
                0x0000000008002e78                osSemaphoreCreate
 *fill*         0x0000000008002ef6        0x2 
 .text.osSemaphoreWait
                0x0000000008002ef8       0x9c ./Middlewares/Third_Party/FreeRTOS/Source/CMSIS_RTOS/cmsis_os.o
                0x0000000008002ef8                osSemaphoreWait
 .text.osSemaphoreRelease
                0x0000000008002f94       0x6c ./Middlewares/Third_Party/FreeRTOS/Source/CMSIS_RTOS/cmsis_os.o
                0x0000000008002f94                osSemaphoreRelease
 .text.vListInitialise
                0x0000000008003000       0x40 ./Middlewares/Third_Party/FreeRTOS/Source/list.o
                0x0000000008003000                vListInitialise
 .text.vListInitialiseItem
                0x0000000008003040       0x1a ./Middlewares/Third_Party/FreeRTOS/Source/list.o
                0x0000000008003040                vListInitialiseItem
 .text.vListInsertEnd
                0x000000000800305a       0x48 ./Middlewares/Third_Party/FreeRTOS/Source/list.o
                0x000000000800305a                vListInsertEnd
 .text.vListInsert
                0x00000000080030a2       0x72 ./Middlewares/Third_Party/FreeRTOS/Source/list.o
                0x00000000080030a2                vListInsert
 .text.uxListRemove
                0x0000000008003114       0x54 ./Middlewares/Third_Party/FreeRTOS/Source/list.o
                0x0000000008003114                uxListRemove
 .text.xQueueGenericReset
                0x0000000008003168       0xd0 ./Middlewares/Third_Party/FreeRTOS/Source/queue.o
                0x0000000008003168                xQueueGenericReset
 .text.xQueueGenericCreateStatic
                0x0000000008003238       0xf0 ./Middlewares/Third_Party/FreeRTOS/Source/queue.o
                0x0000000008003238                xQueueGenericCreateStatic
 .text.xQueueGenericCreate
                0x0000000008003328       0x74 ./Middlewares/Third_Party/FreeRTOS/Source/queue.o
                0x0000000008003328                xQueueGenericCreate
 .text.prvInitialiseNewQueue
                0x000000000800339c       0x3e ./Middlewares/Third_Party/FreeRTOS/Source/queue.o
 .text.xQueueCreateCountingSemaphoreStatic
                0x00000000080033da       0x6e ./Middlewares/Third_Party/FreeRTOS/Source/queue.o
                0x00000000080033da                xQueueCreateCountingSemaphoreStatic
 .text.xQueueCreateCountingSemaphore
                0x0000000008003448       0x66 ./Middlewares/Third_Party/FreeRTOS/Source/queue.o
                0x0000000008003448                xQueueCreateCountingSemaphore
 *fill*         0x00000000080034ae        0x2 
 .text.xQueueGenericSend
                0x00000000080034b0      0x1fc ./Middlewares/Third_Party/FreeRTOS/Source/queue.o
                0x00000000080034b0                xQueueGenericSend
 .text.xQueueGenericSendFromISR
                0x00000000080036ac      0x136 ./Middlewares/Third_Party/FreeRTOS/Source/queue.o
                0x00000000080036ac                xQueueGenericSendFromISR
 .text.xQueueGiveFromISR
                0x00000000080037e2      0x11a ./Middlewares/Third_Party/FreeRTOS/Source/queue.o
                0x00000000080037e2                xQueueGiveFromISR
 .text.xQueueReceive
                0x00000000080038fc      0x1c0 ./Middlewares/Third_Party/FreeRTOS/Source/queue.o
                0x00000000080038fc                xQueueReceive
 .text.xQueueSemaphoreTake
                0x0000000008003abc      0x218 ./Middlewares/Third_Party/FreeRTOS/Source/queue.o
                0x0000000008003abc                xQueueSemaphoreTake
 .text.xQueueReceiveFromISR
                0x0000000008003cd4      0x100 ./Middlewares/Third_Party/FreeRTOS/Source/queue.o
                0x0000000008003cd4                xQueueReceiveFromISR
 .text.prvGetDisinheritPriorityAfterTimeout
                0x0000000008003dd4       0x30 ./Middlewares/Third_Party/FreeRTOS/Source/queue.o
 .text.prvCopyDataToQueue
                0x0000000008003e04       0xd4 ./Middlewares/Third_Party/FreeRTOS/Source/queue.o
 .text.prvCopyDataFromQueue
                0x0000000008003ed8       0x4c ./Middlewares/Third_Party/FreeRTOS/Source/queue.o
 .text.prvUnlockQueue
                0x0000000008003f24       0xa4 ./Middlewares/Third_Party/FreeRTOS/Source/queue.o
 .text.prvIsQueueEmpty
                0x0000000008003fc8       0x2c ./Middlewares/Third_Party/FreeRTOS/Source/queue.o
 .text.prvIsQueueFull
                0x0000000008003ff4       0x30 ./Middlewares/Third_Party/FreeRTOS/Source/queue.o
 .text.vQueueAddToRegistry
                0x0000000008004024       0x54 ./Middlewares/Third_Party/FreeRTOS/Source/queue.o
                0x0000000008004024                vQueueAddToRegistry
 .text.vQueueWaitForMessageRestricted
                0x0000000008004078       0x68 ./Middlewares/Third_Party/FreeRTOS/Source/queue.o
                0x0000000008004078                vQueueWaitForMessageRestricted
 .text.xTaskCreateStatic
                0x00000000080040e0       0xba ./Middlewares/Third_Party/FreeRTOS/Source/tasks.o
                0x00000000080040e0                xTaskCreateStatic
 .text.xTaskCreate
                0x000000000800419a       0x8a ./Middlewares/Third_Party/FreeRTOS/Source/tasks.o
                0x000000000800419a                xTaskCreate
 .text.prvInitialiseNewTask
                0x0000000008004224      0x13c ./Middlewares/Third_Party/FreeRTOS/Source/tasks.o
 .text.prvAddNewTaskToReadyList
                0x0000000008004360       0xd4 ./Middlewares/Third_Party/FreeRTOS/Source/tasks.o
 .text.vTaskDelay
                0x0000000008004434       0x68 ./Middlewares/Third_Party/FreeRTOS/Source/tasks.o
                0x0000000008004434                vTaskDelay
 .text.vTaskStartScheduler
                0x000000000800449c       0xe0 ./Middlewares/Third_Party/FreeRTOS/Source/tasks.o
                0x000000000800449c                vTaskStartScheduler
 .text.vTaskSuspendAll
                0x000000000800457c       0x1c ./Middlewares/Third_Party/FreeRTOS/Source/tasks.o
                0x000000000800457c                vTaskSuspendAll
 .text.xTaskResumeAll
                0x0000000008004598      0x138 ./Middlewares/Third_Party/FreeRTOS/Source/tasks.o
                0x0000000008004598                xTaskResumeAll
 .text.xTaskGetTickCount
                0x00000000080046d0       0x20 ./Middlewares/Third_Party/FreeRTOS/Source/tasks.o
                0x00000000080046d0                xTaskGetTickCount
 .text.xTaskIncrementTick
                0x00000000080046f0      0x170 ./Middlewares/Third_Party/FreeRTOS/Source/tasks.o
                0x00000000080046f0                xTaskIncrementTick
 .text.vTaskSwitchContext
                0x0000000008004860       0xc4 ./Middlewares/Third_Party/FreeRTOS/Source/tasks.o
                0x0000000008004860                vTaskSwitchContext
 .text.vTaskPlaceOnEventList
                0x0000000008004924       0x48 ./Middlewares/Third_Party/FreeRTOS/Source/tasks.o
                0x0000000008004924                vTaskPlaceOnEventList
 .text.vTaskPlaceOnEventListRestricted
                0x000000000800496c       0x58 ./Middlewares/Third_Party/FreeRTOS/Source/tasks.o
                0x000000000800496c                vTaskPlaceOnEventListRestricted
 .text.xTaskRemoveFromEventList
                0x00000000080049c4       0xc4 ./Middlewares/Third_Party/FreeRTOS/Source/tasks.o
                0x00000000080049c4                xTaskRemoveFromEventList
 .text.vTaskInternalSetTimeOutState
                0x0000000008004a88       0x2c ./Middlewares/Third_Party/FreeRTOS/Source/tasks.o
                0x0000000008004a88                vTaskInternalSetTimeOutState
 .text.xTaskCheckForTimeOut
                0x0000000008004ab4       0xc4 ./Middlewares/Third_Party/FreeRTOS/Source/tasks.o
                0x0000000008004ab4                xTaskCheckForTimeOut
 .text.vTaskMissedYield
                0x0000000008004b78       0x18 ./Middlewares/Third_Party/FreeRTOS/Source/tasks.o
                0x0000000008004b78                vTaskMissedYield
 .text.prvIdleTask
                0x0000000008004b90       0x30 ./Middlewares/Third_Party/FreeRTOS/Source/tasks.o
 .text.prvInitialiseTaskLists
                0x0000000008004bc0       0x80 ./Middlewares/Third_Party/FreeRTOS/Source/tasks.o
 .text.prvCheckTasksWaitingTermination
                0x0000000008004c40       0x5c ./Middlewares/Third_Party/FreeRTOS/Source/tasks.o
 .text.prvDeleteTCB
                0x0000000008004c9c       0x68 ./Middlewares/Third_Party/FreeRTOS/Source/tasks.o
 .text.prvResetNextTaskUnblockTime
                0x0000000008004d04       0x40 ./Middlewares/Third_Party/FreeRTOS/Source/tasks.o
 .text.xTaskGetSchedulerState
                0x0000000008004d44       0x3c ./Middlewares/Third_Party/FreeRTOS/Source/tasks.o
                0x0000000008004d44                xTaskGetSchedulerState
 .text.xTaskPriorityInherit
                0x0000000008004d80       0xec ./Middlewares/Third_Party/FreeRTOS/Source/tasks.o
                0x0000000008004d80                xTaskPriorityInherit
 .text.xTaskPriorityDisinherit
                0x0000000008004e6c      0x10c ./Middlewares/Third_Party/FreeRTOS/Source/tasks.o
                0x0000000008004e6c                xTaskPriorityDisinherit
 .text.vTaskPriorityDisinheritAfterTimeout
                0x0000000008004f78      0x11c ./Middlewares/Third_Party/FreeRTOS/Source/tasks.o
                0x0000000008004f78                vTaskPriorityDisinheritAfterTimeout
 .text.pvTaskIncrementMutexHeldCount
                0x0000000008005094       0x28 ./Middlewares/Third_Party/FreeRTOS/Source/tasks.o
                0x0000000008005094                pvTaskIncrementMutexHeldCount
 .text.xTaskNotifyWait
                0x00000000080050bc       0xc0 ./Middlewares/Third_Party/FreeRTOS/Source/tasks.o
                0x00000000080050bc                xTaskNotifyWait
 .text.xTaskGenericNotify
                0x000000000800517c      0x17c ./Middlewares/Third_Party/FreeRTOS/Source/tasks.o
                0x000000000800517c                xTaskGenericNotify
 .text.xTaskGenericNotifyFromISR
                0x00000000080052f8      0x1c8 ./Middlewares/Third_Party/FreeRTOS/Source/tasks.o
                0x00000000080052f8                xTaskGenericNotifyFromISR
 .text.prvAddCurrentTaskToDelayedList
                0x00000000080054c0       0xcc ./Middlewares/Third_Party/FreeRTOS/Source/tasks.o
 .text.xTimerCreateTimerTask
                0x000000000800558c       0x90 ./Middlewares/Third_Party/FreeRTOS/Source/timers.o
                0x000000000800558c                xTimerCreateTimerTask
 .text.xTimerCreate
                0x000000000800561c       0x42 ./Middlewares/Third_Party/FreeRTOS/Source/timers.o
                0x000000000800561c                xTimerCreate
 .text.xTimerCreateStatic
                0x000000000800565e       0x7c ./Middlewares/Third_Party/FreeRTOS/Source/timers.o
                0x000000000800565e                xTimerCreateStatic
 .text.prvInitialiseNewTimer
                0x00000000080056da       0x76 ./Middlewares/Third_Party/FreeRTOS/Source/timers.o
 .text.xTimerGenericCommand
                0x0000000008005750       0x9c ./Middlewares/Third_Party/FreeRTOS/Source/timers.o
                0x0000000008005750                xTimerGenericCommand
 .text.prvProcessExpiredTimer
                0x00000000080057ec       0x98 ./Middlewares/Third_Party/FreeRTOS/Source/timers.o
 .text.prvTimerTask
                0x0000000008005884       0x24 ./Middlewares/Third_Party/FreeRTOS/Source/timers.o
 .text.prvProcessTimerOrBlockTask
                0x00000000080058a8       0x9c ./Middlewares/Third_Party/FreeRTOS/Source/timers.o
 .text.prvGetNextExpireTime
                0x0000000008005944       0x48 ./Middlewares/Third_Party/FreeRTOS/Source/timers.o
 .text.prvSampleTimeNow
                0x000000000800598c       0x40 ./Middlewares/Third_Party/FreeRTOS/Source/timers.o
 .text.prvInsertTimerInActiveList
                0x00000000080059cc       0x84 ./Middlewares/Third_Party/FreeRTOS/Source/timers.o
 .text.prvProcessReceivedCommands
                0x0000000008005a50      0x18c ./Middlewares/Third_Party/FreeRTOS/Source/timers.o
 .text.prvSwitchTimerLists
                0x0000000008005bdc       0xc8 ./Middlewares/Third_Party/FreeRTOS/Source/timers.o
 .text.prvCheckForValidListAndQueue
                0x0000000008005ca4       0x80 ./Middlewares/Third_Party/FreeRTOS/Source/timers.o
 .text.pxPortInitialiseStack
                0x0000000008005d24       0x68 ./Middlewares/Third_Party/FreeRTOS/Source/portable/GCC/ARM_CM4F/port.o
                0x0000000008005d24                pxPortInitialiseStack
 .text.prvTaskExitError
                0x0000000008005d8c       0x58 ./Middlewares/Third_Party/FreeRTOS/Source/portable/GCC/ARM_CM4F/port.o
 *fill*         0x0000000008005de4        0xc 
 .text.SVC_Handler
                0x0000000008005df0       0x28 ./Middlewares/Third_Party/FreeRTOS/Source/portable/GCC/ARM_CM4F/port.o
                0x0000000008005df0                SVC_Handler
 .text.prvPortStartFirstTask
                0x0000000008005e18       0x28 ./Middlewares/Third_Party/FreeRTOS/Source/portable/GCC/ARM_CM4F/port.o
 .text.xPortStartScheduler
                0x0000000008005e40      0x144 ./Middlewares/Third_Party/FreeRTOS/Source/portable/GCC/ARM_CM4F/port.o
                0x0000000008005e40                xPortStartScheduler
 .text.vPortEnterCritical
                0x0000000008005f84       0x60 ./Middlewares/Third_Party/FreeRTOS/Source/portable/GCC/ARM_CM4F/port.o
                0x0000000008005f84                vPortEnterCritical
 .text.vPortExitCritical
                0x0000000008005fe4       0x54 ./Middlewares/Third_Party/FreeRTOS/Source/portable/GCC/ARM_CM4F/port.o
                0x0000000008005fe4                vPortExitCritical
 *fill*         0x0000000008006038        0x8 
 .text.PendSV_Handler
                0x0000000008006040       0x68 ./Middlewares/Third_Party/FreeRTOS/Source/portable/GCC/ARM_CM4F/port.o
                0x0000000008006040                PendSV_Handler
 .text.SysTick_Handler
                0x00000000080060a8       0x44 ./Middlewares/Third_Party/FreeRTOS/Source/portable/GCC/ARM_CM4F/port.o
                0x00000000080060a8                SysTick_Handler
 .text.vPortSetupTimerInterrupt
                0x00000000080060ec       0x48 ./Middlewares/Third_Party/FreeRTOS/Source/portable/GCC/ARM_CM4F/port.o
                0x00000000080060ec                vPortSetupTimerInterrupt
 .text.vPortEnableVFP
                0x0000000008006134       0x14 ./Middlewares/Third_Party/FreeRTOS/Source/portable/GCC/ARM_CM4F/port.o
 .text.vPortValidateInterruptPriority
                0x0000000008006148       0x80 ./Middlewares/Third_Party/FreeRTOS/Source/portable/GCC/ARM_CM4F/port.o
                0x0000000008006148                vPortValidateInterruptPriority
 .text.pvPortMalloc
                0x00000000080061c8      0x198 ./Middlewares/Third_Party/FreeRTOS/Source/portable/MemMang/heap_4.o
                0x00000000080061c8                pvPortMalloc
 .text.vPortFree
                0x0000000008006360       0xc4 ./Middlewares/Third_Party/FreeRTOS/Source/portable/MemMang/heap_4.o
                0x0000000008006360                vPortFree
 .text.prvHeapInit
                0x0000000008006424       0xc4 ./Middlewares/Third_Party/FreeRTOS/Source/portable/MemMang/heap_4.o
 .text.prvInsertBlockIntoFreeList
                0x00000000080064e8       0xb4 ./Middlewares/Third_Party/FreeRTOS/Source/portable/MemMang/heap_4.o
 .text.__errno  0x000000000800659c        0xc /opt/st/stm32cubeide_1.12.0/plugins/com.st.stm32cube.ide.mcu.externaltools.gnu-tools-for-stm32.10.3-2021.10.linux64_1.0.200.202301161003/tools/bin/../lib/gcc/arm-none-eabi/10.3.1/../../../../arm-none-eabi/lib/thumb/v7e-m+fp/hard/libc_nano.a(lib_a-errno.o)
                0x000000000800659c                __errno
 .text.__libc_init_array
                0x00000000080065a8       0x48 /opt/st/stm32cubeide_1.12.0/plugins/com.st.stm32cube.ide.mcu.externaltools.gnu-tools-for-stm32.10.3-2021.10.linux64_1.0.200.202301161003/tools/bin/../lib/gcc/arm-none-eabi/10.3.1/../../../../arm-none-eabi/lib/thumb/v7e-m+fp/hard/libc_nano.a(lib_a-init.o)
                0x00000000080065a8                __libc_init_array
 .text.__retarget_lock_acquire_recursive
                0x00000000080065f0        0x2 /opt/st/stm32cubeide_1.12.0/plugins/com.st.stm32cube.ide.mcu.externaltools.gnu-tools-for-stm32.10.3-2021.10.linux64_1.0.200.202301161003/tools/bin/../lib/gcc/arm-none-eabi/10.3.1/../../../../arm-none-eabi/lib/thumb/v7e-m+fp/hard/libc_nano.a(lib_a-lock.o)
                0x00000000080065f0                __retarget_lock_acquire_recursive
 .text.__retarget_lock_release_recursive
                0x00000000080065f2        0x2 /opt/st/stm32cubeide_1.12.0/plugins/com.st.stm32cube.ide.mcu.externaltools.gnu-tools-for-stm32.10.3-2021.10.linux64_1.0.200.202301161003/tools/bin/../lib/gcc/arm-none-eabi/10.3.1/../../../../arm-none-eabi/lib/thumb/v7e-m+fp/hard/libc_nano.a(lib_a-lock.o)
                0x00000000080065f2                __retarget_lock_release_recursive
 .text.malloc   0x00000000080065f4       0x10 /opt/st/stm32cubeide_1.12.0/plugins/com.st.stm32cube.ide.mcu.externaltools.gnu-tools-for-stm32.10.3-2021.10.linux64_1.0.200.202301161003/tools/bin/../lib/gcc/arm-none-eabi/10.3.1/../../../../arm-none-eabi/lib/thumb/v7e-m+fp/hard/libc_nano.a(lib_a-malloc.o)
                0x00000000080065f4                malloc
 .text.memcpy   0x0000000008006604       0x1c /opt/st/stm32cubeide_1.12.0/plugins/com.st.stm32cube.ide.mcu.externaltools.gnu-tools-for-stm32.10.3-2021.10.linux64_1.0.200.202301161003/tools/bin/../lib/gcc/arm-none-eabi/10.3.1/../../../../arm-none-eabi/lib/thumb/v7e-m+fp/hard/libc_nano.a(lib_a-memcpy-stub.o)
                0x0000000008006604                memcpy
 .text.memset   0x0000000008006620       0x10 /opt/st/stm32cubeide_1.12.0/plugins/com.st.stm32cube.ide.mcu.externaltools.gnu-tools-for-stm32.10.3-2021.10.linux64_1.0.200.202301161003/tools/bin/../lib/gcc/arm-none-eabi/10.3.1/../../../../arm-none-eabi/lib/thumb/v7e-m+fp/hard/libc_nano.a(lib_a-memset.o)
                0x0000000008006620                memset
 .text._free_r  0x0000000008006630       0x98 /opt/st/stm32cubeide_1.12.0/plugins/com.st.stm32cube.ide.mcu.externaltools.gnu-tools-for-stm32.10.3-2021.10.linux64_1.0.200.202301161003/tools/bin/../lib/gcc/arm-none-eabi/10.3.1/../../../../arm-none-eabi/lib/thumb/v7e-m+fp/hard/libc_nano.a(lib_a-nano-freer.o)
                0x0000000008006630                _free_r
 .text.sbrk_aligned
                0x00000000080066c8       0x40 /opt/st/stm32cubeide_1.12.0/plugins/com.st.stm32cube.ide.mcu.externaltools.gnu-tools-for-stm32.10.3-2021.10.linux64_1.0.200.202301161003/tools/bin/../lib/gcc/arm-none-eabi/10.3.1/../../../../arm-none-eabi/lib/thumb/v7e-m+fp/hard/libc_nano.a(lib_a-nano-mallocr.o)
 .text._malloc_r
                0x0000000008006708       0xe8 /opt/st/stm32cubeide_1.12.0/plugins/com.st.stm32cube.ide.mcu.externaltools.gnu-tools-for-stm32.10.3-2021.10.linux64_1.0.200.202301161003/tools/bin/../lib/gcc/arm-none-eabi/10.3.1/../../../../arm-none-eabi/lib/thumb/v7e-m+fp/hard/libc_nano.a(lib_a-nano-mallocr.o)
                0x0000000008006708                _malloc_r
 .text.cleanup_glue
                0x00000000080067f0       0x1a /opt/st/stm32cubeide_1.12.0/plugins/com.st.stm32cube.ide.mcu.externaltools.gnu-tools-for-stm32.10.3-2021.10.linux64_1.0.200.202301161003/tools/bin/../lib/gcc/arm-none-eabi/10.3.1/../../../../arm-none-eabi/lib/thumb/v7e-m+fp/hard/libc_nano.a(lib_a-reent.o)
                0x00000000080067f0                cleanup_glue
 *fill*         0x000000000800680a        0x2 
 .text._reclaim_reent
                0x000000000800680c       0xb8 /opt/st/stm32cubeide_1.12.0/plugins/com.st.stm32cube.ide.mcu.externaltools.gnu-tools-for-stm32.10.3-2021.10.linux64_1.0.200.202301161003/tools/bin/../lib/gcc/arm-none-eabi/10.3.1/../../../../arm-none-eabi/lib/thumb/v7e-m+fp/hard/libc_nano.a(lib_a-reent.o)
                0x000000000800680c                _reclaim_reent
 .text._sbrk_r  0x00000000080068c4       0x20 /opt/st/stm32cubeide_1.12.0/plugins/com.st.stm32cube.ide.mcu.externaltools.gnu-tools-for-stm32.10.3-2021.10.linux64_1.0.200.202301161003/tools/bin/../lib/gcc/arm-none-eabi/10.3.1/../../../../arm-none-eabi/lib/thumb/v7e-m+fp/hard/libc_nano.a(lib_a-sbrkr.o)
                0x00000000080068c4                _sbrk_r
 .text.__malloc_lock
                0x00000000080068e4        0xc /opt/st/stm32cubeide_1.12.0/plugins/com.st.stm32cube.ide.mcu.externaltools.gnu-tools-for-stm32.10.3-2021.10.linux64_1.0.200.202301161003/tools/bin/../lib/gcc/arm-none-eabi/10.3.1/../../../../arm-none-eabi/lib/thumb/v7e-m+fp/hard/libc_nano.a(lib_a-mlock.o)
                0x00000000080068e4                __malloc_lock
 .text.__malloc_unlock
                0x00000000080068f0        0xc /opt/st/stm32cubeide_1.12.0/plugins/com.st.stm32cube.ide.mcu.externaltools.gnu-tools-for-stm32.10.3-2021.10.linux64_1.0.200.202301161003/tools/bin/../lib/gcc/arm-none-eabi/10.3.1/../../../../arm-none-eabi/lib/thumb/v7e-m+fp/hard/libc_nano.a(lib_a-mlock.o)
                0x00000000080068f0                __malloc_unlock
 *(.glue_7)
 .glue_7        0x00000000080068fc        0x0 linker stubs
 *(.glue_7t)
 .glue_7t       0x00000000080068fc        0x0 linker stubs
 *(.eh_frame)
 .eh_frame      0x00000000080068fc        0x0 /opt/st/stm32cubeide_1.12.0/plugins/com.st.stm32cube.ide.mcu.externaltools.gnu-tools-for-stm32.10.3-2021.10.linux64_1.0.200.202301161003/tools/bin/../lib/gcc/arm-none-eabi/10.3.1/thumb/v7e-m+fp/hard/crtbegin.o
 *(.init)
 .init          0x00000000080068fc        0x4 /opt/st/stm32cubeide_1.12.0/plugins/com.st.stm32cube.ide.mcu.externaltools.gnu-tools-for-stm32.10.3-2021.10.linux64_1.0.200.202301161003/tools/bin/../lib/gcc/arm-none-eabi/10.3.1/thumb/v7e-m+fp/hard/crti.o
                0x00000000080068fc                _init
 .init          0x0000000008006900        0x8 /opt/st/stm32cubeide_1.12.0/plugins/com.st.stm32cube.ide.mcu.externaltools.gnu-tools-for-stm32.10.3-2021.10.linux64_1.0.200.202301161003/tools/bin/../lib/gcc/arm-none-eabi/10.3.1/thumb/v7e-m+fp/hard/crtn.o
 *(.fini)
 .fini          0x0000000008006908        0x4 /opt/st/stm32cubeide_1.12.0/plugins/com.st.stm32cube.ide.mcu.externaltools.gnu-tools-for-stm32.10.3-2021.10.linux64_1.0.200.202301161003/tools/bin/../lib/gcc/arm-none-eabi/10.3.1/thumb/v7e-m+fp/hard/crti.o
                0x0000000008006908                _fini
 .fini          0x000000000800690c        0x8 /opt/st/stm32cubeide_1.12.0/plugins/com.st.stm32cube.ide.mcu.externaltools.gnu-tools-for-stm32.10.3-2021.10.linux64_1.0.200.202301161003/tools/bin/../lib/gcc/arm-none-eabi/10.3.1/thumb/v7e-m+fp/hard/crtn.o
                0x0000000008006914                . = ALIGN (0x4)
                0x0000000008006914                _etext = .

.vfp11_veneer   0x0000000008006914        0x0
 .vfp11_veneer  0x0000000008006914        0x0 linker stubs

.v4_bx          0x0000000008006914        0x0
 .v4_bx         0x0000000008006914        0x0 linker stubs

.iplt           0x0000000008006914        0x0
 .iplt          0x0000000008006914        0x0 /opt/st/stm32cubeide_1.12.0/plugins/com.st.stm32cube.ide.mcu.externaltools.gnu-tools-for-stm32.10.3-2021.10.linux64_1.0.200.202301161003/tools/bin/../lib/gcc/arm-none-eabi/10.3.1/thumb/v7e-m+fp/hard/crtbegin.o

.rodata         0x0000000008006914      0x240
                0x0000000008006914                . = ALIGN (0x4)
 *(.rodata)
 .rodata        0x0000000008006914      0x1aa ./Core/Src/main.o
 *fill*         0x0000000008006abe        0x2 
 .rodata        0x0000000008006ac0        0x1 ./Middlewares/Third_Party/FreeRTOS/Source/CMSIS_RTOS/cmsis_os.o
 *fill*         0x0000000008006ac1        0x3 
 .rodata        0x0000000008006ac4        0x5 ./Middlewares/Third_Party/FreeRTOS/Source/tasks.o
 *fill*         0x0000000008006ac9        0x3 
 .rodata        0x0000000008006acc        0xd ./Middlewares/Third_Party/FreeRTOS/Source/timers.o
 *(.rodata*)
 *fill*         0x0000000008006ad9        0x3 
 .rodata.AHBPrescTable
                0x0000000008006adc       0x10 ./Core/Src/system_stm32f4xx.o
                0x0000000008006adc                AHBPrescTable
 .rodata.APBPrescTable
                0x0000000008006aec        0x8 ./Core/Src/system_stm32f4xx.o
                0x0000000008006aec                APBPrescTable
 .rodata.__sf_fake_stderr
                0x0000000008006af4       0x20 /opt/st/stm32cubeide_1.12.0/plugins/com.st.stm32cube.ide.mcu.externaltools.gnu-tools-for-stm32.10.3-2021.10.linux64_1.0.200.202301161003/tools/bin/../lib/gcc/arm-none-eabi/10.3.1/../../../../arm-none-eabi/lib/thumb/v7e-m+fp/hard/libc_nano.a(lib_a-findfp.o)
                0x0000000008006af4                __sf_fake_stderr
 .rodata.__sf_fake_stdin
                0x0000000008006b14       0x20 /opt/st/stm32cubeide_1.12.0/plugins/com.st.stm32cube.ide.mcu.externaltools.gnu-tools-for-stm32.10.3-2021.10.linux64_1.0.200.202301161003/tools/bin/../lib/gcc/arm-none-eabi/10.3.1/../../../../arm-none-eabi/lib/thumb/v7e-m+fp/hard/libc_nano.a(lib_a-findfp.o)
                0x0000000008006b14                __sf_fake_stdin
 .rodata.__sf_fake_stdout
                0x0000000008006b34       0x20 /opt/st/stm32cubeide_1.12.0/plugins/com.st.stm32cube.ide.mcu.externaltools.gnu-tools-for-stm32.10.3-2021.10.linux64_1.0.200.202301161003/tools/bin/../lib/gcc/arm-none-eabi/10.3.1/../../../../arm-none-eabi/lib/thumb/v7e-m+fp/hard/libc_nano.a(lib_a-findfp.o)
                0x0000000008006b34                __sf_fake_stdout
                0x0000000008006b54                . = ALIGN (0x4)

.ARM.extab      0x0000000008006b54        0x0
                0x0000000008006b54                . = ALIGN (0x4)
 *(.ARM.extab* .gnu.linkonce.armextab.*)
                0x0000000008006b54                . = ALIGN (0x4)

.ARM            0x0000000008006b54        0x8
                0x0000000008006b54                . = ALIGN (0x4)
                0x0000000008006b54                __exidx_start = .
 *(.ARM.exidx*)
 .ARM.exidx     0x0000000008006b54        0x8 /opt/st/stm32cubeide_1.12.0/plugins/com.st.stm32cube.ide.mcu.externaltools.gnu-tools-for-stm32.10.3-2021.10.linux64_1.0.200.202301161003/tools/bin/../lib/gcc/arm-none-eabi/10.3.1/thumb/v7e-m+fp/hard/libgcc.a(_udivmoddi4.o)
                0x0000000008006b5c                __exidx_end = .
                0x0000000008006b5c                . = ALIGN (0x4)

.rel.dyn        0x0000000008006b5c        0x0
 .rel.iplt      0x0000000008006b5c        0x0 /opt/st/stm32cubeide_1.12.0/plugins/com.st.stm32cube.ide.mcu.externaltools.gnu-tools-for-stm32.10.3-2021.10.linux64_1.0.200.202301161003/tools/bin/../lib/gcc/arm-none-eabi/10.3.1/thumb/v7e-m+fp/hard/crtbegin.o

.preinit_array  0x0000000008006b5c        0x0
                0x0000000008006b5c                . = ALIGN (0x4)
                0x0000000008006b5c                PROVIDE (__preinit_array_start = .)
 *(.preinit_array*)
                0x0000000008006b5c                PROVIDE (__preinit_array_end = .)
                0x0000000008006b5c                . = ALIGN (0x4)

.init_array     0x0000000008006b5c        0x4
                0x0000000008006b5c                . = ALIGN (0x4)
                0x0000000008006b5c                PROVIDE (__init_array_start = .)
 *(SORT_BY_NAME(.init_array.*))
 *(.init_array*)
 .init_array    0x0000000008006b5c        0x4 /opt/st/stm32cubeide_1.12.0/plugins/com.st.stm32cube.ide.mcu.externaltools.gnu-tools-for-stm32.10.3-2021.10.linux64_1.0.200.202301161003/tools/bin/../lib/gcc/arm-none-eabi/10.3.1/thumb/v7e-m+fp/hard/crtbegin.o
                0x0000000008006b60                PROVIDE (__init_array_end = .)
                0x0000000008006b60                . = ALIGN (0x4)

.fini_array     0x0000000008006b60        0x4
                0x0000000008006b60                . = ALIGN (0x4)
                [!provide]                        PROVIDE (__fini_array_start = .)
 *(SORT_BY_NAME(.fini_array.*))
 *(.fini_array*)
 .fini_array    0x0000000008006b60        0x4 /opt/st/stm32cubeide_1.12.0/plugins/com.st.stm32cube.ide.mcu.externaltools.gnu-tools-for-stm32.10.3-2021.10.linux64_1.0.200.202301161003/tools/bin/../lib/gcc/arm-none-eabi/10.3.1/thumb/v7e-m+fp/hard/crtbegin.o
                [!provide]                        PROVIDE (__fini_array_end = .)
                0x0000000008006b64                . = ALIGN (0x4)
                0x0000000008006b64                _sidata = LOADADDR (.data)

.data           0x0000000020000000       0x80 load address 0x0000000008006b64
                0x0000000020000000                . = ALIGN (0x4)
                0x0000000020000000                _sdata = .
 *(.data)
 *(.data*)
 .data.sync_counter
                0x0000000020000000        0x4 ./Core/Src/UART_LIN.o
                0x0000000020000000                sync_counter
 .data.slave_data_counter
                0x0000000020000004        0x4 ./Core/Src/UART_LIN.o
                0x0000000020000004                slave_data_counter
 .data.PB       0x0000000020000008        0x4 ./Core/Src/can.o
 .data.SystemCoreClock
                0x000000002000000c        0x4 ./Core/Src/system_stm32f4xx.o
                0x000000002000000c                SystemCoreClock
 .data.uwTickPrio
                0x0000000020000010        0x4 ./Drivers/STM32F4xx_HAL_Driver/Src/stm32f4xx_hal.o
                0x0000000020000010                uwTickPrio
 .data.uwTickFreq
                0x0000000020000014        0x1 ./Drivers/STM32F4xx_HAL_Driver/Src/stm32f4xx_hal.o
                0x0000000020000014                uwTickFreq
 *fill*         0x0000000020000015        0x3 
 .data.uxCriticalNesting
                0x0000000020000018        0x4 ./Middlewares/Third_Party/FreeRTOS/Source/portable/GCC/ARM_CM4F/port.o
 .data._impure_ptr
                0x000000002000001c        0x4 /opt/st/stm32cubeide_1.12.0/plugins/com.st.stm32cube.ide.mcu.externaltools.gnu-tools-for-stm32.10.3-2021.10.linux64_1.0.200.202301161003/tools/bin/../lib/gcc/arm-none-eabi/10.3.1/../../../../arm-none-eabi/lib/thumb/v7e-m+fp/hard/libc_nano.a(lib_a-impure.o)
                0x000000002000001c                _impure_ptr
 .data.impure_data
                0x0000000020000020       0x60 /opt/st/stm32cubeide_1.12.0/plugins/com.st.stm32cube.ide.mcu.externaltools.gnu-tools-for-stm32.10.3-2021.10.linux64_1.0.200.202301161003/tools/bin/../lib/gcc/arm-none-eabi/10.3.1/../../../../arm-none-eabi/lib/thumb/v7e-m+fp/hard/libc_nano.a(lib_a-impure.o)
 *(.RamFunc)
 *(.RamFunc*)
                0x0000000020000080                . = ALIGN (0x4)
                0x0000000020000080                _edata = .
                0x0000000008006be4                _siccmram = LOADADDR (.ccmram)

.igot.plt       0x0000000020000080        0x0 load address 0x0000000008006be4
 .igot.plt      0x0000000020000080        0x0 /opt/st/stm32cubeide_1.12.0/plugins/com.st.stm32cube.ide.mcu.externaltools.gnu-tools-for-stm32.10.3-2021.10.linux64_1.0.200.202301161003/tools/bin/../lib/gcc/arm-none-eabi/10.3.1/thumb/v7e-m+fp/hard/crtbegin.o

.ccmram         0x0000000010000000        0x0 load address 0x0000000008006be4
                0x0000000010000000                . = ALIGN (0x4)
                0x0000000010000000                _sccmram = .
 *(.ccmram)
 *(.ccmram*)
                0x0000000010000000                . = ALIGN (0x4)
                0x0000000010000000                _eccmram = .
                0x0000000010000000                . = ALIGN (0x4)

.bss            0x0000000020000080     0x46f0
                0x0000000020000080                _sbss = .
                0x0000000020000080                __bss_start__ = _sbss
 *(.bss)
 .bss           0x0000000020000080       0x1c /opt/st/stm32cubeide_1.12.0/plugins/com.st.stm32cube.ide.mcu.externaltools.gnu-tools-for-stm32.10.3-2021.10.linux64_1.0.200.202301161003/tools/bin/../lib/gcc/arm-none-eabi/10.3.1/thumb/v7e-m+fp/hard/crtbegin.o
 *(.bss*)
 .bss.salve_rx_msg
                0x000000002000009c        0xd ./Core/Src/UART_LIN.o
                0x000000002000009c                salve_rx_msg
 *fill*         0x00000000200000a9        0x3 
 .bss.Counter   0x00000000200000ac       0x10 ./Core/Src/can.o
 .bss.xIdleTaskTCBBuffer
                0x00000000200000bc       0xb4 ./Core/Src/freertos.o
 .bss.xIdleStack
                0x0000000020000170      0x200 ./Core/Src/freertos.o
 .bss.xTimerTaskTCBBuffer
                0x0000000020000370       0xb4 ./Core/Src/freertos.o
 .bss.xTimerStack
                0x0000000020000424      0x400 ./Core/Src/freertos.o
 .bss.defaultTaskHandle
                0x0000000020000824        0x4 ./Core/Src/main.o
                0x0000000020000824                defaultTaskHandle
 .bss.Task_can_receptHandle
                0x0000000020000828        0x4 ./Core/Src/main.o
                0x0000000020000828                Task_can_receptHandle
 .bss.Task_can_sendHandle
                0x000000002000082c        0x4 ./Core/Src/main.o
                0x000000002000082c                Task_can_sendHandle
 .bss.Task_can_procesHandle
                0x0000000020000830        0x4 ./Core/Src/main.o
                0x0000000020000830                Task_can_procesHandle
 .bss.Task_lin_procesHandle
                0x0000000020000834        0x4 ./Core/Src/main.o
                0x0000000020000834                Task_lin_procesHandle
 .bss.Task_lin_sendHandle
                0x0000000020000838        0x4 ./Core/Src/main.o
                0x0000000020000838                Task_lin_sendHandle
 .bss.Timer_Ask_comodoHandle
                0x000000002000083c        0x4 ./Core/Src/main.o
                0x000000002000083c                Timer_Ask_comodoHandle
 .bss.CanRxSemaphoreHandle
                0x0000000020000840        0x4 ./Core/Src/main.o
                0x0000000020000840                CanRxSemaphoreHandle
 .bss.CanTxSemaphoreHandle
                0x0000000020000844        0x4 ./Core/Src/main.o
                0x0000000020000844                CanTxSemaphoreHandle
 .bss.LinRxSemaphoreHandle
                0x0000000020000848        0x4 ./Core/Src/main.o
                0x0000000020000848                LinRxSemaphoreHandle
 .bss.LinTxSemaphoreHandle
                0x000000002000084c        0x4 ./Core/Src/main.o
                0x000000002000084c                LinTxSemaphoreHandle
 .bss.CanTxBuffer
                0x0000000020000850        0x4 ./Core/Src/main.o
                0x0000000020000850                CanTxBuffer
 .bss.CanRxBuffer
                0x0000000020000854        0x4 ./Core/Src/main.o
                0x0000000020000854                CanRxBuffer
 .bss.LinTxBuffer
                0x0000000020000858        0x4 ./Core/Src/main.o
                0x0000000020000858                LinTxBuffer
 .bss.LinRxBuffer
                0x000000002000085c        0x4 ./Core/Src/main.o
                0x000000002000085c                LinRxBuffer
 .bss.Ask_comodo_frame
                0x0000000020000860       0x10 ./Core/Src/main.o
                0x0000000020000860                Ask_comodo_frame
 .bss.htim6     0x0000000020000870       0x48 ./Core/Src/stm32f4xx_hal_timebase_tim.o
                0x0000000020000870                htim6
 .bss.__sbrk_heap_end
                0x00000000200008b8        0x4 ./Core/Src/sysmem.o
 .bss.rxBuffer  0x00000000200008bc        0xc ./Core/Src/usart2.o
                0x00000000200008bc                rxBuffer
 .bss.rxIndex   0x00000000200008c8        0x4 ./Core/Src/usart2.o
                0x00000000200008c8                rxIndex
 .bss.uwTick    0x00000000200008cc        0x4 ./Drivers/STM32F4xx_HAL_Driver/Src/stm32f4xx_hal.o
                0x00000000200008cc                uwTick
 .bss.xQueueRegistry
                0x00000000200008d0       0x40 ./Middlewares/Third_Party/FreeRTOS/Source/queue.o
                0x00000000200008d0                xQueueRegistry
 .bss.pxCurrentTCB
                0x0000000020000910        0x4 ./Middlewares/Third_Party/FreeRTOS/Source/tasks.o
                0x0000000020000910                pxCurrentTCB
 .bss.pxReadyTasksLists
                0x0000000020000914       0x8c ./Middlewares/Third_Party/FreeRTOS/Source/tasks.o
 .bss.xDelayedTaskList1
                0x00000000200009a0       0x14 ./Middlewares/Third_Party/FreeRTOS/Source/tasks.o
 .bss.xDelayedTaskList2
                0x00000000200009b4       0x14 ./Middlewares/Third_Party/FreeRTOS/Source/tasks.o
 .bss.pxDelayedTaskList
                0x00000000200009c8        0x4 ./Middlewares/Third_Party/FreeRTOS/Source/tasks.o
 .bss.pxOverflowDelayedTaskList
                0x00000000200009cc        0x4 ./Middlewares/Third_Party/FreeRTOS/Source/tasks.o
 .bss.xPendingReadyList
                0x00000000200009d0       0x14 ./Middlewares/Third_Party/FreeRTOS/Source/tasks.o
 .bss.xTasksWaitingTermination
                0x00000000200009e4       0x14 ./Middlewares/Third_Party/FreeRTOS/Source/tasks.o
 .bss.uxDeletedTasksWaitingCleanUp
                0x00000000200009f8        0x4 ./Middlewares/Third_Party/FreeRTOS/Source/tasks.o
 .bss.xSuspendedTaskList
                0x00000000200009fc       0x14 ./Middlewares/Third_Party/FreeRTOS/Source/tasks.o
 .bss.uxCurrentNumberOfTasks
                0x0000000020000a10        0x4 ./Middlewares/Third_Party/FreeRTOS/Source/tasks.o
 .bss.xTickCount
                0x0000000020000a14        0x4 ./Middlewares/Third_Party/FreeRTOS/Source/tasks.o
 .bss.uxTopReadyPriority
                0x0000000020000a18        0x4 ./Middlewares/Third_Party/FreeRTOS/Source/tasks.o
 .bss.xSchedulerRunning
                0x0000000020000a1c        0x4 ./Middlewares/Third_Party/FreeRTOS/Source/tasks.o
 .bss.xPendedTicks
                0x0000000020000a20        0x4 ./Middlewares/Third_Party/FreeRTOS/Source/tasks.o
 .bss.xYieldPending
                0x0000000020000a24        0x4 ./Middlewares/Third_Party/FreeRTOS/Source/tasks.o
 .bss.xNumOfOverflows
                0x0000000020000a28        0x4 ./Middlewares/Third_Party/FreeRTOS/Source/tasks.o
 .bss.uxTaskNumber
                0x0000000020000a2c        0x4 ./Middlewares/Third_Party/FreeRTOS/Source/tasks.o
 .bss.xNextTaskUnblockTime
                0x0000000020000a30        0x4 ./Middlewares/Third_Party/FreeRTOS/Source/tasks.o
 .bss.xIdleTaskHandle
                0x0000000020000a34        0x4 ./Middlewares/Third_Party/FreeRTOS/Source/tasks.o
 .bss.uxSchedulerSuspended
                0x0000000020000a38        0x4 ./Middlewares/Third_Party/FreeRTOS/Source/tasks.o
 .bss.xActiveTimerList1
                0x0000000020000a3c       0x14 ./Middlewares/Third_Party/FreeRTOS/Source/timers.o
 .bss.xActiveTimerList2
                0x0000000020000a50       0x14 ./Middlewares/Third_Party/FreeRTOS/Source/timers.o
 .bss.pxCurrentTimerList
                0x0000000020000a64        0x4 ./Middlewares/Third_Party/FreeRTOS/Source/timers.o
 .bss.pxOverflowTimerList
                0x0000000020000a68        0x4 ./Middlewares/Third_Party/FreeRTOS/Source/timers.o
 .bss.xTimerQueue
                0x0000000020000a6c        0x4 ./Middlewares/Third_Party/FreeRTOS/Source/timers.o
 .bss.xTimerTaskHandle
                0x0000000020000a70        0x4 ./Middlewares/Third_Party/FreeRTOS/Source/timers.o
 .bss.xLastTime.2
                0x0000000020000a74        0x4 ./Middlewares/Third_Party/FreeRTOS/Source/timers.o
 .bss.ucStaticTimerQueueStorage.1
                0x0000000020000a78       0x78 ./Middlewares/Third_Party/FreeRTOS/Source/timers.o
 .bss.xStaticTimerQueue.0
                0x0000000020000af0       0x48 ./Middlewares/Third_Party/FreeRTOS/Source/timers.o
 .bss.ucMaxSysCallPriority
                0x0000000020000b38        0x1 ./Middlewares/Third_Party/FreeRTOS/Source/portable/GCC/ARM_CM4F/port.o
 *fill*         0x0000000020000b39        0x3 
 .bss.ulMaxPRIGROUPValue
                0x0000000020000b3c        0x4 ./Middlewares/Third_Party/FreeRTOS/Source/portable/GCC/ARM_CM4F/port.o
 .bss.ucHeap    0x0000000020000b40     0x3c00 ./Middlewares/Third_Party/FreeRTOS/Source/portable/MemMang/heap_4.o
 .bss.xStart    0x0000000020004740        0x8 ./Middlewares/Third_Party/FreeRTOS/Source/portable/MemMang/heap_4.o
 .bss.pxEnd     0x0000000020004748        0x4 ./Middlewares/Third_Party/FreeRTOS/Source/portable/MemMang/heap_4.o
 .bss.xFreeBytesRemaining
                0x000000002000474c        0x4 ./Middlewares/Third_Party/FreeRTOS/Source/portable/MemMang/heap_4.o
 .bss.xMinimumEverFreeBytesRemaining
                0x0000000020004750        0x4 ./Middlewares/Third_Party/FreeRTOS/Source/portable/MemMang/heap_4.o
 .bss.xNumberOfSuccessfulAllocations
                0x0000000020004754        0x4 ./Middlewares/Third_Party/FreeRTOS/Source/portable/MemMang/heap_4.o
 .bss.xNumberOfSuccessfulFrees
                0x0000000020004758        0x4 ./Middlewares/Third_Party/FreeRTOS/Source/portable/MemMang/heap_4.o
 .bss.xBlockAllocatedBit
                0x000000002000475c        0x4 ./Middlewares/Third_Party/FreeRTOS/Source/portable/MemMang/heap_4.o
 .bss.__lock___malloc_recursive_mutex
                0x0000000020004760        0x1 /opt/st/stm32cubeide_1.12.0/plugins/com.st.stm32cube.ide.mcu.externaltools.gnu-tools-for-stm32.10.3-2021.10.linux64_1.0.200.202301161003/tools/bin/../lib/gcc/arm-none-eabi/10.3.1/../../../../arm-none-eabi/lib/thumb/v7e-m+fp/hard/libc_nano.a(lib_a-lock.o)
                0x0000000020004760                __lock___malloc_recursive_mutex
 *fill*         0x0000000020004761        0x3 
 .bss.__malloc_free_list
                0x0000000020004764        0x4 /opt/st/stm32cubeide_1.12.0/plugins/com.st.stm32cube.ide.mcu.externaltools.gnu-tools-for-stm32.10.3-2021.10.linux64_1.0.200.202301161003/tools/bin/../lib/gcc/arm-none-eabi/10.3.1/../../../../arm-none-eabi/lib/thumb/v7e-m+fp/hard/libc_nano.a(lib_a-nano-mallocr.o)
                0x0000000020004764                __malloc_free_list
 .bss.__malloc_sbrk_start
                0x0000000020004768        0x4 /opt/st/stm32cubeide_1.12.0/plugins/com.st.stm32cube.ide.mcu.externaltools.gnu-tools-for-stm32.10.3-2021.10.linux64_1.0.200.202301161003/tools/bin/../lib/gcc/arm-none-eabi/10.3.1/../../../../arm-none-eabi/lib/thumb/v7e-m+fp/hard/libc_nano.a(lib_a-nano-mallocr.o)
                0x0000000020004768                __malloc_sbrk_start
 .bss.errno     0x000000002000476c        0x4 /opt/st/stm32cubeide_1.12.0/plugins/com.st.stm32cube.ide.mcu.externaltools.gnu-tools-for-stm32.10.3-2021.10.linux64_1.0.200.202301161003/tools/bin/../lib/gcc/arm-none-eabi/10.3.1/../../../../arm-none-eabi/lib/thumb/v7e-m+fp/hard/libc_nano.a(lib_a-reent.o)
                0x000000002000476c                errno
 *(COMMON)
                0x0000000020004770                . = ALIGN (0x4)
                0x0000000020004770                _ebss = .
                0x0000000020004770                __bss_end__ = _ebss

._user_heap_stack
                0x0000000020004770      0x600
                0x0000000020004770                . = ALIGN (0x8)
                [!provide]                        PROVIDE (end = .)
                0x0000000020004770                PROVIDE (_end = .)
                0x0000000020004970                . = (. + _Min_Heap_Size)
 *fill*         0x0000000020004770      0x200 
                0x0000000020004d70                . = (. + _Min_Stack_Size)
 *fill*         0x0000000020004970      0x400 
                0x0000000020004d70                . = ALIGN (0x8)

/DISCARD/
 libc.a(*)
 libm.a(*)
 libgcc.a(*)

.ARM.attributes
                0x0000000000000000       0x30
 *(.ARM.attributes)
 .ARM.attributes
                0x0000000000000000       0x1e /opt/st/stm32cubeide_1.12.0/plugins/com.st.stm32cube.ide.mcu.externaltools.gnu-tools-for-stm32.10.3-2021.10.linux64_1.0.200.202301161003/tools/bin/../lib/gcc/arm-none-eabi/10.3.1/thumb/v7e-m+fp/hard/crti.o
 .ARM.attributes
                0x000000000000001e       0x34 /opt/st/stm32cubeide_1.12.0/plugins/com.st.stm32cube.ide.mcu.externaltools.gnu-tools-for-stm32.10.3-2021.10.linux64_1.0.200.202301161003/tools/bin/../lib/gcc/arm-none-eabi/10.3.1/thumb/v7e-m+fp/hard/crtbegin.o
 .ARM.attributes
                0x0000000000000052       0x34 ./Core/Src/UART_LIN.o
 .ARM.attributes
                0x0000000000000086       0x34 ./Core/Src/can.o
 .ARM.attributes
                0x00000000000000ba       0x34 ./Core/Src/circularbuffer.o
 .ARM.attributes
                0x00000000000000ee       0x34 ./Core/Src/freertos.o
 .ARM.attributes
                0x0000000000000122       0x34 ./Core/Src/main.o
 .ARM.attributes
                0x0000000000000156       0x34 ./Core/Src/rtc.o
 .ARM.attributes
                0x000000000000018a       0x34 ./Core/Src/stm32f4xx_hal_msp.o
 .ARM.attributes
                0x00000000000001be       0x34 ./Core/Src/stm32f4xx_hal_timebase_tim.o
 .ARM.attributes
                0x00000000000001f2       0x34 ./Core/Src/stm32f4xx_it.o
 .ARM.attributes
                0x0000000000000226       0x34 ./Core/Src/sysmem.o
 .ARM.attributes
                0x000000000000025a       0x34 ./Core/Src/system_stm32f4xx.o
 .ARM.attributes
                0x000000000000028e       0x34 ./Core/Src/usart2.o
 .ARM.attributes
                0x00000000000002c2       0x21 ./Core/Startup/startup_stm32f407vgtx.o
 .ARM.attributes
                0x00000000000002e3       0x34 ./Drivers/STM32F4xx_HAL_Driver/Src/stm32f4xx_hal.o
 .ARM.attributes
                0x0000000000000317       0x34 ./Drivers/STM32F4xx_HAL_Driver/Src/stm32f4xx_hal_cortex.o
 .ARM.attributes
                0x000000000000034b       0x34 ./Drivers/STM32F4xx_HAL_Driver/Src/stm32f4xx_hal_rcc.o
 .ARM.attributes
                0x000000000000037f       0x34 ./Drivers/STM32F4xx_HAL_Driver/Src/stm32f4xx_hal_tim.o
 .ARM.attributes
                0x00000000000003b3       0x34 ./Drivers/STM32F4xx_HAL_Driver/Src/stm32f4xx_hal_tim_ex.o
 .ARM.attributes
                0x00000000000003e7       0x34 ./Middlewares/Third_Party/FreeRTOS/Source/CMSIS_RTOS/cmsis_os.o
 .ARM.attributes
                0x000000000000041b       0x34 ./Middlewares/Third_Party/FreeRTOS/Source/list.o
 .ARM.attributes
                0x000000000000044f       0x34 ./Middlewares/Third_Party/FreeRTOS/Source/queue.o
 .ARM.attributes
                0x0000000000000483       0x34 ./Middlewares/Third_Party/FreeRTOS/Source/tasks.o
 .ARM.attributes
                0x00000000000004b7       0x34 ./Middlewares/Third_Party/FreeRTOS/Source/timers.o
 .ARM.attributes
                0x00000000000004eb       0x34 ./Middlewares/Third_Party/FreeRTOS/Source/portable/GCC/ARM_CM4F/port.o
 .ARM.attributes
                0x000000000000051f       0x34 ./Middlewares/Third_Party/FreeRTOS/Source/portable/MemMang/heap_4.o
 .ARM.attributes
                0x0000000000000553       0x34 /opt/st/stm32cubeide_1.12.0/plugins/com.st.stm32cube.ide.mcu.externaltools.gnu-tools-for-stm32.10.3-2021.10.linux64_1.0.200.202301161003/tools/bin/../lib/gcc/arm-none-eabi/10.3.1/../../../../arm-none-eabi/lib/thumb/v7e-m+fp/hard/libc_nano.a(lib_a-errno.o)
 .ARM.attributes
                0x0000000000000587       0x34 /opt/st/stm32cubeide_1.12.0/plugins/com.st.stm32cube.ide.mcu.externaltools.gnu-tools-for-stm32.10.3-2021.10.linux64_1.0.200.202301161003/tools/bin/../lib/gcc/arm-none-eabi/10.3.1/../../../../arm-none-eabi/lib/thumb/v7e-m+fp/hard/libc_nano.a(lib_a-findfp.o)
 .ARM.attributes
                0x00000000000005bb       0x34 /opt/st/stm32cubeide_1.12.0/plugins/com.st.stm32cube.ide.mcu.externaltools.gnu-tools-for-stm32.10.3-2021.10.linux64_1.0.200.202301161003/tools/bin/../lib/gcc/arm-none-eabi/10.3.1/../../../../arm-none-eabi/lib/thumb/v7e-m+fp/hard/libc_nano.a(lib_a-impure.o)
 .ARM.attributes
                0x00000000000005ef       0x34 /opt/st/stm32cubeide_1.12.0/plugins/com.st.stm32cube.ide.mcu.externaltools.gnu-tools-for-stm32.10.3-2021.10.linux64_1.0.200.202301161003/tools/bin/../lib/gcc/arm-none-eabi/10.3.1/../../../../arm-none-eabi/lib/thumb/v7e-m+fp/hard/libc_nano.a(lib_a-init.o)
 .ARM.attributes
                0x0000000000000623       0x34 /opt/st/stm32cubeide_1.12.0/plugins/com.st.stm32cube.ide.mcu.externaltools.gnu-tools-for-stm32.10.3-2021.10.linux64_1.0.200.202301161003/tools/bin/../lib/gcc/arm-none-eabi/10.3.1/../../../../arm-none-eabi/lib/thumb/v7e-m+fp/hard/libc_nano.a(lib_a-lock.o)
 .ARM.attributes
                0x0000000000000657       0x34 /opt/st/stm32cubeide_1.12.0/plugins/com.st.stm32cube.ide.mcu.externaltools.gnu-tools-for-stm32.10.3-2021.10.linux64_1.0.200.202301161003/tools/bin/../lib/gcc/arm-none-eabi/10.3.1/../../../../arm-none-eabi/lib/thumb/v7e-m+fp/hard/libc_nano.a(lib_a-malloc.o)
 .ARM.attributes
                0x000000000000068b       0x34 /opt/st/stm32cubeide_1.12.0/plugins/com.st.stm32cube.ide.mcu.externaltools.gnu-tools-for-stm32.10.3-2021.10.linux64_1.0.200.202301161003/tools/bin/../lib/gcc/arm-none-eabi/10.3.1/../../../../arm-none-eabi/lib/thumb/v7e-m+fp/hard/libc_nano.a(lib_a-memcpy-stub.o)
 .ARM.attributes
                0x00000000000006bf       0x34 /opt/st/stm32cubeide_1.12.0/plugins/com.st.stm32cube.ide.mcu.externaltools.gnu-tools-for-stm32.10.3-2021.10.linux64_1.0.200.202301161003/tools/bin/../lib/gcc/arm-none-eabi/10.3.1/../../../../arm-none-eabi/lib/thumb/v7e-m+fp/hard/libc_nano.a(lib_a-memset.o)
 .ARM.attributes
                0x00000000000006f3       0x34 /opt/st/stm32cubeide_1.12.0/plugins/com.st.stm32cube.ide.mcu.externaltools.gnu-tools-for-stm32.10.3-2021.10.linux64_1.0.200.202301161003/tools/bin/../lib/gcc/arm-none-eabi/10.3.1/../../../../arm-none-eabi/lib/thumb/v7e-m+fp/hard/libc_nano.a(lib_a-nano-freer.o)
 .ARM.attributes
                0x0000000000000727       0x34 /opt/st/stm32cubeide_1.12.0/plugins/com.st.stm32cube.ide.mcu.externaltools.gnu-tools-for-stm32.10.3-2021.10.linux64_1.0.200.202301161003/tools/bin/../lib/gcc/arm-none-eabi/10.3.1/../../../../arm-none-eabi/lib/thumb/v7e-m+fp/hard/libc_nano.a(lib_a-nano-mallocr.o)
 .ARM.attributes
                0x000000000000075b       0x34 /opt/st/stm32cubeide_1.12.0/plugins/com.st.stm32cube.ide.mcu.externaltools.gnu-tools-for-stm32.10.3-2021.10.linux64_1.0.200.202301161003/tools/bin/../lib/gcc/arm-none-eabi/10.3.1/../../../../arm-none-eabi/lib/thumb/v7e-m+fp/hard/libc_nano.a(lib_a-reent.o)
 .ARM.attributes
                0x000000000000078f       0x34 /opt/st/stm32cubeide_1.12.0/plugins/com.st.stm32cube.ide.mcu.externaltools.gnu-tools-for-stm32.10.3-2021.10.linux64_1.0.200.202301161003/tools/bin/../lib/gcc/arm-none-eabi/10.3.1/../../../../arm-none-eabi/lib/thumb/v7e-m+fp/hard/libc_nano.a(lib_a-sbrkr.o)
 .ARM.attributes
                0x00000000000007c3       0x34 /opt/st/stm32cubeide_1.12.0/plugins/com.st.stm32cube.ide.mcu.externaltools.gnu-tools-for-stm32.10.3-2021.10.linux64_1.0.200.202301161003/tools/bin/../lib/gcc/arm-none-eabi/10.3.1/../../../../arm-none-eabi/lib/thumb/v7e-m+fp/hard/libc_nano.a(lib_a-mlock.o)
 .ARM.attributes
                0x00000000000007f7       0x1e /opt/st/stm32cubeide_1.12.0/plugins/com.st.stm32cube.ide.mcu.externaltools.gnu-tools-for-stm32.10.3-2021.10.linux64_1.0.200.202301161003/tools/bin/../lib/gcc/arm-none-eabi/10.3.1/thumb/v7e-m+fp/hard/libgcc.a(_aeabi_uldivmod.o)
 .ARM.attributes
                0x0000000000000815       0x34 /opt/st/stm32cubeide_1.12.0/plugins/com.st.stm32cube.ide.mcu.externaltools.gnu-tools-for-stm32.10.3-2021.10.linux64_1.0.200.202301161003/tools/bin/../lib/gcc/arm-none-eabi/10.3.1/thumb/v7e-m+fp/hard/libgcc.a(_udivmoddi4.o)
 .ARM.attributes
                0x0000000000000849       0x1e /opt/st/stm32cubeide_1.12.0/plugins/com.st.stm32cube.ide.mcu.externaltools.gnu-tools-for-stm32.10.3-2021.10.linux64_1.0.200.202301161003/tools/bin/../lib/gcc/arm-none-eabi/10.3.1/thumb/v7e-m+fp/hard/libgcc.a(_dvmd_tls.o)
 .ARM.attributes
                0x0000000000000867       0x1e /opt/st/stm32cubeide_1.12.0/plugins/com.st.stm32cube.ide.mcu.externaltools.gnu-tools-for-stm32.10.3-2021.10.linux64_1.0.200.202301161003/tools/bin/../lib/gcc/arm-none-eabi/10.3.1/thumb/v7e-m+fp/hard/crtn.o
OUTPUT(FreeRTOS.elf elf32-littlearm)
LOAD linker stubs
LOAD /opt/st/stm32cubeide_1.12.0/plugins/com.st.stm32cube.ide.mcu.externaltools.gnu-tools-for-stm32.10.3-2021.10.linux64_1.0.200.202301161003/tools/bin/../lib/gcc/arm-none-eabi/10.3.1/../../../../arm-none-eabi/lib/thumb/v7e-m+fp/hard/libc.a
LOAD /opt/st/stm32cubeide_1.12.0/plugins/com.st.stm32cube.ide.mcu.externaltools.gnu-tools-for-stm32.10.3-2021.10.linux64_1.0.200.202301161003/tools/bin/../lib/gcc/arm-none-eabi/10.3.1/../../../../arm-none-eabi/lib/thumb/v7e-m+fp/hard/libm.a
LOAD /opt/st/stm32cubeide_1.12.0/plugins/com.st.stm32cube.ide.mcu.externaltools.gnu-tools-for-stm32.10.3-2021.10.linux64_1.0.200.202301161003/tools/bin/../lib/gcc/arm-none-eabi/10.3.1/thumb/v7e-m+fp/hard/libgcc.a

.debug_info     0x0000000000000000    0x179dc
 .debug_info    0x0000000000000000      0xe76 ./Core/Src/UART_LIN.o
 .debug_info    0x0000000000000e76      0xeed ./Core/Src/can.o
 .debug_info    0x0000000000001d63      0x399 ./Core/Src/circularbuffer.o
 .debug_info    0x00000000000020fc      0xa2a ./Core/Src/freertos.o
 .debug_info    0x0000000000002b26     0x2376 ./Core/Src/main.o
 .debug_info    0x0000000000004e9c     0x10a1 ./Core/Src/rtc.o
 .debug_info    0x0000000000005f3d      0x4fd ./Core/Src/stm32f4xx_hal_msp.o
 .debug_info    0x000000000000643a      0xc4b ./Core/Src/stm32f4xx_hal_timebase_tim.o
 .debug_info    0x0000000000007085      0x6ff ./Core/Src/stm32f4xx_it.o
 .debug_info    0x0000000000007784      0x171 ./Core/Src/sysmem.o
 .debug_info    0x00000000000078f5      0x523 ./Core/Src/system_stm32f4xx.o
 .debug_info    0x0000000000007e18      0xce6 ./Core/Src/usart2.o
 .debug_info    0x0000000000008afe       0x22 ./Core/Startup/startup_stm32f407vgtx.o
 .debug_info    0x0000000000008b20      0x97c ./Drivers/STM32F4xx_HAL_Driver/Src/stm32f4xx_hal.o
 .debug_info    0x000000000000949c      0xe1b ./Drivers/STM32F4xx_HAL_Driver/Src/stm32f4xx_hal_cortex.o
 .debug_info    0x000000000000a2b7      0x966 ./Drivers/STM32F4xx_HAL_Driver/Src/stm32f4xx_hal_rcc.o
 .debug_info    0x000000000000ac1d     0x2bbe ./Drivers/STM32F4xx_HAL_Driver/Src/stm32f4xx_hal_tim.o
 .debug_info    0x000000000000d7db     0x15e0 ./Drivers/STM32F4xx_HAL_Driver/Src/stm32f4xx_hal_tim_ex.o
 .debug_info    0x000000000000edbb     0x2467 ./Middlewares/Third_Party/FreeRTOS/Source/CMSIS_RTOS/cmsis_os.o
 .debug_info    0x0000000000011222      0x2d1 ./Middlewares/Third_Party/FreeRTOS/Source/list.o
 .debug_info    0x00000000000114f3     0x1a6e ./Middlewares/Third_Party/FreeRTOS/Source/queue.o
 .debug_info    0x0000000000012f61     0x2652 ./Middlewares/Third_Party/FreeRTOS/Source/tasks.o
 .debug_info    0x00000000000155b3     0x1a17 ./Middlewares/Third_Party/FreeRTOS/Source/timers.o
 .debug_info    0x0000000000016fca      0x507 ./Middlewares/Third_Party/FreeRTOS/Source/portable/GCC/ARM_CM4F/port.o
 .debug_info    0x00000000000174d1      0x50b ./Middlewares/Third_Party/FreeRTOS/Source/portable/MemMang/heap_4.o

.debug_abbrev   0x0000000000000000     0x3903
 .debug_abbrev  0x0000000000000000      0x324 ./Core/Src/UART_LIN.o
 .debug_abbrev  0x0000000000000324      0x2a0 ./Core/Src/can.o
 .debug_abbrev  0x00000000000005c4      0x138 ./Core/Src/circularbuffer.o
 .debug_abbrev  0x00000000000006fc      0x183 ./Core/Src/freertos.o
 .debug_abbrev  0x000000000000087f      0x39f ./Core/Src/main.o
 .debug_abbrev  0x0000000000000c1e      0x306 ./Core/Src/rtc.o
 .debug_abbrev  0x0000000000000f24      0x115 ./Core/Src/stm32f4xx_hal_msp.o
 .debug_abbrev  0x0000000000001039      0x1e6 ./Core/Src/stm32f4xx_hal_timebase_tim.o
 .debug_abbrev  0x000000000000121f      0x171 ./Core/Src/stm32f4xx_it.o
 .debug_abbrev  0x0000000000001390       0xbb ./Core/Src/sysmem.o
 .debug_abbrev  0x000000000000144b      0x116 ./Core/Src/system_stm32f4xx.o
 .debug_abbrev  0x0000000000001561      0x2e0 ./Core/Src/usart2.o
 .debug_abbrev  0x0000000000001841       0x12 ./Core/Startup/startup_stm32f407vgtx.o
 .debug_abbrev  0x0000000000001853      0x20d ./Drivers/STM32F4xx_HAL_Driver/Src/stm32f4xx_hal.o
 .debug_abbrev  0x0000000000001a60      0x316 ./Drivers/STM32F4xx_HAL_Driver/Src/stm32f4xx_hal_cortex.o
 .debug_abbrev  0x0000000000001d76      0x2aa ./Drivers/STM32F4xx_HAL_Driver/Src/stm32f4xx_hal_rcc.o
 .debug_abbrev  0x0000000000002020      0x25d ./Drivers/STM32F4xx_HAL_Driver/Src/stm32f4xx_hal_tim.o
 .debug_abbrev  0x000000000000227d      0x265 ./Drivers/STM32F4xx_HAL_Driver/Src/stm32f4xx_hal_tim_ex.o
 .debug_abbrev  0x00000000000024e2      0x406 ./Middlewares/Third_Party/FreeRTOS/Source/CMSIS_RTOS/cmsis_os.o
 .debug_abbrev  0x00000000000028e8       0xf2 ./Middlewares/Third_Party/FreeRTOS/Source/list.o
 .debug_abbrev  0x00000000000029da      0x3a1 ./Middlewares/Third_Party/FreeRTOS/Source/queue.o
 .debug_abbrev  0x0000000000002d7b      0x3d9 ./Middlewares/Third_Party/FreeRTOS/Source/tasks.o
 .debug_abbrev  0x0000000000003154      0x344 ./Middlewares/Third_Party/FreeRTOS/Source/timers.o
 .debug_abbrev  0x0000000000003498      0x259 ./Middlewares/Third_Party/FreeRTOS/Source/portable/GCC/ARM_CM4F/port.o
 .debug_abbrev  0x00000000000036f1      0x212 ./Middlewares/Third_Party/FreeRTOS/Source/portable/MemMang/heap_4.o

.debug_aranges  0x0000000000000000     0x12a8
 .debug_aranges
                0x0000000000000000       0x98 ./Core/Src/UART_LIN.o
 .debug_aranges
                0x0000000000000098       0x78 ./Core/Src/can.o
 .debug_aranges
                0x0000000000000110       0x48 ./Core/Src/circularbuffer.o
 .debug_aranges
                0x0000000000000158       0x28 ./Core/Src/freertos.o
 .debug_aranges
                0x0000000000000180       0x88 ./Core/Src/main.o
 .debug_aranges
                0x0000000000000208       0xa0 ./Core/Src/rtc.o
 .debug_aranges
                0x00000000000002a8       0x20 ./Core/Src/stm32f4xx_hal_msp.o
 .debug_aranges
                0x00000000000002c8       0x30 ./Core/Src/stm32f4xx_hal_timebase_tim.o
 .debug_aranges
                0x00000000000002f8       0x50 ./Core/Src/stm32f4xx_it.o
 .debug_aranges
                0x0000000000000348       0x20 ./Core/Src/sysmem.o
 .debug_aranges
                0x0000000000000368       0x28 ./Core/Src/system_stm32f4xx.o
 .debug_aranges
                0x0000000000000390       0x88 ./Core/Src/usart2.o
 .debug_aranges
                0x0000000000000418       0x28 ./Core/Startup/startup_stm32f407vgtx.o
 .debug_aranges
                0x0000000000000440       0xf0 ./Drivers/STM32F4xx_HAL_Driver/Src/stm32f4xx_hal.o
 .debug_aranges
                0x0000000000000530      0x118 ./Drivers/STM32F4xx_HAL_Driver/Src/stm32f4xx_hal_cortex.o
 .debug_aranges
                0x0000000000000648       0x88 ./Drivers/STM32F4xx_HAL_Driver/Src/stm32f4xx_hal_rcc.o
 .debug_aranges
                0x00000000000006d0      0x3d0 ./Drivers/STM32F4xx_HAL_Driver/Src/stm32f4xx_hal_tim.o
 .debug_aranges
                0x0000000000000aa0      0x168 ./Drivers/STM32F4xx_HAL_Driver/Src/stm32f4xx_hal_tim_ex.o
 .debug_aranges
                0x0000000000000c08      0x1d8 ./Middlewares/Third_Party/FreeRTOS/Source/CMSIS_RTOS/cmsis_os.o
 .debug_aranges
                0x0000000000000de0       0x40 ./Middlewares/Third_Party/FreeRTOS/Source/list.o
 .debug_aranges
                0x0000000000000e20      0x120 ./Middlewares/Third_Party/FreeRTOS/Source/queue.o
 .debug_aranges
                0x0000000000000f40      0x1c0 ./Middlewares/Third_Party/FreeRTOS/Source/tasks.o
 .debug_aranges
                0x0000000000001100       0xd0 ./Middlewares/Third_Party/FreeRTOS/Source/timers.o
 .debug_aranges
                0x00000000000011d0       0x80 ./Middlewares/Third_Party/FreeRTOS/Source/portable/GCC/ARM_CM4F/port.o
 .debug_aranges
                0x0000000000001250       0x58 ./Middlewares/Third_Party/FreeRTOS/Source/portable/MemMang/heap_4.o

.debug_ranges   0x0000000000000000     0x1138
 .debug_ranges  0x0000000000000000       0x88 ./Core/Src/UART_LIN.o
 .debug_ranges  0x0000000000000088       0x68 ./Core/Src/can.o
 .debug_ranges  0x00000000000000f0       0x38 ./Core/Src/circularbuffer.o
 .debug_ranges  0x0000000000000128       0x18 ./Core/Src/freertos.o
 .debug_ranges  0x0000000000000140       0x78 ./Core/Src/main.o
 .debug_ranges  0x00000000000001b8       0xa8 ./Core/Src/rtc.o
 .debug_ranges  0x0000000000000260       0x10 ./Core/Src/stm32f4xx_hal_msp.o
 .debug_ranges  0x0000000000000270       0x20 ./Core/Src/stm32f4xx_hal_timebase_tim.o
 .debug_ranges  0x0000000000000290       0x40 ./Core/Src/stm32f4xx_it.o
 .debug_ranges  0x00000000000002d0       0x10 ./Core/Src/sysmem.o
 .debug_ranges  0x00000000000002e0       0x18 ./Core/Src/system_stm32f4xx.o
 .debug_ranges  0x00000000000002f8       0x78 ./Core/Src/usart2.o
 .debug_ranges  0x0000000000000370       0x20 ./Core/Startup/startup_stm32f407vgtx.o
 .debug_ranges  0x0000000000000390       0xe0 ./Drivers/STM32F4xx_HAL_Driver/Src/stm32f4xx_hal.o
 .debug_ranges  0x0000000000000470      0x108 ./Drivers/STM32F4xx_HAL_Driver/Src/stm32f4xx_hal_cortex.o
 .debug_ranges  0x0000000000000578       0x78 ./Drivers/STM32F4xx_HAL_Driver/Src/stm32f4xx_hal_rcc.o
 .debug_ranges  0x00000000000005f0      0x3c0 ./Drivers/STM32F4xx_HAL_Driver/Src/stm32f4xx_hal_tim.o
 .debug_ranges  0x00000000000009b0      0x158 ./Drivers/STM32F4xx_HAL_Driver/Src/stm32f4xx_hal_tim_ex.o
 .debug_ranges  0x0000000000000b08      0x1c8 ./Middlewares/Third_Party/FreeRTOS/Source/CMSIS_RTOS/cmsis_os.o
 .debug_ranges  0x0000000000000cd0       0x30 ./Middlewares/Third_Party/FreeRTOS/Source/list.o
 .debug_ranges  0x0000000000000d00      0x110 ./Middlewares/Third_Party/FreeRTOS/Source/queue.o
 .debug_ranges  0x0000000000000e10      0x1b0 ./Middlewares/Third_Party/FreeRTOS/Source/tasks.o
 .debug_ranges  0x0000000000000fc0       0xc0 ./Middlewares/Third_Party/FreeRTOS/Source/timers.o
 .debug_ranges  0x0000000000001080       0x70 ./Middlewares/Third_Party/FreeRTOS/Source/portable/GCC/ARM_CM4F/port.o
 .debug_ranges  0x00000000000010f0       0x48 ./Middlewares/Third_Party/FreeRTOS/Source/portable/MemMang/heap_4.o

.debug_macro    0x0000000000000000    0x2480c
 .debug_macro   0x0000000000000000      0x384 ./Core/Src/UART_LIN.o
 .debug_macro   0x0000000000000384      0xa78 ./Core/Src/UART_LIN.o
 .debug_macro   0x0000000000000dfc       0x2e ./Core/Src/UART_LIN.o
 .debug_macro   0x0000000000000e2a       0x2f ./Core/Src/UART_LIN.o
 .debug_macro   0x0000000000000e59       0x22 ./Core/Src/UART_LIN.o
 .debug_macro   0x0000000000000e7b       0x8e ./Core/Src/UART_LIN.o
 .debug_macro   0x0000000000000f09       0x51 ./Core/Src/UART_LIN.o
 .debug_macro   0x0000000000000f5a      0x103 ./Core/Src/UART_LIN.o
 .debug_macro   0x000000000000105d       0x6a ./Core/Src/UART_LIN.o
 .debug_macro   0x00000000000010c7      0x1df ./Core/Src/UART_LIN.o
 .debug_macro   0x00000000000012a6       0x1c ./Core/Src/UART_LIN.o
 .debug_macro   0x00000000000012c2       0x22 ./Core/Src/UART_LIN.o
 .debug_macro   0x00000000000012e4       0xd9 ./Core/Src/UART_LIN.o
 .debug_macro   0x00000000000013bd     0x102d ./Core/Src/UART_LIN.o
 .debug_macro   0x00000000000023ea      0x11f ./Core/Src/UART_LIN.o
 .debug_macro   0x0000000000002509    0x15e82 ./Core/Src/UART_LIN.o
 .debug_macro   0x000000000001838b       0x6d ./Core/Src/UART_LIN.o
 .debug_macro   0x00000000000183f8      0x295 ./Core/Src/UART_LIN.o
 .debug_macro   0x000000000001868d     0x367e ./Core/Src/UART_LIN.o
 .debug_macro   0x000000000001bd0b      0x174 ./Core/Src/UART_LIN.o
 .debug_macro   0x000000000001be7f       0x5c ./Core/Src/UART_LIN.o
 .debug_macro   0x000000000001bedb      0x96b ./Core/Src/UART_LIN.o
 .debug_macro   0x000000000001c846      0x9fe ./Core/Src/UART_LIN.o
 .debug_macro   0x000000000001d244      0x115 ./Core/Src/UART_LIN.o
 .debug_macro   0x000000000001d359      0x13e ./Core/Src/UART_LIN.o
 .debug_macro   0x000000000001d497       0xa5 ./Core/Src/UART_LIN.o
 .debug_macro   0x000000000001d53c      0x174 ./Core/Src/UART_LIN.o
 .debug_macro   0x000000000001d6b0      0x287 ./Core/Src/UART_LIN.o
 .debug_macro   0x000000000001d937       0x5f ./Core/Src/UART_LIN.o
 .debug_macro   0x000000000001d996      0x236 ./Core/Src/UART_LIN.o
 .debug_macro   0x000000000001dbcc      0x12c ./Core/Src/UART_LIN.o
 .debug_macro   0x000000000001dcf8      0x21e ./Core/Src/UART_LIN.o
 .debug_macro   0x000000000001df16       0x2e ./Core/Src/UART_LIN.o
 .debug_macro   0x000000000001df44      0x11a ./Core/Src/UART_LIN.o
 .debug_macro   0x000000000001e05e       0x7e ./Core/Src/UART_LIN.o
 .debug_macro   0x000000000001e0dc       0x89 ./Core/Src/UART_LIN.o
 .debug_macro   0x000000000001e165      0x8e6 ./Core/Src/UART_LIN.o
 .debug_macro   0x000000000001ea4b       0x47 ./Core/Src/UART_LIN.o
 .debug_macro   0x000000000001ea92      0x12d ./Core/Src/UART_LIN.o
 .debug_macro   0x000000000001ebbf       0x52 ./Core/Src/UART_LIN.o
 .debug_macro   0x000000000001ec11       0x1e ./Core/Src/UART_LIN.o
 .debug_macro   0x000000000001ec2f       0x3c ./Core/Src/UART_LIN.o
 .debug_macro   0x000000000001ec6b       0x34 ./Core/Src/UART_LIN.o
 .debug_macro   0x000000000001ec9f       0x16 ./Core/Src/UART_LIN.o
 .debug_macro   0x000000000001ecb5       0x35 ./Core/Src/UART_LIN.o
 .debug_macro   0x000000000001ecea      0x341 ./Core/Src/UART_LIN.o
 .debug_macro   0x000000000001f02b       0x10 ./Core/Src/UART_LIN.o
 .debug_macro   0x000000000001f03b       0x16 ./Core/Src/UART_LIN.o
 .debug_macro   0x000000000001f051       0x43 ./Core/Src/UART_LIN.o