../Drivers/CMSIS/Include/core_cm4.h:1688:22:__NVIC_EnableIRQ	16	static
../Drivers/CMSIS/Include/core_cm4.h:1816:22:__NVIC_SetPriority	16	static
../Core/Src/can.c:14:6:CAN_Counter_Init	4	static
../Core/Src/can.c:22:6:CAN_GPIO_Init	8	static
../Core/Src/can.c:43:6:CAN_config	24	static
../Core/Src/can.c:107:6:Configure_buttonInterrupt	8	static
../Core/Src/can.c:131:9:CAN_sendFrame	32	static
../Core/Src/can.c:157:6:CAN1_RX0_IRQHandler	32	static
../Core/Src/can.c:184:6:CAN_frameToString	64	dynamic
../Core/Src/can.c:195:6:EXTI0_IRQHandler	8	static
../Core/Src/can.c:204:6:EXTI0_buttonpressCallback	8	static
../Core/Src/can.c:211:6:CAN_receiveCallback	24	static
