../Drivers/CMSIS/Include/core_cm4.h:1676:26:__NVIC_GetPriorityGrouping	4	static
../Drivers/CMSIS/Include/core_cm4.h:1688:22:__NVIC_EnableIRQ	16	static
../Drivers/CMSIS/Include/core_cm4.h:1816:22:__NVIC_SetPriority	16	static
../Drivers/CMSIS/Include/core_cm4.h:1863:26:NVIC_EncodePriority	40	static
../Core/Src/rtc.c:37:6:RTC_Init	24	static
../Core/Src/rtc.c:112:6:RTC_Calendar_Init	16	static
../Core/Src/rtc.c:137:9:RTC_Calendar_Init_Prompt	32	static
../Core/Src/rtc.c:155:6:RTC_Print_Timestamp	56	static
../Core/Src/rtc.c:183:9:c_to_bcd	24	static
../Core/Src/rtc.c:210:9:bcd_to_int	24	static
../Core/Src/rtc.c:224:6:USART2_Init	16	static
../Core/Src/rtc.c:276:5:__io_putchar	16	static
../Core/Src/rtc.c:310:9:USART2_transmit_IRQ	16	static
../Core/Src/rtc.c:341:5:__io_getchar	4	static
../Core/Src/rtc.c:357:9:USART2_Receive_line	32	static
../Core/Src/rtc.c:416:6:USART2_WaitUser	16	static
../Core/Src/rtc.c:444:6:USART2_NewLine	8	static
