../Drivers/CMSIS/Include/core_cm4.h:1688:22:__NVIC_EnableIRQ	16	static
../Drivers/CMSIS/Include/core_cm4.h:1724:22:__NVIC_DisableIRQ	16	static,ignoring_inline_asm
../Core/Src/UART_LIN.c:20:6:UART_Init	16	static,ignoring_inline_asm
../Core/Src/UART_LIN.c:57:13:GPIO_Init	4	static
../Core/Src/UART_LIN.c:83:6:SendMessage	16	static
../Core/Src/UART_LIN.c:97:6:SendRequest	24	static
../Core/Src/UART_LIN.c:107:13:SendHeader	16	static
../Core/Src/UART_LIN.c:112:13:SendResponse	24	static
../Core/Src/UART_LIN.c:123:8:ResponseToRequest	24	static
../Core/Src/UART_LIN.c:138:6:sync_break	8	static
../Core/Src/UART_LIN.c:152:5:slave_response	8	static
../Core/Src/UART_LIN.c:193:6:UART_PutChar	16	static
../Core/Src/UART_LIN.c:202:9:checksum	24	static
../Core/Src/UART_LIN.c:215:6:Send_RTC	40	static
../Core/Src/UART_LIN.c:241:6:Send_LIN_To_CAN	40	static
../Core/Src/UART_LIN.c:255:6:USART3_IRQHandler	8	static
