../Drivers/CMSIS/Include/core_cm4.h:1688:22:__NVIC_EnableIRQ	16	static
../Drivers/CMSIS/Include/core_cm4.h:1724:22:__NVIC_DisableIRQ	16	static,ignoring_inline_asm
../Core/Src/UART_LIN.c:18:6:UART_Init	16	static,ignoring_inline_asm
../Core/Src/UART_LIN.c:55:13:GPIO_Init	4	static
../Core/Src/UART_LIN.c:81:6:SendMessage	16	static
../Core/Src/UART_LIN.c:95:6:SendRequest	24	static
../Core/Src/UART_LIN.c:105:13:SendHeader	16	static
../Core/Src/UART_LIN.c:110:13:SendResponse	24	static
../Core/Src/UART_LIN.c:121:8:ResponseToRequest	24	static
../Core/Src/UART_LIN.c:136:6:sync_break	8	static
../Core/Src/UART_LIN.c:149:5:slave_response	8	static
../Core/Src/UART_LIN.c:173:6:UART_PutChar	16	static
../Core/Src/UART_LIN.c:182:9:checksum	24	static
../Core/Src/UART_LIN.c:195:6:Send_RTC	40	static
../Core/Src/UART_LIN.c:222:6:USART3_IRQHandler	8	static
