../Drivers/CMSIS/Include/core_cm4.h:1676:26:__NVIC_GetPriorityGrouping	4	static
../Drivers/CMSIS/Include/core_cm4.h:1688:22:__NVIC_EnableIRQ	16	static
../Drivers/CMSIS/Include/core_cm4.h:1816:22:__NVIC_SetPriority	16	static
../Drivers/CMSIS/Include/core_cm4.h:1863:26:NVIC_EncodePriority	40	static
../Core/Src/usart2.c:18:6:init_usart	8	static
../Core/Src/usart2.c:59:6:init_usart_int	8	static
../Core/Src/usart2.c:100:6:serial_putc	16	static
../Core/Src/usart2.c:108:6:serial_puts	24	static
../Core/Src/usart2.c:117:6:newLine	8	static
../Core/Src/usart2.c:124:12:string2int	32	static
../Core/Src/usart2.c:159:8:int2string	40	static
../Core/Src/usart2.c:192:8:float2string	48	static
../Core/Src/usart2.c:234:6:USART2_IRQHandler	16	static
../Core/Src/usart2.c:252:6:handleTrameReceived	24	static
