../Drivers/CMSIS/Include/core_cm4.h:1688:22:__NVIC_EnableIRQ	16	static
../Drivers/CMSIS/Include/core_cm4.h:1816:22:__NVIC_SetPriority	16	static
../Core/Src/can.c:13:6:CAN_Counter_Init	4	static
../Core/Src/can.c:21:6:CAN_GPIO_Init	8	static
../Core/Src/can.c:42:6:CAN_config	24	static
../Core/Src/can.c:106:6:Configure_buttonInterrupt	8	static
../Core/Src/can.c:130:9:CAN_sendFrame	32	static
../Core/Src/can.c:156:6:CAN_frameToString	64	dynamic
../Core/Src/can.c:167:6:EXTI0_IRQHandler	8	static
../Core/Src/can.c:176:6:EXTI0_buttonpressCallback	8	static
../Core/Src/can.c:185:11:CAN_frameFetch	40	static
../Core/Src/can.c:238:9:readLEDState	16	static
