../Core/Src/main.c:84:6:CAN1_RX0_IRQHandler	8	static
../Core/Src/main.c:97:6:USART3_IRQHandler	8	static
../Core/Src/main.c:110:5:main	232	static
../Core/Src/main.c:239:6:SystemClock_Config	88	static
../Core/Src/main.c:285:13:MX_GPIO_Init	16	static
../Core/Src/main.c:309:6:StartDefaultTask	16	static
../Core/Src/main.c:329:6:can_reception	56	static
../Core/Src/main.c:352:6:can_send	24	static
../Core/Src/main.c:373:6:can_process	48	static
../Core/Src/main.c:421:6:lin_process	48	static
../Core/Src/main.c:452:6:lin_send	24	static
../Core/Src/main.c:466:6:ask_comodo	16	static
../Core/Src/main.c:481:6:HAL_TIM_PeriodElapsedCallback	16	static
../Core/Src/main.c:498:6:Error_Handler	4	static,ignoring_inline_asm
