15:47:36 **** Incremental Build of configuration Debug for project CAN ****
make -j8 all 
arm-none-eabi-gcc "../Core/Src/UART_LIN.c" -mcpu=cortex-m4 -std=gnu11 -g3 -DDEBUG -DUSE_HAL_DRIVER -DSTM32F407xx -c -I../Core/Inc -I../Drivers/STM32F4xx_HAL_Driver/Inc -I../Drivers/STM32F4xx_HAL_Driver/Inc/Legacy -I../Drivers/CMSIS/Device/ST/STM32F4xx/Include -I../Drivers/CMSIS/Include -O0 -ffunction-sections -fdata-sections -Wall -fstack-usage -fcyclomatic-complexity -MMD -MP -MF"Core/Src/UART_LIN.d" -MT"Core/Src/UART_LIN.o" --specs=nano.specs -mfpu=fpv4-sp-d16 -mfloat-abi=hard -mthumb -o "Core/Src/UART_LIN.o"
arm-none-eabi-gcc -o "CAN.elf" @"objects.list"   -mcpu=cortex-m4 -T"/home/hender/STM32CubeIDE/workspace_1.12.0/CAN/STM32F407VGTX_FLASH.ld" --specs=nosys.specs -Wl,-Map="CAN.map" -Wl,--gc-sections -static --specs=nano.specs -mfpu=fpv4-sp-d16 -mfloat-abi=hard -mthumb -Wl,--start-group -lc -lm -Wl,--end-group
Finished building target: CAN.elf
 
arm-none-eabi-size   CAN.elf 
arm-none-eabi-objdump -h -S  CAN.elf  > "CAN.list"
   text	   data	    bss	    dec	    hex	filename
  11280	    124	   1628	  13032	   32e8	CAN.elf
Finished building: default.size.stdout
 
Finished building: CAN.list
 

15:47:37 Build Finished. 0 errors, 0 warnings. (took 876ms)

