01:19:07 **** Incremental Build of configuration Debug for project CAN ****
make -j8 all 
arm-none-eabi-gcc "../Core/Src/UART_LIN.c" -mcpu=cortex-m4 -std=gnu11 -g3 -DDEBUG -DUSE_HAL_DRIVER -DSTM32F407xx -c -I../Core/Inc -I../Drivers/STM32F4xx_HAL_Driver/Inc -I../Drivers/STM32F4xx_HAL_Driver/Inc/Legacy -I../Drivers/CMSIS/Device/ST/STM32F4xx/Include -I../Drivers/CMSIS/Include -O0 -ffunction-sections -fdata-sections -Wall -fstack-usage -fcyclomatic-complexity -MMD -MP -MF"Core/Src/UART_LIN.d" -MT"Core/Src/UART_LIN.o" --specs=nano.specs -mfpu=fpv4-sp-d16 -mfloat-abi=hard -mthumb -o "Core/Src/UART_LIN.o"
arm-none-eabi-gcc "../Core/Src/main.c" -mcpu=cortex-m4 -std=gnu11 -g3 -DDEBUG -DUSE_HAL_DRIVER -DSTM32F407xx -c -I../Core/Inc -I../Drivers/STM32F4xx_HAL_Driver/Inc -I../Drivers/STM32F4xx_HAL_Driver/Inc/Legacy -I../Drivers/CMSIS/Device/ST/STM32F4xx/Include -I../Drivers/CMSIS/Include -O0 -ffunction-sections -fdata-sections -Wall -fstack-usage -fcyclomatic-complexity -MMD -MP -MF"Core/Src/main.d" -MT"Core/Src/main.o" --specs=nano.specs -mfpu=fpv4-sp-d16 -mfloat-abi=hard -mthumb -o "Core/Src/main.o"
arm-none-eabi-gcc "../Core/Src/rtc.c" -mcpu=cortex-m4 -std=gnu11 -g3 -DDEBUG -DUSE_HAL_DRIVER -DSTM32F407xx -c -I../Core/Inc -I../Drivers/STM32F4xx_HAL_Driver/Inc -I../Drivers/STM32F4xx_HAL_Driver/Inc/Legacy -I../Drivers/CMSIS/Device/ST/STM32F4xx/Include -I../Drivers/CMSIS/Include -O0 -ffunction-sections -fdata-sections -Wall -fstack-usage -fcyclomatic-complexity -MMD -MP -MF"Core/Src/rtc.d" -MT"Core/Src/rtc.o" --specs=nano.specs -mfpu=fpv4-sp-d16 -mfloat-abi=hard -mthumb -o "Core/Src/rtc.o"
arm-none-eabi-gcc "../Core/Src/stm32f4xx_hal_msp.c" -mcpu=cortex-m4 -std=gnu11 -g3 -DDEBUG -DUSE_HAL_DRIVER -DSTM32F407xx -c -I../Core/Inc -I../Drivers/STM32F4xx_HAL_Driver/Inc -I../Drivers/STM32F4xx_HAL_Driver/Inc/Legacy -I../Drivers/CMSIS/Device/ST/STM32F4xx/Include -I../Drivers/CMSIS/Include -O0 -ffunction-sections -fdata-sections -Wall -fstack-usage -fcyclomatic-complexity -MMD -MP -MF"Core/Src/stm32f4xx_hal_msp.d" -MT"Core/Src/stm32f4xx_hal_msp.o" --specs=nano.specs -mfpu=fpv4-sp-d16 -mfloat-abi=hard -mthumb -o "Core/Src/stm32f4xx_hal_msp.o"
arm-none-eabi-gcc "../Core/Src/stm32f4xx_it.c" -mcpu=cortex-m4 -std=gnu11 -g3 -DDEBUG -DUSE_HAL_DRIVER -DSTM32F407xx -c -I../Core/Inc -I../Drivers/STM32F4xx_HAL_Driver/Inc -I../Drivers/STM32F4xx_HAL_Driver/Inc/Legacy -I../Drivers/CMSIS/Device/ST/STM32F4xx/Include -I../Drivers/CMSIS/Include -O0 -ffunction-sections -fdata-sections -Wall -fstack-usage -fcyclomatic-complexity -MMD -MP -MF"Core/Src/stm32f4xx_it.d" -MT"Core/Src/stm32f4xx_it.o" --specs=nano.specs -mfpu=fpv4-sp-d16 -mfloat-abi=hard -mthumb -o "Core/Src/stm32f4xx_it.o"
../Core/Src/main.c: In function 'main':
../Core/Src/main.c:67:12: warning: variable 'frame' set but not used [-Wunused-but-set-variable]
   67 |  CAN_frame frame;
      |            ^~~~~
In file included from ../Core/Inc/main.h:35,
                 from ../Core/Src/main.c:20:
../Core/Src/main.c: At top level:
../Core/Inc/UART_LIN.h:40:13: warning: 'SendHeader' declared 'static' but never defined [-Wunused-function]
   40 | static void SendHeader(uint8_t ID);
      |             ^~~~~~~~~~
../Core/Inc/UART_LIN.h:41:13: warning: 'SendResponse' declared 'static' but never defined [-Wunused-function]
   41 | static void SendResponse();
      |             ^~~~~~~~~~~~
../Core/Inc/UART_LIN.h:47:13: warning: 'GPIO_Init' declared 'static' but never defined [-Wunused-function]
   47 | static void GPIO_Init(void);
      |             ^~~~~~~~~
../Core/Src/main.c:50:13: warning: 'MX_GPIO_Init' declared 'static' but never defined [-Wunused-function]
   50 | static void MX_GPIO_Init(void);
      |             ^~~~~~~~~~~~
../Core/Src/UART_LIN.c: In function 'slave_response':
../Core/Src/UART_LIN.c:169:1: warning: control reaches end of non-void function [-Wreturn-type]
  169 | }
      | ^
In file included from ../Core/Inc/main.h:35,
                 from ../Core/Src/stm32f4xx_hal_msp.c:22:
../Core/Inc/UART_LIN.h:40:13: warning: 'SendHeader' declared 'static' but never defined [-Wunused-function]
   40 | static void SendHeader(uint8_t ID);
      |             ^~~~~~~~~~
../Core/Inc/UART_LIN.h:41:13: warning: 'SendResponse' declared 'static' but never defined [-Wunused-function]
   41 | static void SendResponse();
      |             ^~~~~~~~~~~~
../Core/Inc/UART_LIN.h:47:13: warning: 'GPIO_Init' declared 'static' but never defined [-Wunused-function]
   47 | static void GPIO_Init(void);
      |             ^~~~~~~~~
In file included from ../Core/Inc/main.h:35,
                 from ../Core/Src/stm32f4xx_it.c:21:
../Core/Inc/UART_LIN.h:40:13: warning: 'SendHeader' declared 'static' but never defined [-Wunused-function]
   40 | static void SendHeader(uint8_t ID);
      |             ^~~~~~~~~~
../Core/Inc/UART_LIN.h:41:13: warning: 'SendResponse' declared 'static' but never defined [-Wunused-function]
   41 | static void SendResponse();
      |             ^~~~~~~~~~~~
../Core/Inc/UART_LIN.h:47:13: warning: 'GPIO_Init' declared 'static' but never defined [-Wunused-function]
   47 | static void GPIO_Init(void);
      |             ^~~~~~~~~
arm-none-eabi-gcc -o "CAN.elf" @"objects.list"   -mcpu=cortex-m4 -T"/home/hender/STM32CubeIDE/workspace_1.12.0/CAN/STM32F407VGTX_FLASH.ld" --specs=nosys.specs -Wl,-Map="CAN.map" -Wl,--gc-sections -static --specs=nano.specs -mfpu=fpv4-sp-d16 -mfloat-abi=hard -mthumb -Wl,--start-group -lc -lm -Wl,--end-group
Finished building target: CAN.elf
 
arm-none-eabi-size   CAN.elf 
arm-none-eabi-objdump -h -S  CAN.elf  > "CAN.list"
   text	   data	    bss	    dec	    hex	filename
  13452	    128	   1624	  15204	   3b64	CAN.elf
Finished building: default.size.stdout
 
Finished building: CAN.list
 
01:19:18 **** Incremental Build of configuration Debug for project CAN ****
make -j8 all 
arm-none-eabi-size   CAN.elf 
   text	   data	    bss	    dec	    hex	filename
  13452	    128	   1624	  15204	   3b64	CAN.elf
Finished building: default.size.stdout
 
01:19:52 **** Incremental Build of configuration Debug for project CAN ****
make -j8 all 
arm-none-eabi-size   CAN.elf 
   text	   data	    bss	    dec	    hex	filename
  13452	    128	   1624	  15204	   3b64	CAN.elf
Finished building: default.size.stdout
 
01:20:57 **** Incremental Build of configuration Debug for project CAN ****
make -j8 all 
arm-none-eabi-size   CAN.elf 
   text	   data	    bss	    dec	    hex	filename
  13452	    128	   1624	  15204	   3b64	CAN.elf
Finished building: default.size.stdout
 
01:24:45 **** Incremental Build of configuration Debug for project CAN ****
make -j8 all 
arm-none-eabi-size   CAN.elf 
   text	   data	    bss	    dec	    hex	filename
  13452	    128	   1624	  15204	   3b64	CAN.elf
Finished building: default.size.stdout
 
